Resolving dependencies...
Downloading packages...
  characters 1.4.0 (1.4.1 available)
  flutter_displaymode 0.6.0 (0.7.0 available)
  flutter_launcher_icons 0.13.1 (0.14.4 available)
  flutter_lints 3.0.2 (6.0.0 available)
  lints 3.0.0 (6.0.0 available)
  matcher 0.12.17 (0.12.18 available)
  material_color_utilities 0.11.1 (0.13.0 available)
  meta 1.17.0 (1.18.1 available)
  sensors_plus 6.1.2 (7.0.0 available)
  share_plus 10.1.4 (12.0.1 available)
  share_plus_platform_interface 5.0.2 (6.1.0 available)
  test_api 0.7.7 (0.7.9 available)
Got dependencies!
12 packages have newer versions incompatible with dependency constraints.
Try `flutter pub outdated` for more information.
00:00 +0: loading C:/Users/kimro/Documents/Codex/Club Blackout Android Android/test/ally_cat_test.dart
flutter : lib/ui/widgets/game_fab_menu.dart:47:13: Error: Can't 
find ')' to match '('.
At line:1 char:68
+ ... Club Blackout Android Android"; flutter test -r expanded 
*>&1 | Tee-O ...
+                                     ~~~~~~~~~~~~~~~~~~~~~~~~~~~~~
    + CategoryInfo          : NotSpecified: (lib/ui/widgets/...' t 
   o match '('.:String) [], RemoteException
    + FullyQualifiedErrorId : NativeCommandError
 
    setState(() {
            ^
lib/ui/widgets/game_fab_menu.dart:46:18: Error: Can't find '}' to 
match '{'.
  void _toggle() {
                 ^
lib/ui/widgets/game_fab_menu.dart:26:41: Error: Can't find '}' to 
match '{'.
    with SingleTickerProviderStateMixin {
                                        ^
lib/ui/widgets/game_fab_menu.dart:25:7: Error: The non-abstract 
class '_GameFabMenuState' is missing implementations for these 
members:
 - State.build
Try to either
 - provide an implementation,
 - inherit an implementation from a superclass or mixin,
 - mark the class as abstract, or
 - provide a 'noSuchMethod' implementation.
class _GameFabMenuState extends State<GameFabMenu>
      ^^^^^^^^^^^^^^^^^
/C:/src/flutter/packages/flutter/lib/src/widgets/framework.dart:146
1:10: Context: 'State.build' is defined here.
  Widget build(BuildContext context);
         ^^^^^
lib/ui/widgets/game_fab_menu.dart:209:1: Error: Expected ',' 
before this.
class _RumourDialog extends StatefulWidget {
^^^^^
lib/ui/widgets/game_fab_menu.dart:209:1: Error: 'class' can't be 
used as an identifier because it's a keyword.
Try renaming this to be an identifier that isn't a keyword.
class _RumourDialog extends StatefulWidget {
^^^^^
lib/ui/widgets/game_fab_menu.dart:209:7: Error: Expected ',' 
before this.
class _RumourDialog extends StatefulWidget {
      ^^^^^^^^^^^^^
lib/ui/widgets/game_fab_menu.dart:209:21: Error: Expected ',' 
before this.
class _RumourDialog extends StatefulWidget {
                    ^^^^^^^
lib/ui/widgets/game_fab_menu.dart:209:21: Error: 'extends' can't 
be used as an identifier because it's a keyword.
Try renaming this to be an identifier that isn't a keyword.
class _RumourDialog extends StatefulWidget {
                    ^^^^^^^
lib/ui/widgets/game_fab_menu.dart:209:29: Error: Expected ',' 
before this.
class _RumourDialog extends StatefulWidget {
                            ^^^^^^^^^^^^^^
lib/ui/widgets/game_fab_menu.dart:209:44: Error: Expected ',' 
before this.
class _RumourDialog extends StatefulWidget {
                                           ^
lib/ui/widgets/game_fab_menu.dart:210:3: Error: Expected an 
identifier, but got '@'.
Try inserting an identifier before '@'.
  @override
  ^
lib/ui/widgets/game_fab_menu.dart:210:3: Error: Expected '}' 
before this.
  @override
  ^
lib/ui/widgets/game_fab_menu.dart:214:1: Error: Expected ',' 
before this.
class _RumourDialogState extends State<_RumourDialog> {
^^^^^
lib/ui/widgets/game_fab_menu.dart:214:1: Error: 'class' can't be 
used as an identifier because it's a keyword.
Try renaming this to be an identifier that isn't a keyword.
class _RumourDialogState extends State<_RumourDialog> {
^^^^^
lib/ui/widgets/game_fab_menu.dart:214:7: Error: Expected ',' 
before this.
class _RumourDialogState extends State<_RumourDialog> {
      ^^^^^^^^^^^^^^^^^^
lib/ui/widgets/game_fab_menu.dart:214:26: Error: Expected ',' 
before this.
class _RumourDialogState extends State<_RumourDialog> {
                         ^^^^^^^
lib/ui/widgets/game_fab_menu.dart:214:26: Error: 'extends' can't 
be used as an identifier because it's a keyword.
Try renaming this to be an identifier that isn't a keyword.
class _RumourDialogState extends State<_RumourDialog> {
                         ^^^^^^^
lib/ui/widgets/game_fab_menu.dart:214:34: Error: Expected ',' 
before this.
class _RumourDialogState extends State<_RumourDialog> {
                                 ^^^^^
lib/ui/widgets/game_fab_menu.dart:214:53: Error: A comparison 
expression can't be an operand of another comparison expression.
Try putting parentheses around one of the comparisons.
class _RumourDialogState extends State<_RumourDialog> {
                                                    ^
lib/ui/widgets/game_fab_menu.dart:215:10: Error: Expected ',' 
before this.
  String _currentRumour = '';
         ^^^^^^^^^^^^^^
lib/ui/widgets/game_fab_menu.dart:215:29: Error: Expected '}' 
before this.
  String _currentRumour = '';
                            ^
lib/ui/widgets/game_fab_menu.dart:305:1: Error: Expected ',' 
before this.
class _TabooListDialog extends StatefulWidget {
^^^^^
lib/ui/widgets/game_fab_menu.dart:305:1: Error: 'class' can't be 
used as an identifier because it's a keyword.
Try renaming this to be an identifier that isn't a keyword.
class _TabooListDialog extends StatefulWidget {
^^^^^
lib/ui/widgets/game_fab_menu.dart:305:7: Error: Expected ',' 
before this.
class _TabooListDialog extends StatefulWidget {
      ^^^^^^^^^^^^^^^^
lib/ui/widgets/game_fab_menu.dart:305:24: Error: Expected ',' 
before this.
class _TabooListDialog extends StatefulWidget {
                       ^^^^^^^
lib/ui/widgets/game_fab_menu.dart:305:24: Error: 'extends' can't 
be used as an identifier because it's a keyword.
Try renaming this to be an identifier that isn't a keyword.
class _TabooListDialog extends StatefulWidget {
                       ^^^^^^^
lib/ui/widgets/game_fab_menu.dart:305:32: Error: Expected ',' 
before this.
class _TabooListDialog extends StatefulWidget {
                               ^^^^^^^^^^^^^^
lib/ui/widgets/game_fab_menu.dart:305:47: Error: Expected ',' 
before this.
class _TabooListDialog extends StatefulWidget {
                                              ^
lib/ui/widgets/game_fab_menu.dart:306:3: Error: Expected an 
identifier, but got 'final'.
Try inserting an identifier before 'final'.
  final GameEngine gameEngine;
  ^^^^^
lib/ui/widgets/game_fab_menu.dart:306:3: Error: Expected '}' 
before this.
  final GameEngine gameEngine;
  ^^^^^
lib/ui/widgets/game_fab_menu.dart:313:1: Error: Expected ',' 
before this.
class _TabooListDialogState extends State<_TabooListDialog> {
^^^^^
lib/ui/widgets/game_fab_menu.dart:313:1: Error: 'class' can't be 
used as an identifier because it's a keyword.
Try renaming this to be an identifier that isn't a keyword.
class _TabooListDialogState extends State<_TabooListDialog> {
^^^^^
lib/ui/widgets/game_fab_menu.dart:313:7: Error: Expected ',' 
before this.
class _TabooListDialogState extends State<_TabooListDialog> {
      ^^^^^^^^^^^^^^^^^^^^^
lib/ui/widgets/game_fab_menu.dart:313:29: Error: Expected ',' 
before this.
class _TabooListDialogState extends State<_TabooListDialog> {
                            ^^^^^^^
lib/ui/widgets/game_fab_menu.dart:313:29: Error: 'extends' can't 
be used as an identifier because it's a keyword.
Try renaming this to be an identifier that isn't a keyword.
class _TabooListDialogState extends State<_TabooListDialog> {
                            ^^^^^^^
lib/ui/widgets/game_fab_menu.dart:313:37: Error: Expected ',' 
before this.
class _TabooListDialogState extends State<_TabooListDialog> {
                                    ^^^^^
lib/ui/widgets/game_fab_menu.dart:313:59: Error: A comparison 
expression can't be an operand of another comparison expression.
Try putting parentheses around one of the comparisons.
class _TabooListDialogState extends State<_TabooListDialog> {
                                                          ^
lib/ui/widgets/game_fab_menu.dart:314:8: Error: Expected ',' 
before this.
  late Player _lightweight;
       ^^^^^^
lib/ui/widgets/game_fab_menu.dart:314:15: Error: Expected ',' 
before this.
  late Player _lightweight;
              ^^^^^^^^^^^^
lib/ui/widgets/game_fab_menu.dart:314:27: Error: Expected '}' 
before this.
  late Player _lightweight;
                          ^
lib/ui/widgets/game_fab_menu.dart:623:1: Error: Expected ',' 
before this.
class _ClingerDialog extends StatefulWidget {
^^^^^
lib/ui/widgets/game_fab_menu.dart:623:1: Error: 'class' can't be 
used as an identifier because it's a keyword.
Try renaming this to be an identifier that isn't a keyword.
class _ClingerDialog extends StatefulWidget {
^^^^^
lib/ui/widgets/game_fab_menu.dart:623:7: Error: Expected ',' 
before this.
class _ClingerDialog extends StatefulWidget {
      ^^^^^^^^^^^^^^
lib/ui/widgets/game_fab_menu.dart:623:22: Error: Expected ',' 
before this.
class _ClingerDialog extends StatefulWidget {
                     ^^^^^^^
lib/ui/widgets/game_fab_menu.dart:623:22: Error: 'extends' can't 
be used as an identifier because it's a keyword.
Try renaming this to be an identifier that isn't a keyword.
class _ClingerDialog extends StatefulWidget {
                     ^^^^^^^
lib/ui/widgets/game_fab_menu.dart:623:30: Error: Expected ',' 
before this.
class _ClingerDialog extends StatefulWidget {
                             ^^^^^^^^^^^^^^
lib/ui/widgets/game_fab_menu.dart:623:45: Error: Expected ',' 
before this.
class _ClingerDialog extends StatefulWidget {
                                            ^
lib/ui/widgets/game_fab_menu.dart:624:3: Error: Expected an 
identifier, but got 'final'.
Try inserting an identifier before 'final'.
  final GameEngine gameEngine;
  ^^^^^
lib/ui/widgets/game_fab_menu.dart:624:3: Error: Expected '}' 
before this.
  final GameEngine gameEngine;
  ^^^^^
lib/ui/widgets/game_fab_menu.dart:631:1: Error: Expected ',' 
before this.
class _ClingerDialogState extends State<_ClingerDialog> {
^^^^^
lib/ui/widgets/game_fab_menu.dart:631:1: Error: 'class' can't be 
used as an identifier because it's a keyword.
Try renaming this to be an identifier that isn't a keyword.
class _ClingerDialogState extends State<_ClingerDialog> {
^^^^^
lib/ui/widgets/game_fab_menu.dart:631:7: Error: Expected ',' 
before this.
class _ClingerDialogState extends State<_ClingerDialog> {
      ^^^^^^^^^^^^^^^^^^^
lib/ui/widgets/game_fab_menu.dart:631:27: Error: Expected ',' 
before this.
class _ClingerDialogState extends State<_ClingerDialog> {
                          ^^^^^^^
lib/ui/widgets/game_fab_menu.dart:631:27: Error: 'extends' can't 
be used as an identifier because it's a keyword.
Try renaming this to be an identifier that isn't a keyword.
class _ClingerDialogState extends State<_ClingerDialog> {
                          ^^^^^^^
lib/ui/widgets/game_fab_menu.dart:631:35: Error: Expected ',' 
before this.
class _ClingerDialogState extends State<_ClingerDialog> {
                                  ^^^^^
lib/ui/widgets/game_fab_menu.dart:631:55: Error: A comparison 
expression can't be an operand of another comparison expression.
Try putting parentheses around one of the comparisons.
class _ClingerDialogState extends State<_ClingerDialog> {
                                                      ^
lib/ui/widgets/game_fab_menu.dart:633:14: Error: A comparison 
expression can't be an operand of another comparison expression.
Try putting parentheses around one of the comparisons.
  List<Player> get _clingers =>
             ^
lib/ui/widgets/game_fab_menu.dart:633:20: Error: Expected ',' 
before this.
  List<Player> get _clingers =>
                   ^^^^^^^^^
lib/ui/widgets/game_fab_menu.dart:633:30: Error: Expected '}' 
before this.
  List<Player> get _clingers =>
                             ^^
lib/ui/widgets/game_fab_menu.dart:792:1: Error: Expected ';' after 
this.
}
^
lib/ui/widgets/game_fab_menu.dart:209:1: Error: The getter 'class' 
isn't defined for the type '_GameFabMenuState'.
 - '_GameFabMenuState' is from 
'package:club_blackout/ui/widgets/game_fab_menu.dart' 
('lib/ui/widgets/game_fab_menu.dart').
Try correcting the name to the name of an existing getter, or 
defining a getter or field named 'class'.
class _RumourDialog extends StatefulWidget {
^^^^^
lib/ui/widgets/game_fab_menu.dart:209:7: Error: The getter 
'_RumourDialog' isn't defined for the type '_GameFabMenuState'.
 - '_GameFabMenuState' is from 
'package:club_blackout/ui/widgets/game_fab_menu.dart' 
('lib/ui/widgets/game_fab_menu.dart').
Try correcting the name to the name of an existing getter, or 
defining a getter or field named '_RumourDialog'.
class _RumourDialog extends StatefulWidget {
      ^^^^^^^^^^^^^
lib/ui/widgets/game_fab_menu.dart:209:21: Error: The getter 
'extends' isn't defined for the type '_GameFabMenuState'.
 - '_GameFabMenuState' is from 
'package:club_blackout/ui/widgets/game_fab_menu.dart' 
('lib/ui/widgets/game_fab_menu.dart').
Try correcting the name to the name of an existing getter, or 
defining a getter or field named 'extends'.
class _RumourDialog extends StatefulWidget {
                    ^^^^^^^
lib/ui/widgets/game_fab_menu.dart:214:1: Error: The getter 'class' 
isn't defined for the type '_GameFabMenuState'.
 - '_GameFabMenuState' is from 
'package:club_blackout/ui/widgets/game_fab_menu.dart' 
('lib/ui/widgets/game_fab_menu.dart').
Try correcting the name to the name of an existing getter, or 
defining a getter or field named 'class'.
class _RumourDialogState extends State<_RumourDialog> {
^^^^^
lib/ui/widgets/game_fab_menu.dart:214:7: Error: The getter 
'_RumourDialogState' isn't defined for the type 
'_GameFabMenuState'.
 - '_GameFabMenuState' is from 
'package:club_blackout/ui/widgets/game_fab_menu.dart' 
('lib/ui/widgets/game_fab_menu.dart').
Try correcting the name to the name of an existing getter, or 
defining a getter or field named '_RumourDialogState'.
class _RumourDialogState extends State<_RumourDialog> {
      ^^^^^^^^^^^^^^^^^^
lib/ui/widgets/game_fab_menu.dart:214:26: Error: The getter 
'extends' isn't defined for the type '_GameFabMenuState'.
 - '_GameFabMenuState' is from 
'package:club_blackout/ui/widgets/game_fab_menu.dart' 
('lib/ui/widgets/game_fab_menu.dart').
Try correcting the name to the name of an existing getter, or 
defining a getter or field named 'extends'.
class _RumourDialogState extends State<_RumourDialog> {
                         ^^^^^^^
lib/ui/widgets/game_fab_menu.dart:214:40: Error: The getter 
'_RumourDialog' isn't defined for the type '_GameFabMenuState'.
 - '_GameFabMenuState' is from 
'package:club_blackout/ui/widgets/game_fab_menu.dart' 
('lib/ui/widgets/game_fab_menu.dart').
Try correcting the name to the name of an existing getter, or 
defining a getter or field named '_RumourDialog'.
class _RumourDialogState extends State<_RumourDialog> {
                                       ^^^^^^^^^^^^^
lib/ui/widgets/game_fab_menu.dart:214:39: Error: The operator '<' 
isn't defined for the type 'Type'.
 - 'Type' is from 'dart:core'.
Try correcting the operator to an existing operator, or defining a 
'<' operator.
class _RumourDialogState extends State<_RumourDialog> {
                                      ^
lib/ui/widgets/game_fab_menu.dart:215:10: Error: The setter 
'_currentRumour' isn't defined for the type '_GameFabMenuState'.
 - '_GameFabMenuState' is from 
'package:club_blackout/ui/widgets/game_fab_menu.dart' 
('lib/ui/widgets/game_fab_menu.dart').
Try correcting the name to the name of an existing setter, or 
defining a setter or field named '_currentRumour'.
  String _currentRumour = '';
         ^^^^^^^^^^^^^^
lib/ui/widgets/game_fab_menu.dart:305:1: Error: The getter 'class' 
isn't defined for the type '_GameFabMenuState'.
 - '_GameFabMenuState' is from 
'package:club_blackout/ui/widgets/game_fab_menu.dart' 
('lib/ui/widgets/game_fab_menu.dart').
Try correcting the name to the name of an existing getter, or 
defining a getter or field named 'class'.
class _TabooListDialog extends StatefulWidget {
^^^^^
lib/ui/widgets/game_fab_menu.dart:305:7: Error: The getter 
'_TabooListDialog' isn't defined for the type '_GameFabMenuState'.
 - '_GameFabMenuState' is from 
'package:club_blackout/ui/widgets/game_fab_menu.dart' 
('lib/ui/widgets/game_fab_menu.dart').
Try correcting the name to the name of an existing getter, or 
defining a getter or field named '_TabooListDialog'.
class _TabooListDialog extends StatefulWidget {
      ^^^^^^^^^^^^^^^^
lib/ui/widgets/game_fab_menu.dart:305:24: Error: The getter 
'extends' isn't defined for the type '_GameFabMenuState'.
 - '_GameFabMenuState' is from 
'package:club_blackout/ui/widgets/game_fab_menu.dart' 
('lib/ui/widgets/game_fab_menu.dart').
Try correcting the name to the name of an existing getter, or 
defining a getter or field named 'extends'.
class _TabooListDialog extends StatefulWidget {
                       ^^^^^^^
lib/ui/widgets/game_fab_menu.dart:313:1: Error: The getter 'class' 
isn't defined for the type '_GameFabMenuState'.
 - '_GameFabMenuState' is from 
'package:club_blackout/ui/widgets/game_fab_menu.dart' 
('lib/ui/widgets/game_fab_menu.dart').
Try correcting the name to the name of an existing getter, or 
defining a getter or field named 'class'.
class _TabooListDialogState extends State<_TabooListDialog> {
^^^^^
lib/ui/widgets/game_fab_menu.dart:313:7: Error: The getter 
'_TabooListDialogState' isn't defined for the type 
'_GameFabMenuState'.
 - '_GameFabMenuState' is from 
'package:club_blackout/ui/widgets/game_fab_menu.dart' 
('lib/ui/widgets/game_fab_menu.dart').
Try correcting the name to the name of an existing getter, or 
defining a getter or field named '_TabooListDialogState'.
class _TabooListDialogState extends State<_TabooListDialog> {
      ^^^^^^^^^^^^^^^^^^^^^
lib/ui/widgets/game_fab_menu.dart:313:29: Error: The getter 
'extends' isn't defined for the type '_GameFabMenuState'.
 - '_GameFabMenuState' is from 
'package:club_blackout/ui/widgets/game_fab_menu.dart' 
('lib/ui/widgets/game_fab_menu.dart').
Try correcting the name to the name of an existing getter, or 
defining a getter or field named 'extends'.
class _TabooListDialogState extends State<_TabooListDialog> {
                            ^^^^^^^
lib/ui/widgets/game_fab_menu.dart:313:43: Error: The getter 
'_TabooListDialog' isn't defined for the type '_GameFabMenuState'.
 - '_GameFabMenuState' is from 
'package:club_blackout/ui/widgets/game_fab_menu.dart' 
('lib/ui/widgets/game_fab_menu.dart').
Try correcting the name to the name of an existing getter, or 
defining a getter or field named '_TabooListDialog'.
class _TabooListDialogState extends State<_TabooListDialog> {
                                          ^^^^^^^^^^^^^^^^
lib/ui/widgets/game_fab_menu.dart:313:42: Error: The operator '<' 
isn't defined for the type 'Type'.
 - 'Type' is from 'dart:core'.
Try correcting the operator to an existing operator, or defining a 
'<' operator.
class _TabooListDialogState extends State<_TabooListDialog> {
                                         ^
lib/ui/widgets/game_fab_menu.dart:314:3: Error: The getter 'late' 
isn't defined for the type '_GameFabMenuState'.
 - '_GameFabMenuState' is from 
'package:club_blackout/ui/widgets/game_fab_menu.dart' 
('lib/ui/widgets/game_fab_menu.dart').
Try correcting the name to the name of an existing getter, or 
defining a getter or field named 'late'.
  late Player _lightweight;
  ^^^^
lib/ui/widgets/game_fab_menu.dart:314:15: Error: The getter 
'_lightweight' isn't defined for the type '_GameFabMenuState'.
 - '_GameFabMenuState' is from 
'package:club_blackout/ui/widgets/game_fab_menu.dart' 
('lib/ui/widgets/game_fab_menu.dart').
Try correcting the name to the name of an existing getter, or 
defining a getter or field named '_lightweight'.
  late Player _lightweight;
              ^^^^^^^^^^^^
lib/ui/widgets/game_fab_menu.dart:623:1: Error: The getter 'class' 
isn't defined for the type '_GameFabMenuState'.
 - '_GameFabMenuState' is from 
'package:club_blackout/ui/widgets/game_fab_menu.dart' 
('lib/ui/widgets/game_fab_menu.dart').
Try correcting the name to the name of an existing getter, or 
defining a getter or field named 'class'.
class _ClingerDialog extends StatefulWidget {
^^^^^
lib/ui/widgets/game_fab_menu.dart:623:7: Error: The getter 
'_ClingerDialog' isn't defined for the type '_GameFabMenuState'.
 - '_GameFabMenuState' is from 
'package:club_blackout/ui/widgets/game_fab_menu.dart' 
('lib/ui/widgets/game_fab_menu.dart').
Try correcting the name to the name of an existing getter, or 
defining a getter or field named '_ClingerDialog'.
class _ClingerDialog extends StatefulWidget {
      ^^^^^^^^^^^^^^
lib/ui/widgets/game_fab_menu.dart:623:22: Error: The getter 
'extends' isn't defined for the type '_GameFabMenuState'.
 - '_GameFabMenuState' is from 
'package:club_blackout/ui/widgets/game_fab_menu.dart' 
('lib/ui/widgets/game_fab_menu.dart').
Try correcting the name to the name of an existing getter, or 
defining a getter or field named 'extends'.
class _ClingerDialog extends StatefulWidget {
                     ^^^^^^^
lib/ui/widgets/game_fab_menu.dart:631:1: Error: The getter 'class' 
isn't defined for the type '_GameFabMenuState'.
 - '_GameFabMenuState' is from 
'package:club_blackout/ui/widgets/game_fab_menu.dart' 
('lib/ui/widgets/game_fab_menu.dart').
Try correcting the name to the name of an existing getter, or 
defining a getter or field named 'class'.
class _ClingerDialogState extends State<_ClingerDialog> {
^^^^^
lib/ui/widgets/game_fab_menu.dart:631:7: Error: The getter 
'_ClingerDialogState' isn't defined for the type 
'_GameFabMenuState'.
 - '_GameFabMenuState' is from 
'package:club_blackout/ui/widgets/game_fab_menu.dart' 
('lib/ui/widgets/game_fab_menu.dart').
Try correcting the name to the name of an existing getter, or 
defining a getter or field named '_ClingerDialogState'.
class _ClingerDialogState extends State<_ClingerDialog> {
      ^^^^^^^^^^^^^^^^^^^
lib/ui/widgets/game_fab_menu.dart:631:27: Error: The getter 
'extends' isn't defined for the type '_GameFabMenuState'.
 - '_GameFabMenuState' is from 
'package:club_blackout/ui/widgets/game_fab_menu.dart' 
('lib/ui/widgets/game_fab_menu.dart').
Try correcting the name to the name of an existing getter, or 
defining a getter or field named 'extends'.
class _ClingerDialogState extends State<_ClingerDialog> {
                          ^^^^^^^
lib/ui/widgets/game_fab_menu.dart:631:41: Error: The getter 
'_ClingerDialog' isn't defined for the type '_GameFabMenuState'.
 - '_GameFabMenuState' is from 
'package:club_blackout/ui/widgets/game_fab_menu.dart' 
('lib/ui/widgets/game_fab_menu.dart').
Try correcting the name to the name of an existing getter, or 
defining a getter or field named '_ClingerDialog'.
class _ClingerDialogState extends State<_ClingerDialog> {
                                        ^^^^^^^^^^^^^^
lib/ui/widgets/game_fab_menu.dart:631:40: Error: The operator '<' 
isn't defined for the type 'Type'.
 - 'Type' is from 'dart:core'.
Try correcting the operator to an existing operator, or defining a 
'<' operator.
class _ClingerDialogState extends State<_ClingerDialog> {
                                       ^
lib/ui/widgets/game_fab_menu.dart:633:7: Error: The operator '<' 
isn't defined for the type 'Type'.
 - 'Type' is from 'dart:core'.
Try correcting the operator to an existing operator, or defining a 
'<' operator.
  List<Player> get _clingers =>
      ^
lib/ui/widgets/game_fab_menu.dart:633:16: Error: The getter 'get' 
isn't defined for the type '_GameFabMenuState'.
 - '_GameFabMenuState' is from 
'package:club_blackout/ui/widgets/game_fab_menu.dart' 
('lib/ui/widgets/game_fab_menu.dart').
Try correcting the name to the name of an existing getter, or 
defining a getter or field named 'get'.
  List<Player> get _clingers =>
               ^^^
lib/ui/widgets/game_fab_menu.dart:633:20: Error: The getter 
'_clingers' isn't defined for the type '_GameFabMenuState'.
 - '_GameFabMenuState' is from 
'package:club_blackout/ui/widgets/game_fab_menu.dart' 
('lib/ui/widgets/game_fab_menu.dart').
Try correcting the name to the name of an existing getter, or 
defining a getter or field named '_clingers'.
  List<Player> get _clingers =>
00:00 +0 -1: loading C:/Users/kimro/Documents/Codex/Club Blackout Android Android/test/fab_menu_test.dart [E]
  Failed to load "C:/Users/kimro/Documents/Codex/Club Blackout Android Android/test/fab_menu_test.dart":
  Compilation failed for testPath=C:/Users/kimro/Documents/Codex/Club Blackout Android Android/test/fab_menu_test.dart: lib/ui/widgets/game_fab_menu.dart:47:13: Error: Can't find ')' to match '('.
                   ^^^^^^^^^
lib/ui/widgets/game_fab_menu.dart:71:20: Error: The getter 
'_clingers' isn't defined for the type '_GameFabMenuState'.
 - '_GameFabMenuState' is from 
'package:club_blackout/ui/widgets/game_fab_menu.dart' 
('lib/ui/widgets/game_fab_menu.dart').
Try correcting the name to the name of an existing getter, or 
defining a getter or field named '_clingers'.
          content: _clingers.isEmpty
      setState(() {
              ^
  lib/ui/widgets/game_fab_menu.dart:46:18: Error: Can't find '}' to match '{'.
    void _toggle() {
                   ^
                   ^^^^^^^^^
lib/ui/widgets/game_fab_menu.dart:82:30: Error: The getter 
'_clingers' isn't defined for the type '_GameFabMenuState'.
 - '_GameFabMenuState' is from 
'package:club_blackout/ui/widgets/game_fab_menu.dart' 
('lib/ui/widgets/game_fab_menu.dart').
Try correcting the name to the name of an existing getter, or 
defining a getter or field named '_clingers'.
                  itemCount: _clingers.length,
  lib/ui/widgets/game_fab_menu.dart:26:41: Error: Can't find '}' to match '{'.
      with SingleTickerProviderStateMixin {
                                          ^
  lib/ui/widgets/game_fab_menu.dart:25:7: Error: The non-abstract class '_GameFabMenuState' is missing implementations for these members:
   - State.build
                             ^^^^^^^^^
lib/ui/widgets/game_fab_menu.dart:85:37: Error: The getter 
'_clingers' isn't defined for the type '_GameFabMenuState'.
 - '_GameFabMenuState' is from 
'package:club_blackout/ui/widgets/game_fab_menu.dart' 
('lib/ui/widgets/game_fab_menu.dart').
Try correcting the name to the name of an existing getter, or 
defining a getter or field named '_clingers'.
  Try to either
   - provide an implementation,
   - inherit an implementation from a superclass or mixin,
   - mark the class as abstract, or
   - provide a 'noSuchMethod' implementation.
                    final clinger = _clingers[index];
                                    ^^^^^^^^^
lib/ui/widgets/game_fab_menu.dart:196:25: Error: The method 
'_TabooListDialog' isn't defined for the type '_GameFabMenuState'.
 - '_GameFabMenuState' is from 
'package:club_blackout/ui/widgets/game_fab_menu.dart' 
('lib/ui/widgets/game_fab_menu.dart').
Try correcting the name to the name of an existing method, or 
defining a method named '_TabooListDialog'.
      builder: (ctx) => _TabooListDialog(gameEngine: 
widget.gameEngine),
  class _GameFabMenuState extends State<GameFabMenu>
        ^^^^^^^^^^^^^^^^^
  /C:/src/flutter/packages/flutter/lib/src/widgets/framework.dart:1461:10: Context: 'State.build' is defined here.
    Widget build(BuildContext context);
           ^^^^^
  lib/ui/widgets/game_fab_menu.dart:209:1: Error: Expected ',' before this.
                        ^^^^^^^^^^^^^^^^
lib/ui/widgets/game_fab_menu.dart:204:25: Error: The method 
'_ClingerDialog' isn't defined for the type '_GameFabMenuState'.
 - '_GameFabMenuState' is from 
'package:club_blackout/ui/widgets/game_fab_menu.dart' 
('lib/ui/widgets/game_fab_menu.dart').
Try correcting the name to the name of an existing method, or 
defining a method named '_ClingerDialog'.
  class _RumourDialog extends StatefulWidget {
  ^^^^^
  lib/ui/widgets/game_fab_menu.dart:209:1: Error: 'class' can't be used as an identifier because it's a keyword.
  Try renaming this to be an identifier that isn't a keyword.
  class _RumourDialog extends StatefulWidget {
  ^^^^^
  lib/ui/widgets/game_fab_menu.dart:209:7: Error: Expected ',' before this.
      builder: (ctx) => _ClingerDialog(gameEngine: 
widget.gameEngine),
                        ^^^^^^^^^^^^^^
  class _RumourDialog extends StatefulWidget {
        ^^^^^^^^^^^^^
  lib/ui/widgets/game_fab_menu.dart:209:21: Error: Expected ',' before this.
  class _RumourDialog extends StatefulWidget {
                      ^^^^^^^
  lib/ui/widgets/game_fab_menu.dart:209:21: Error: 'extends' can't be used as an identifier because it's a keyword.
  Try renaming this to be an identifier that isn't a keyword.
lib/ui/widgets/game_fab_menu.dart:51:16: Error: Can't return a 
value from a void function.
        return BulletinDialogShell(
               ^
lib/ui/widgets/game_fab_menu.dart:47:13: Error: Too many 
positional arguments: 1 allowed, but 28 found.
Try removing the extra positional arguments.
  class _RumourDialog extends StatefulWidget {
                      ^^^^^^^
  lib/ui/widgets/game_fab_menu.dart:209:29: Error: Expected ',' before this.
  class _RumourDialog extends StatefulWidget {
                              ^^^^^^^^^^^^^^
  lib/ui/widgets/game_fab_menu.dart:209:44: Error: Expected ',' before this.
  class _RumourDialog extends StatefulWidget {
                                             ^
    setState(() {
            ^
  lib/ui/widgets/game_fab_menu.dart:210:3: Error: Expected an identifier, but got '@'.
  Try inserting an identifier before '@'.
    @override
    ^
  lib/ui/widgets/game_fab_menu.dart:210:3: Error: Expected '}' before this.
    @override
    ^
  lib/ui/widgets/game_fab_menu.dart:214:1: Error: Expected ',' before this.
  class _RumourDialogState extends State<_RumourDialog> {
  ^^^^^
  lib/ui/widgets/game_fab_menu.dart:214:1: Error: 'class' can't be used as an identifier because it's a keyword.
  Try renaming this to be an identifier that isn't a keyword.
  class _RumourDialogState extends State<_RumourDialog> {
  ^^^^^
  lib/ui/widgets/game_fab_menu.dart:214:7: Error: Expected ',' before this.
  class _RumourDialogState extends State<_RumourDialog> {
        ^^^^^^^^^^^^^^^^^^
  lib/ui/widgets/game_fab_menu.dart:214:26: Error: Expected ',' before this.
  class _RumourDialogState extends State<_RumourDialog> {
                           ^^^^^^^
  lib/ui/widgets/game_fab_menu.dart:214:26: Error: 'extends' can't be used as an identifier because it's a keyword.
  Try renaming this to be an identifier that isn't a keyword.
  class _RumourDialogState extends State<_RumourDialog> {
                           ^^^^^^^
  lib/ui/widgets/game_fab_menu.dart:214:34: Error: Expected ',' before this.
  class _RumourDialogState extends State<_RumourDialog> {
                                   ^^^^^
  lib/ui/widgets/game_fab_menu.dart:214:53: Error: A comparison expression can't be an operand of another comparison expression.
  Try putting parentheses around one of the comparisons.
  class _RumourDialogState extends State<_RumourDialog> {
                                                      ^
  lib/ui/widgets/game_fab_menu.dart:215:10: Error: Expected ',' before this.
    String _currentRumour = '';
           ^^^^^^^^^^^^^^
  lib/ui/widgets/game_fab_menu.dart:215:29: Error: Expected '}' before this.
    String _currentRumour = '';
                              ^
  lib/ui/widgets/game_fab_menu.dart:305:1: Error: Expected ',' before this.
  class _TabooListDialog extends StatefulWidget {
  ^^^^^
  lib/ui/widgets/game_fab_menu.dart:305:1: Error: 'class' can't be used as an identifier because it's a keyword.
  Try renaming this to be an identifier that isn't a keyword.
  class _TabooListDialog extends StatefulWidget {
  ^^^^^
  lib/ui/widgets/game_fab_menu.dart:305:7: Error: Expected ',' before this.
  class _TabooListDialog extends StatefulWidget {
        ^^^^^^^^^^^^^^^^
  lib/ui/widgets/game_fab_menu.dart:305:24: Error: Expected ',' before this.
  class _TabooListDialog extends StatefulWidget {
                         ^^^^^^^
  lib/ui/widgets/game_fab_menu.dart:305:24: Error: 'extends' can't be used as an identifier because it's a keyword.
  Try renaming this to be an identifier that isn't a keyword.
  class _TabooListDialog extends StatefulWidget {
                         ^^^^^^^
  lib/ui/widgets/game_fab_menu.dart:305:32: Error: Expected ',' before this.
  class _TabooListDialog extends StatefulWidget {
                                 ^^^^^^^^^^^^^^
  lib/ui/widgets/game_fab_menu.dart:305:47: Error: Expected ',' before this.
  class _TabooListDialog extends StatefulWidget {
                                                ^
  lib/ui/widgets/game_fab_menu.dart:306:3: Error: Expected an identifier, but got 'final'.
  Try inserting an identifier before 'final'.
    final GameEngine gameEngine;
    ^^^^^
  lib/ui/widgets/game_fab_menu.dart:306:3: Error: Expected '}' before this.
    final GameEngine gameEngine;
    ^^^^^
  lib/ui/widgets/game_fab_menu.dart:313:1: Error: Expected ',' before this.
  class _TabooListDialogState extends State<_TabooListDialog> {
  ^^^^^
  lib/ui/widgets/game_fab_menu.dart:313:1: Error: 'class' can't be used as an identifier because it's a keyword.
  Try renaming this to be an identifier that isn't a keyword.
  class _TabooListDialogState extends State<_TabooListDialog> {
  ^^^^^
  lib/ui/widgets/game_fab_menu.dart:313:7: Error: Expected ',' before this.
  class _TabooListDialogState extends State<_TabooListDialog> {
        ^^^^^^^^^^^^^^^^^^^^^
  lib/ui/widgets/game_fab_menu.dart:313:29: Error: Expected ',' before this.
  class _TabooListDialogState extends State<_TabooListDialog> {
                              ^^^^^^^
  lib/ui/widgets/game_fab_menu.dart:313:29: Error: 'extends' can't be used as an identifier because it's a keyword.
  Try renaming this to be an identifier that isn't a keyword.
  class _TabooListDialogState extends State<_TabooListDialog> {
                              ^^^^^^^
  lib/ui/widgets/game_fab_menu.dart:313:37: Error: Expected ',' before this.
  class _TabooListDialogState extends State<_TabooListDialog> {
                                      ^^^^^
  lib/ui/widgets/game_fab_menu.dart:313:59: Error: A comparison expression can't be an operand of another comparison expression.
  Try putting parentheses around one of the comparisons.
  class _TabooListDialogState extends State<_TabooListDialog> {
                                                            ^
  lib/ui/widgets/game_fab_menu.dart:314:8: Error: Expected ',' before this.
    late Player _lightweight;
         ^^^^^^
  lib/ui/widgets/game_fab_menu.dart:314:15: Error: Expected ',' before this.
    late Player _lightweight;
                ^^^^^^^^^^^^
  lib/ui/widgets/game_fab_menu.dart:314:27: Error: Expected '}' before this.
    late Player _lightweight;
                            ^
  lib/ui/widgets/game_fab_menu.dart:623:1: Error: Expected ',' before this.
  class _ClingerDialog extends StatefulWidget {
  ^^^^^
  lib/ui/widgets/game_fab_menu.dart:623:1: Error: 'class' can't be used as an identifier because it's a keyword.
  Try renaming this to be an identifier that isn't a keyword.
  class _ClingerDialog extends StatefulWidget {
  ^^^^^
  lib/ui/widgets/game_fab_menu.dart:623:7: Error: Expected ',' before this.
  class _ClingerDialog extends StatefulWidget {
        ^^^^^^^^^^^^^^
  lib/ui/widgets/game_fab_menu.dart:623:22: Error: Expected ',' before this.
  class _ClingerDialog extends StatefulWidget {
                       ^^^^^^^
  lib/ui/widgets/game_fab_menu.dart:623:22: Error: 'extends' can't be used as an identifier because it's a keyword.
  Try renaming this to be an identifier that isn't a keyword.
  class _ClingerDialog extends StatefulWidget {
                       ^^^^^^^
  lib/ui/widgets/game_fab_menu.dart:623:30: Error: Expected ',' before this.
  class _ClingerDialog extends StatefulWidget {
                               ^^^^^^^^^^^^^^
  lib/ui/widgets/game_fab_menu.dart:623:45: Error: Expected ',' before this.
  class _ClingerDialog extends StatefulWidget {
                                              ^
  lib/ui/widgets/game_fab_menu.dart:624:3: Error: Expected an identifier, but got 'final'.
  Try inserting an identifier before 'final'.
    final GameEngine gameEngine;
    ^^^^^
  lib/ui/widgets/game_fab_menu.dart:624:3: Error: Expected '}' before this.
    final GameEngine gameEngine;
    ^^^^^
  lib/ui/widgets/game_fab_menu.dart:631:1: Error: Expected ',' before this.
  class _ClingerDialogState extends State<_ClingerDialog> {
  ^^^^^
  lib/ui/widgets/game_fab_menu.dart:631:1: Error: 'class' can't be used as an identifier because it's a keyword.
  Try renaming this to be an identifier that isn't a keyword.
  class _ClingerDialogState extends State<_ClingerDialog> {
  ^^^^^
  lib/ui/widgets/game_fab_menu.dart:631:7: Error: Expected ',' before this.
  class _ClingerDialogState extends State<_ClingerDialog> {
        ^^^^^^^^^^^^^^^^^^^
  lib/ui/widgets/game_fab_menu.dart:631:27: Error: Expected ',' before this.
  class _ClingerDialogState extends State<_ClingerDialog> {
                            ^^^^^^^
  lib/ui/widgets/game_fab_menu.dart:631:27: Error: 'extends' can't be used as an identifier because it's a keyword.
  Try renaming this to be an identifier that isn't a keyword.
  class _ClingerDialogState extends State<_ClingerDialog> {
                            ^^^^^^^
  lib/ui/widgets/game_fab_menu.dart:631:35: Error: Expected ',' before this.
  class _ClingerDialogState extends State<_ClingerDialog> {
                                    ^^^^^
  lib/ui/widgets/game_fab_menu.dart:631:55: Error: A comparison expression can't be an operand of another comparison expression.
  Try putting parentheses around one of the comparisons.
  class _ClingerDialogState extends State<_ClingerDialog> {
                                                        ^
  lib/ui/widgets/game_fab_menu.dart:633:14: Error: A comparison expression can't be an operand of another comparison expression.
  Try putting parentheses around one of the comparisons.
    List<Player> get _clingers =>
               ^
  lib/ui/widgets/game_fab_menu.dart:633:20: Error: Expected ',' before this.
    List<Player> get _clingers =>
                     ^^^^^^^^^
  lib/ui/widgets/game_fab_menu.dart:633:30: Error: Expected '}' before this.
    List<Player> get _clingers =>
                               ^^
  lib/ui/widgets/game_fab_menu.dart:792:1: Error: Expected ';' after this.
  }
  ^
  lib/ui/widgets/game_fab_menu.dart:209:1: Error: The getter 'class' isn't defined for the type '_GameFabMenuState'.
   - '_GameFabMenuState' is from 'package:club_blackout/ui/widgets/game_fab_menu.dart' ('lib/ui/widgets/game_fab_menu.dart').
  Try correcting the name to the name of an existing getter, or defining a getter or field named 'class'.
  class _RumourDialog extends StatefulWidget {
  ^^^^^
  lib/ui/widgets/game_fab_menu.dart:209:7: Error: The getter '_RumourDialog' isn't defined for the type '_GameFabMenuState'.
   - '_GameFabMenuState' is from 'package:club_blackout/ui/widgets/game_fab_menu.dart' ('lib/ui/widgets/game_fab_menu.dart').
  Try correcting the name to the name of an existing getter, or defining a getter or field named '_RumourDialog'.
  class _RumourDialog extends StatefulWidget {
        ^^^^^^^^^^^^^
  lib/ui/widgets/game_fab_menu.dart:209:21: Error: The getter 'extends' isn't defined for the type '_GameFabMenuState'.
   - '_GameFabMenuState' is from 'package:club_blackout/ui/widgets/game_fab_menu.dart' ('lib/ui/widgets/game_fab_menu.dart').
  Try correcting the name to the name of an existing getter, or defining a getter or field named 'extends'.
  class _RumourDialog extends StatefulWidget {
                      ^^^^^^^
  lib/ui/widgets/game_fab_menu.dart:214:1: Error: The getter 'class' isn't defined for the type '_GameFabMenuState'.
   - '_GameFabMenuState' is from 'package:club_blackout/ui/widgets/game_fab_menu.dart' ('lib/ui/widgets/game_fab_menu.dart').
  Try correcting the name to the name of an existing getter, or defining a getter or field named 'class'.
  class _RumourDialogState extends State<_RumourDialog> {
  ^^^^^
  lib/ui/widgets/game_fab_menu.dart:214:7: Error: The getter '_RumourDialogState' isn't defined for the type '_GameFabMenuState'.
   - '_GameFabMenuState' is from 'package:club_blackout/ui/widgets/game_fab_menu.dart' ('lib/ui/widgets/game_fab_menu.dart').
  Try correcting the name to the name of an existing getter, or defining a getter or field named '_RumourDialogState'.
  class _RumourDialogState extends State<_RumourDialog> {
        ^^^^^^^^^^^^^^^^^^
  lib/ui/widgets/game_fab_menu.dart:214:26: Error: The getter 'extends' isn't defined for the type '_GameFabMenuState'.
   - '_GameFabMenuState' is from 'package:club_blackout/ui/widgets/game_fab_menu.dart' ('lib/ui/widgets/game_fab_menu.dart').
  Try correcting the name to the name of an existing getter, or defining a getter or field named 'extends'.
  class _RumourDialogState extends State<_RumourDialog> {
                           ^^^^^^^
  lib/ui/widgets/game_fab_menu.dart:214:40: Error: The getter '_RumourDialog' isn't defined for the type '_GameFabMenuState'.
   - '_GameFabMenuState' is from 'package:club_blackout/ui/widgets/game_fab_menu.dart' ('lib/ui/widgets/game_fab_menu.dart').
  Try correcting the name to the name of an existing getter, or defining a getter or field named '_RumourDialog'.
  class _RumourDialogState extends State<_RumourDialog> {
                                         ^^^^^^^^^^^^^
  lib/ui/widgets/game_fab_menu.dart:214:39: Error: The operator '<' isn't defined for the type 'Type'.
   - 'Type' is from 'dart:core'.
  Try correcting the operator to an existing operator, or defining a '<' operator.
  class _RumourDialogState extends State<_RumourDialog> {
                                        ^
  lib/ui/widgets/game_fab_menu.dart:215:10: Error: The setter '_currentRumour' isn't defined for the type '_GameFabMenuState'.
   - '_GameFabMenuState' is from 'package:club_blackout/ui/widgets/game_fab_menu.dart' ('lib/ui/widgets/game_fab_menu.dart').
  Try correcting the name to the name of an existing setter, or defining a setter or field named '_currentRumour'.
    String _currentRumour = '';
           ^^^^^^^^^^^^^^
  lib/ui/widgets/game_fab_menu.dart:305:1: Error: The getter 'class' isn't defined for the type '_GameFabMenuState'.
   - '_GameFabMenuState' is from 'package:club_blackout/ui/widgets/game_fab_menu.dart' ('lib/ui/widgets/game_fab_menu.dart').
  Try correcting the name to the name of an existing getter, or defining a getter or field named 'class'.
  class _TabooListDialog extends StatefulWidget {
  ^^^^^
  lib/ui/widgets/game_fab_menu.dart:305:7: Error: The getter '_TabooListDialog' isn't defined for the type '_GameFabMenuState'.
   - '_GameFabMenuState' is from 'package:club_blackout/ui/widgets/game_fab_menu.dart' ('lib/ui/widgets/game_fab_menu.dart').
  Try correcting the name to the name of an existing getter, or defining a getter or field named '_TabooListDialog'.
  class _TabooListDialog extends StatefulWidget {
        ^^^^^^^^^^^^^^^^
  lib/ui/widgets/game_fab_menu.dart:305:24: Error: The getter 'extends' isn't defined for the type '_GameFabMenuState'.
   - '_GameFabMenuState' is from 'package:club_blackout/ui/widgets/game_fab_menu.dart' ('lib/ui/widgets/game_fab_menu.dart').
  Try correcting the name to the name of an existing getter, or defining a getter or field named 'extends'.
  class _TabooListDialog extends StatefulWidget {
                         ^^^^^^^
  lib/ui/widgets/game_fab_menu.dart:313:1: Error: The getter 'class' isn't defined for the type '_GameFabMenuState'.
   - '_GameFabMenuState' is from 'package:club_blackout/ui/widgets/game_fab_menu.dart' ('lib/ui/widgets/game_fab_menu.dart').
  Try correcting the name to the name of an existing getter, or defining a getter or field named 'class'.
  class _TabooListDialogState extends State<_TabooListDialog> {
  ^^^^^
  lib/ui/widgets/game_fab_menu.dart:313:7: Error: The getter '_TabooListDialogState' isn't defined for the type '_GameFabMenuState'.
   - '_GameFabMenuState' is from 'package:club_blackout/ui/widgets/game_fab_menu.dart' ('lib/ui/widgets/game_fab_menu.dart').
  Try correcting the name to the name of an existing getter, or defining a getter or field named '_TabooListDialogState'.
  class _TabooListDialogState extends State<_TabooListDialog> {
        ^^^^^^^^^^^^^^^^^^^^^
  lib/ui/widgets/game_fab_menu.dart:313:29: Error: The getter 'extends' isn't defined for the type '_GameFabMenuState'.
   - '_GameFabMenuState' is from 'package:club_blackout/ui/widgets/game_fab_menu.dart' ('lib/ui/widgets/game_fab_menu.dart').
  Try correcting the name to the name of an existing getter, or defining a getter or field named 'extends'.
  class _TabooListDialogState extends State<_TabooListDialog> {
                              ^^^^^^^
  lib/ui/widgets/game_fab_menu.dart:313:43: Error: The getter '_TabooListDialog' isn't defined for the type '_GameFabMenuState'.
   - '_GameFabMenuState' is from 'package:club_blackout/ui/widgets/game_fab_menu.dart' ('lib/ui/widgets/game_fab_menu.dart').
  Try correcting the name to the name of an existing getter, or defining a getter or field named '_TabooListDialog'.
  class _TabooListDialogState extends State<_TabooListDialog> {
                                            ^^^^^^^^^^^^^^^^
  lib/ui/widgets/game_fab_menu.dart:313:42: Error: The operator '<' isn't defined for the type 'Type'.
   - 'Type' is from 'dart:core'.
  Try correcting the operator to an existing operator, or defining a '<' operator.
  class _TabooListDialogState extends State<_TabooListDialog> {
                                           ^
  lib/ui/widgets/game_fab_menu.dart:314:3: Error: The getter 'late' isn't defined for the type '_GameFabMenuState'.
   - '_GameFabMenuState' is from 'package:club_blackout/ui/widgets/game_fab_menu.dart' ('lib/ui/widgets/game_fab_menu.dart').
  Try correcting the name to the name of an existing getter, or defining a getter or field named 'late'.
    late Player _lightweight;
    ^^^^
  lib/ui/widgets/game_fab_menu.dart:314:15: Error: The getter '_lightweight' isn't defined for the type '_GameFabMenuState'.
   - '_GameFabMenuState' is from 'package:club_blackout/ui/widgets/game_fab_menu.dart' ('lib/ui/widgets/game_fab_menu.dart').
  Try correcting the name to the name of an existing getter, or defining a getter or field named '_lightweight'.
    late Player _lightweight;
                ^^^^^^^^^^^^
  lib/ui/widgets/game_fab_menu.dart:623:1: Error: The getter 'class' isn't defined for the type '_GameFabMenuState'.
   - '_GameFabMenuState' is from 'package:club_blackout/ui/widgets/game_fab_menu.dart' ('lib/ui/widgets/game_fab_menu.dart').
  Try correcting the name to the name of an existing getter, or defining a getter or field named 'class'.
  class _ClingerDialog extends StatefulWidget {
  ^^^^^
  lib/ui/widgets/game_fab_menu.dart:623:7: Error: The getter '_ClingerDialog' isn't defined for the type '_GameFabMenuState'.
   - '_GameFabMenuState' is from 'package:club_blackout/ui/widgets/game_fab_menu.dart' ('lib/ui/widgets/game_fab_menu.dart').
  Try correcting the name to the name of an existing getter, or defining a getter or field named '_ClingerDialog'.
  class _ClingerDialog extends StatefulWidget {
        ^^^^^^^^^^^^^^
  lib/ui/widgets/game_fab_menu.dart:623:22: Error: The getter 'extends' isn't defined for the type '_GameFabMenuState'.
   - '_GameFabMenuState' is from 'package:club_blackout/ui/widgets/game_fab_menu.dart' ('lib/ui/widgets/game_fab_menu.dart').
  Try correcting the name to the name of an existing getter, or defining a getter or field named 'extends'.
  class _ClingerDialog extends StatefulWidget {
                       ^^^^^^^
  lib/ui/widgets/game_fab_menu.dart:631:1: Error: The getter 'class' isn't defined for the type '_GameFabMenuState'.
   - '_GameFabMenuState' is from 'package:club_blackout/ui/widgets/game_fab_menu.dart' ('lib/ui/widgets/game_fab_menu.dart').
  Try correcting the name to the name of an existing getter, or defining a getter or field named 'class'.
  class _ClingerDialogState extends State<_ClingerDialog> {
  ^^^^^
  lib/ui/widgets/game_fab_menu.dart:631:7: Error: The getter '_ClingerDialogState' isn't defined for the type '_GameFabMenuState'.
   - '_GameFabMenuState' is from 'package:club_blackout/ui/widgets/game_fab_menu.dart' ('lib/ui/widgets/game_fab_menu.dart').
  Try correcting the name to the name of an existing getter, or defining a getter or field named '_ClingerDialogState'.
  class _ClingerDialogState extends State<_ClingerDialog> {
        ^^^^^^^^^^^^^^^^^^^
  lib/ui/widgets/game_fab_menu.dart:631:27: Error: The getter 'extends' isn't defined for the type '_GameFabMenuState'.
   - '_GameFabMenuState' is from 'package:club_blackout/ui/widgets/game_fab_menu.dart' ('lib/ui/widgets/game_fab_menu.dart').
  Try correcting the name to the name of an existing getter, or defining a getter or field named 'extends'.
  class _ClingerDialogState extends State<_ClingerDialog> {
                            ^^^^^^^
  lib/ui/widgets/game_fab_menu.dart:631:41: Error: The getter '_ClingerDialog' isn't defined for the type '_GameFabMenuState'.
   - '_GameFabMenuState' is from 'package:club_blackout/ui/widgets/game_fab_menu.dart' ('lib/ui/widgets/game_fab_menu.dart').
  Try correcting the name to the name of an existing getter, or defining a getter or field named '_ClingerDialog'.
  class _ClingerDialogState extends State<_ClingerDialog> {
                                          ^^^^^^^^^^^^^^
  lib/ui/widgets/game_fab_menu.dart:631:40: Error: The operator '<' isn't defined for the type 'Type'.
   - 'Type' is from 'dart:core'.
  Try correcting the operator to an existing operator, or defining a '<' operator.
  class _ClingerDialogState extends State<_ClingerDialog> {
                                         ^
  lib/ui/widgets/game_fab_menu.dart:633:7: Error: The operator '<' isn't defined for the type 'Type'.
   - 'Type' is from 'dart:core'.
  Try correcting the operator to an existing operator, or defining a '<' operator.
    List<Player> get _clingers =>
        ^
  lib/ui/widgets/game_fab_menu.dart:633:16: Error: The getter 'get' isn't defined for the type '_GameFabMenuState'.
   - '_GameFabMenuState' is from 'package:club_blackout/ui/widgets/game_fab_menu.dart' ('lib/ui/widgets/game_fab_menu.dart').
  Try correcting the name to the name of an existing getter, or defining a getter or field named 'get'.
    List<Player> get _clingers =>
                 ^^^
  lib/ui/widgets/game_fab_menu.dart:633:20: Error: The getter '_clingers' isn't defined for the type '_GameFabMenuState'.
   - '_GameFabMenuState' is from 'package:club_blackout/ui/widgets/game_fab_menu.dart' ('lib/ui/widgets/game_fab_menu.dart').
  Try correcting the name to the name of an existing getter, or defining a getter or field named '_clingers'.
    List<Player> get _clingers =>
                     ^^^^^^^^^
  lib/ui/widgets/game_fab_menu.dart:71:20: Error: The getter '_clingers' isn't defined for the type '_GameFabMenuState'.
   - '_GameFabMenuState' is from 'package:club_blackout/ui/widgets/game_fab_menu.dart' ('lib/ui/widgets/game_fab_menu.dart').
  Try correcting the name to the name of an existing getter, or defining a getter or field named '_clingers'.
            content: _clingers.isEmpty
                     ^^^^^^^^^
  lib/ui/widgets/game_fab_menu.dart:82:30: Error: The getter '_clingers' isn't defined for the type '_GameFabMenuState'.
   - '_GameFabMenuState' is from 'package:club_blackout/ui/widgets/game_fab_menu.dart' ('lib/ui/widgets/game_fab_menu.dart').
  Try correcting the name to the name of an existing getter, or defining a getter or field named '_clingers'.
                    itemCount: _clingers.length,
                               ^^^^^^^^^
  lib/ui/widgets/game_fab_menu.dart:85:37: Error: The getter '_clingers' isn't defined for the type '_GameFabMenuState'.
   - '_GameFabMenuState' is from 'package:club_blackout/ui/widgets/game_fab_menu.dart' ('lib/ui/widgets/game_fab_menu.dart').
  Try correcting the name to the name of an existing getter, or defining a getter or field named '_clingers'.
                      final clinger = _clingers[index];
                                      ^^^^^^^^^
  lib/ui/widgets/game_fab_menu.dart:196:25: Error: The method '_TabooListDialog' isn't defined for the type '_GameFabMenuState'.
   - '_GameFabMenuState' is from 'package:club_blackout/ui/widgets/game_fab_menu.dart' ('lib/ui/widgets/game_fab_menu.dart').
  Try correcting the name to the name of an existing method, or defining a method named '_TabooListDialog'.
        builder: (ctx) => _TabooListDialog(gameEngine: widget.gameEngine),
                          ^^^^^^^^^^^^^^^^
  lib/ui/widgets/game_fab_menu.dart:204:25: Error: The method '_ClingerDialog' isn't defined for the type '_GameFabMenuState'.
   - '_GameFabMenuState' is from 'package:club_blackout/ui/widgets/game_fab_menu.dart' ('lib/ui/widgets/game_fab_menu.dart').
  Try correcting the name to the name of an existing method, or defining a method named '_ClingerDialog'.
        builder: (ctx) => _ClingerDialog(gameEngine: widget.gameEngine),
                          ^^^^^^^^^^^^^^
  lib/ui/widgets/game_fab_menu.dart:51:16: Error: Can't return a value from a void function.
          return BulletinDialogShell(
                 ^
  lib/ui/widgets/game_fab_menu.dart:47:13: Error: Too many positional arguments: 1 allowed, but 28 found.
  Try removing the extra positional arguments.
      setState(() {
              ^
  .
00:00 +0 -2: loading C:/Users/kimro/Documents/Codex/Club Blackout Android Android/test/ally_cat_test.dart [E]
  Error: The Dart compiler exited unexpectedly.
  package:flutter_tools/src/base/common.dart 34:3  throwToolExit
  package:flutter_tools/src/compile.dart 911:11    DefaultResidentCompiler._compile.<fn>
  dart:async/zone.dart 1538:47                     _rootRunUnary
  dart:async/zone.dart 1429:19                     _CustomZone.runUnary
  dart:async/future_impl.dart 948:45               Future._propagateToListeners.handleValueCallback
  dart:async/future_impl.dart 977:13               Future._propagateToListeners
  dart:async/future_impl.dart 862:9                Future._propagateToListeners
  dart:async/future_impl.dart 720:5                Future._completeWithValue
  dart:async/future_impl.dart 804:7                Future._asyncCompleteWithValue.<fn>
  dart:async/zone.dart 1525:13                     _rootRun
  dart:async/zone.dart 1422:19                     _CustomZone.run
  dart:async/zone.dart 1321:7                      _CustomZone.runGuarded
  dart:async/zone.dart 1362:23                     _CustomZone.bindCallbackGuarded.<fn>
  dart:async/schedule_microtask.dart 40:35         _microtaskLoop
  dart:async/schedule_microtask.dart 49:5          _startMicrotaskLoop
  dart:isolate-patch/isolate_patch.dart 127:13     _runPendingImmediateCallback
  dart:isolate-patch/isolate_patch.dart 194:5      _RawReceivePort._handleMessage
  
00:00 +0 -2: C:/Users/kimro/Documents/Codex/Club Blackout Android Android/test/ally_cat_test.dart: Ally Cat Mechanics Ally Cat starts with 9 lives
00:00 +1 -2: C:/Users/kimro/Documents/Codex/Club Blackout Android Android/test/ally_cat_test.dart: Ally Cat Mechanics Ally Cat loses a life but survives Night Kill
00:00 +2 -2: C:/Users/kimro/Documents/Codex/Club Blackout Android Android/test/ally_cat_test.dart: Ally Cat Mechanics Ally Cat loses a life but survives Vote
00:00 +3 -2: C:/Users/kimro/Documents/Codex/Club Blackout Android Android/test/ally_cat_test.dart: Ally Cat Mechanics Ally Cat dies after 9 hits
00:01 +4 -2: C:/Users/kimro/Documents/Codex/Club Blackout Android Android/test/full_game_scenarios_v2_test.dart: Scenario 1: Dealer kills Party Animal
DEBUG ClubBlackout: [GameEngine] Adding player: Player 1
INFO ClubBlackout: [GameEngine] Player added: Player 1 as The Ally Cat
DEBUG ClubBlackout: [GameEngine] Adding player: Player 2
INFO ClubBlackout: [GameEngine] Player added: Player 2 as The Bartender
DEBUG ClubBlackout: [GameEngine] Adding player: Player 3
INFO ClubBlackout: [GameEngine] Player added: Player 3 as The Bouncer
DEBUG ClubBlackout: [GameEngine] Adding player: Player 4
INFO ClubBlackout: [GameEngine] Player added: Player 4 as The Clinger
DEBUG ClubBlackout: [GameEngine] Adding player: Player 5
INFO ClubBlackout: [GameEngine] Player added: Player 5 as The Club Manager
DEBUG ClubBlackout: [GameEngine] Adding player: Player 6
INFO ClubBlackout: [GameEngine] Player added: Player 6 as The Creep
DEBUG ClubBlackout: [GameEngine] Adding player: Player 7
INFO ClubBlackout: [GameEngine] Player added: Player 7 as The Dealer
DEBUG ClubBlackout: [GameEngine] Adding player: Player 8
INFO ClubBlackout: [GameEngine] Player added: Player 8 as The Drama Queen
DEBUG ClubBlackout: [GameEngine] Adding player: Player 9
INFO ClubBlackout: [GameEngine] Player added: Player 9 as The Lightweight
DEBUG ClubBlackout: [GameEngine] Adding player: Player 10
INFO ClubBlackout: [GameEngine] Player added: Player 10 as The Medic
DEBUG ClubBlackout: [GameEngine] Adding player: Player 11
INFO ClubBlackout: [GameEngine] Player added: Player 11 as The Messy Bitch
DEBUG ClubBlackout: [GameEngine] Adding player: Player 12
INFO ClubBlackout: [GameEngine] Player added: Player 12 as The Minor
DEBUG ClubBlackout: [GameEngine] Adding player: Player 13
INFO ClubBlackout: [GameEngine] Player added: Player 13 as The Party Animal
DEBUG ClubBlackout: [GameEngine] Adding player: Player 14
INFO ClubBlackout: [GameEngine] Player added: Player 14 as The Predator
DEBUG ClubBlackout: [GameEngine] Adding player: Player 15
INFO ClubBlackout: [GameEngine] Player added: Player 15 as The Roofi
DEBUG ClubBlackout: [GameEngine] Adding player: Player 16
INFO ClubBlackout: [GameEngine] Player added: Player 16 as The Seasoned Drinker
DEBUG ClubBlackout: [GameEngine] Adding player: Player 17
INFO ClubBlackout: [GameEngine] Player added: Player 17 as The Second Wind
DEBUG ClubBlackout: [GameEngine] Adding player: Player 18
INFO ClubBlackout: [GameEngine] Player added: Player 18 as The Silver Fox
DEBUG ClubBlackout: [GameEngine] Adding player: Player 19
INFO ClubBlackout: [GameEngine] Player added: Player 19 as The Sober
DEBUG ClubBlackout: [GameEngine] Adding player: Player 20
INFO ClubBlackout: [GameEngine] Player added: Player 20 as The Tea Spiller
DEBUG ClubBlackout: [GameEngine] Adding player: Player 21
INFO ClubBlackout: [GameEngine] Player added: Player 21 as The Wallflower
DEBUG ClubBlackout: [GameEngine] Adding player: Player 22
INFO ClubBlackout: [GameEngine] Player added: Player 22 as The Whore
00:01 +5 -2: C:/Users/kimro/Documents/Codex/Club Blackout Android Android/test/full_game_scenarios_v2_test.dart: Scenario 3: Clinger dies with Partner
DEBUG ClubBlackout: [GameEngine] Adding player: Player 1
INFO ClubBlackout: [GameEngine] Player added: Player 1 as The Ally Cat
DEBUG ClubBlackout: [GameEngine] Adding player: Player 2
INFO ClubBlackout: [GameEngine] Player added: Player 2 as The Bartender
DEBUG ClubBlackout: [GameEngine] Adding player: Player 3
INFO ClubBlackout: [GameEngine] Player added: Player 3 as The Bouncer
DEBUG ClubBlackout: [GameEngine] Adding player: Player 4
INFO ClubBlackout: [GameEngine] Player added: Player 4 as The Clinger
DEBUG ClubBlackout: [GameEngine] Adding player: Player 5
INFO ClubBlackout: [GameEngine] Player added: Player 5 as The Club Manager
DEBUG ClubBlackout: [GameEngine] Adding player: Player 6
INFO ClubBlackout: [GameEngine] Player added: Player 6 as The Creep
DEBUG ClubBlackout: [GameEngine] Adding player: Player 7
INFO ClubBlackout: [GameEngine] Player added: Player 7 as The Dealer
DEBUG ClubBlackout: [GameEngine] Adding player: Player 8
INFO ClubBlackout: [GameEngine] Player added: Player 8 as The Drama Queen
DEBUG ClubBlackout: [GameEngine] Adding player: Player 9
INFO ClubBlackout: [GameEngine] Player added: Player 9 as The Lightweight
DEBUG ClubBlackout: [GameEngine] Adding player: Player 10
INFO ClubBlackout: [GameEngine] Player added: Player 10 as The Medic
DEBUG ClubBlackout: [GameEngine] Adding player: Player 11
INFO ClubBlackout: [GameEngine] Player added: Player 11 as The Messy Bitch
DEBUG ClubBlackout: [GameEngine] Adding player: Player 12
INFO ClubBlackout: [GameEngine] Player added: Player 12 as The Minor
DEBUG ClubBlackout: [GameEngine] Adding player: Player 13
INFO ClubBlackout: [GameEngine] Player added: Player 13 as The Party Animal
DEBUG ClubBlackout: [GameEngine] Adding player: Player 14
INFO ClubBlackout: [GameEngine] Player added: Player 14 as The Predator
DEBUG ClubBlackout: [GameEngine] Adding player: Player 15
INFO ClubBlackout: [GameEngine] Player added: Player 15 as The Roofi
DEBUG ClubBlackout: [GameEngine] Adding player: Player 16
INFO ClubBlackout: [GameEngine] Player added: Player 16 as The Seasoned Drinker
DEBUG ClubBlackout: [GameEngine] Adding player: Player 17
INFO ClubBlackout: [GameEngine] Player added: Player 17 as The Second Wind
DEBUG ClubBlackout: [GameEngine] Adding player: Player 18
INFO ClubBlackout: [GameEngine] Player added: Player 18 as The Silver Fox
DEBUG ClubBlackout: [GameEngine] Adding player: Player 19
INFO ClubBlackout: [GameEngine] Player added: Player 19 as The Sober
DEBUG ClubBlackout: [GameEngine] Adding player: Player 20
INFO ClubBlackout: [GameEngine] Player added: Player 20 as The Tea Spiller
DEBUG ClubBlackout: [GameEngine] Adding player: Player 21
INFO ClubBlackout: [GameEngine] Player added: Player 21 as The Wallflower
DEBUG ClubBlackout: [GameEngine] Adding player: Player 22
INFO ClubBlackout: [GameEngine] Player added: Player 22 as The Whore
00:01 +6 -2: C:/Users/kimro/Documents/Codex/Club Blackout Android Android/test/full_game_scenarios_v2_test.dart: Scenario 2: Medic Saves
DEBUG ClubBlackout: [GameEngine] Adding player: Player 1
INFO ClubBlackout: [GameEngine] Player added: Player 1 as The Ally Cat
DEBUG ClubBlackout: [GameEngine] Adding player: Player 2
INFO ClubBlackout: [GameEngine] Player added: Player 2 as The Bartender
DEBUG ClubBlackout: [GameEngine] Adding player: Player 3
INFO ClubBlackout: [GameEngine] Player added: Player 3 as The Bouncer
DEBUG ClubBlackout: [GameEngine] Adding player: Player 4
INFO ClubBlackout: [GameEngine] Player added: Player 4 as The Clinger
DEBUG ClubBlackout: [GameEngine] Adding player: Player 5
INFO ClubBlackout: [GameEngine] Player added: Player 5 as The Club Manager
DEBUG ClubBlackout: [GameEngine] Adding player: Player 6
INFO ClubBlackout: [GameEngine] Player added: Player 6 as The Creep
DEBUG ClubBlackout: [GameEngine] Adding player: Player 7
INFO ClubBlackout: [GameEngine] Player added: Player 7 as The Dealer
DEBUG ClubBlackout: [GameEngine] Adding player: Player 8
INFO ClubBlackout: [GameEngine] Player added: Player 8 as The Drama Queen
DEBUG ClubBlackout: [GameEngine] Adding player: Player 9
INFO ClubBlackout: [GameEngine] Player added: Player 9 as The Lightweight
DEBUG ClubBlackout: [GameEngine] Adding player: Player 10
INFO ClubBlackout: [GameEngine] Player added: Player 10 as The Medic
DEBUG ClubBlackout: [GameEngine] Adding player: Player 11
INFO ClubBlackout: [GameEngine] Player added: Player 11 as The Messy Bitch
DEBUG ClubBlackout: [GameEngine] Adding player: Player 12
INFO ClubBlackout: [GameEngine] Player added: Player 12 as The Minor
DEBUG ClubBlackout: [GameEngine] Adding player: Player 13
INFO ClubBlackout: [GameEngine] Player added: Player 13 as The Party Animal
DEBUG ClubBlackout: [GameEngine] Adding player: Player 14
INFO ClubBlackout: [GameEngine] Player added: Player 14 as The Predator
DEBUG ClubBlackout: [GameEngine] Adding player: Player 15
INFO ClubBlackout: [GameEngine] Player added: Player 15 as The Roofi
DEBUG ClubBlackout: [GameEngine] Adding player: Player 16
INFO ClubBlackout: [GameEngine] Player added: Player 16 as The Seasoned Drinker
DEBUG ClubBlackout: [GameEngine] Adding player: Player 17
INFO ClubBlackout: [GameEngine] Player added: Player 17 as The Second Wind
DEBUG ClubBlackout: [GameEngine] Adding player: Player 18
INFO ClubBlackout: [GameEngine] Player added: Player 18 as The Silver Fox
DEBUG ClubBlackout: [GameEngine] Adding player: Player 19
INFO ClubBlackout: [GameEngine] Player added: Player 19 as The Sober
DEBUG ClubBlackout: [GameEngine] Adding player: Player 20
INFO ClubBlackout: [GameEngine] Player added: Player 20 as The Tea Spiller
DEBUG ClubBlackout: [GameEngine] Adding player: Player 21
INFO ClubBlackout: [GameEngine] Player added: Player 21 as The Wallflower
DEBUG ClubBlackout: [GameEngine] Adding player: Player 22
INFO ClubBlackout: [GameEngine] Player added: Player 22 as The Whore
00:02 +7 -2: C:/Users/kimro/Documents/Codex/Club Blackout Android Android/test/full_game_scenarios_v2_test.dart: Scenario 5: Messy Bitch
DEBUG ClubBlackout: [GameEngine] Adding player: Player 1
INFO ClubBlackout: [GameEngine] Player added: Player 1 as The Ally Cat
DEBUG ClubBlackout: [GameEngine] Adding player: Player 2
INFO ClubBlackout: [GameEngine] Player added: Player 2 as The Bartender
DEBUG ClubBlackout: [GameEngine] Adding player: Player 3
INFO ClubBlackout: [GameEngine] Player added: Player 3 as The Bouncer
DEBUG ClubBlackout: [GameEngine] Adding player: Player 4
INFO ClubBlackout: [GameEngine] Player added: Player 4 as The Clinger
DEBUG ClubBlackout: [GameEngine] Adding player: Player 5
INFO ClubBlackout: [GameEngine] Player added: Player 5 as The Club Manager
DEBUG ClubBlackout: [GameEngine] Adding player: Player 6
INFO ClubBlackout: [GameEngine] Player added: Player 6 as The Creep
DEBUG ClubBlackout: [GameEngine] Adding player: Player 7
INFO ClubBlackout: [GameEngine] Player added: Player 7 as The Dealer
DEBUG ClubBlackout: [GameEngine] Adding player: Player 8
INFO ClubBlackout: [GameEngine] Player added: Player 8 as The Drama Queen
DEBUG ClubBlackout: [GameEngine] Adding player: Player 9
INFO ClubBlackout: [GameEngine] Player added: Player 9 as The Lightweight
DEBUG ClubBlackout: [GameEngine] Adding player: Player 10
INFO ClubBlackout: [GameEngine] Player added: Player 10 as The Medic
DEBUG ClubBlackout: [GameEngine] Adding player: Player 11
INFO ClubBlackout: [GameEngine] Player added: Player 11 as The Messy Bitch
DEBUG ClubBlackout: [GameEngine] Adding player: Player 12
INFO ClubBlackout: [GameEngine] Player added: Player 12 as The Minor
DEBUG ClubBlackout: [GameEngine] Adding player: Player 13
INFO ClubBlackout: [GameEngine] Player added: Player 13 as The Party Animal
DEBUG ClubBlackout: [GameEngine] Adding player: Player 14
INFO ClubBlackout: [GameEngine] Player added: Player 14 as The Predator
DEBUG ClubBlackout: [GameEngine] Adding player: Player 15
INFO ClubBlackout: [GameEngine] Player added: Player 15 as The Roofi
DEBUG ClubBlackout: [GameEngine] Adding player: Player 16
INFO ClubBlackout: [GameEngine] Player added: Player 16 as The Seasoned Drinker
DEBUG ClubBlackout: [GameEngine] Adding player: Player 17
INFO ClubBlackout: [GameEngine] Player added: Player 17 as The Second Wind
DEBUG ClubBlackout: [GameEngine] Adding player: Player 18
INFO ClubBlackout: [GameEngine] Player added: Player 18 as The Silver Fox
DEBUG ClubBlackout: [GameEngine] Adding player: Player 19
INFO ClubBlackout: [GameEngine] Player added: Player 19 as The Sober
DEBUG ClubBlackout: [GameEngine] Adding player: Player 20
INFO ClubBlackout: [GameEngine] Player added: Player 20 as The Tea Spiller
DEBUG ClubBlackout: [GameEngine] Adding player: Player 21
INFO ClubBlackout: [GameEngine] Player added: Player 21 as The Wallflower
DEBUG ClubBlackout: [GameEngine] Adding player: Player 22
INFO ClubBlackout: [GameEngine] Player added: Player 22 as The Whore
00:02 +8 -2: C:/Users/kimro/Documents/Codex/Club Blackout Android Android/test/gameplay_scenarios_test.dart: Required Role Composition Tests Game requires at least 1 Dealer
DEBUG ClubBlackout: [GameEngine] Adding player: Alice
INFO ClubBlackout: [GameEngine] Player added: Alice as The Party Animal
DEBUG ClubBlackout: [GameEngine] Adding player: Bob
INFO ClubBlackout: [GameEngine] Player added: Bob as The Medic
DEBUG ClubBlackout: [GameEngine] Adding player: Charlie
INFO ClubBlackout: [GameEngine] Player added: Charlie as The Wallflower
DEBUG ClubBlackout: [GameEngine] Adding player: Dana
INFO ClubBlackout: [GameEngine] Player added: Dana as The Bouncer
00:02 +9 -2: C:/Users/kimro/Documents/Codex/Club Blackout Android Android/test/gameplay_scenarios_test.dart: Required Role Composition Tests Game requires at least 1 Party Animal
DEBUG ClubBlackout: [GameEngine] Adding player: Dealer1
INFO ClubBlackout: [GameEngine] Player added: Dealer1 as The Dealer
DEBUG ClubBlackout: [GameEngine] Adding player: Medic1
INFO ClubBlackout: [GameEngine] Player added: Medic1 as The Medic
DEBUG ClubBlackout: [GameEngine] Adding player: Wallflower1
INFO ClubBlackout: [GameEngine] Player added: Wallflower1 as The Wallflower
DEBUG ClubBlackout: [GameEngine] Adding player: Bouncer1
INFO ClubBlackout: [GameEngine] Player added: Bouncer1 as The Bouncer
00:02 +10 -2: C:/Users/kimro/Documents/Codex/Club Blackout Android Android/test/gameplay_scenarios_test.dart: Required Role Composition Tests Game requires at least 1 Wallflower
DEBUG ClubBlackout: [GameEngine] Adding player: Dealer1
INFO ClubBlackout: [GameEngine] Player added: Dealer1 as The Dealer
DEBUG ClubBlackout: [GameEngine] Adding player: PA1
INFO ClubBlackout: [GameEngine] Player added: PA1 as The Party Animal
DEBUG ClubBlackout: [GameEngine] Adding player: Medic1
INFO ClubBlackout: [GameEngine] Player added: Medic1 as The Medic
DEBUG ClubBlackout: [GameEngine] Adding player: Bouncer1
INFO ClubBlackout: [GameEngine] Player added: Bouncer1 as The Bouncer
00:02 +11 -2: C:/Users/kimro/Documents/Codex/Club Blackout Android Android/test/game_engine_save_load_test.dart: save/load persists in-flight engine state
00:02 +11 -2: C:/Users/kimro/Documents/Codex/Club Blackout Android Android/test/gameplay_scenarios_test.dart: Required Role Composition Tests Game requires at least 1 Medic and/or Bouncer
DEBUG ClubBlackout: [GameEngine] Adding player: Dealer1
INFO ClubBlackout: [GameEngine] Player added: Dealer1 as The Dealer
DEBUG ClubBlackout: [GameEngine] Adding player: PA1
INFO ClubBlackout: [GameEngine] Player added: PA1 as The Party Animal
DEBUG ClubBlackout: [GameEngine] Adding player: WF1
INFO ClubBlackout: [GameEngine] Player added: WF1 as The Wallflower
DEBUG ClubBlackout: [GameEngine] Adding player: CM1
INFO ClubBlackout: [GameEngine] Player added: CM1 as The Club Manager
00:02 +12 -2: C:/Users/kimro/Documents/Codex/Club Blackout Android Android/test/game_engine_save_load_test.dart: save/load persists in-flight engine state
00:02 +12 -2: C:/Users/kimro/Documents/Codex/Club Blackout Android Android/test/gameplay_scenarios_test.dart: Required Role Composition Tests Game requires at least 2 Party Animal-aligned roles
DEBUG ClubBlackout: [GameEngine] Adding player: Dealer1
INFO ClubBlackout: [GameEngine] Player added: Dealer1 as The Dealer
DEBUG ClubBlackout: [GameEngine] Adding player: PA1
INFO ClubBlackout: [GameEngine] Player added: PA1 as The Party Animal
DEBUG ClubBlackout: [GameEngine] Adding player: WF1
INFO ClubBlackout: [GameEngine] Player added: WF1 as The Wallflower
DEBUG ClubBlackout: [GameEngine] Adding player: Medic1
INFO ClubBlackout: [GameEngine] Player added: Medic1 as The Medic
00:02 +13 -2: C:/Users/kimro/Documents/Codex/Club Blackout Android Android/test/game_engine_save_load_test.dart: save/load persists in-flight engine state
00:02 +13 -2: C:/Users/kimro/Documents/Codex/Club Blackout Android Android/test/gameplay_scenarios_test.dart: Required Role Composition Tests Dealers cannot have majority at start
DEBUG ClubBlackout: [GameEngine] Adding player: Dealer1
INFO ClubBlackout: [GameEngine] Player added: Dealer1 as The Dealer
DEBUG ClubBlackout: [GameEngine] Adding player: Dealer2
INFO ClubBlackout: [GameEngine] Player added: Dealer2 as The Dealer
DEBUG ClubBlackout: [GameEngine] Adding player: Dealer3
INFO ClubBlackout: [GameEngine] Player added: Dealer3 as The Dealer
DEBUG ClubBlackout: [GameEngine] Adding player: PA1
INFO ClubBlackout: [GameEngine] Player added: PA1 as The Party Animal
DEBUG ClubBlackout: [GameEngine] Adding player: WF1
INFO ClubBlackout: [GameEngine] Player added: WF1 as The Wallflower
00:02 +14 -2: C:/Users/kimro/Documents/Codex/Club Blackout Android Android/test/game_engine_save_load_test.dart: save/load persists in-flight engine state
00:02 +14 -2: C:/Users/kimro/Documents/Codex/Club Blackout Android Android/test/gameplay_scenarios_test.dart: Required Role Composition Tests Valid minimal game setup
DEBUG ClubBlackout: [GameEngine] Adding player: Dealer1
INFO ClubBlackout: [GameEngine] Player added: Dealer1 as The Dealer
DEBUG ClubBlackout: [GameEngine] Adding player: PA1
INFO ClubBlackout: [GameEngine] Player added: PA1 as The Party Animal
DEBUG ClubBlackout: [GameEngine] Adding player: WF1
INFO ClubBlackout: [GameEngine] Player added: WF1 as The Wallflower
DEBUG ClubBlackout: [GameEngine] Adding player: Medic1
INFO ClubBlackout: [GameEngine] Player added: Medic1 as The Medic
00:02 +15 -2: C:/Users/kimro/Documents/Codex/Club Blackout Android Android/test/game_engine_save_load_test.dart: save/load persists in-flight engine state
00:02 +15 -2: C:/Users/kimro/Documents/Codex/Club Blackout Android Android/test/gameplay_scenarios_test.dart: Win Condition Scenarios Dealers win in a 1v1 showdown vs a Party Animal
DEBUG ClubBlackout: [GameEngine] Adding player: Dealer1
INFO ClubBlackout: [GameEngine] Player added: Dealer1 as The Dealer
DEBUG ClubBlackout: [GameEngine] Adding player: PA1
INFO ClubBlackout: [GameEngine] Player added: PA1 as The Party Animal
00:02 +16 -2: C:/Users/kimro/Documents/Codex/Club Blackout Android Android/test/game_engine_save_load_test.dart: save/load persists in-flight engine state
00:02 +16 -2: C:/Users/kimro/Documents/Codex/Club Blackout Android Android/test/gameplay_scenarios_test.dart: Win Condition Scenarios Converted Second Wind counts as a Dealer for game end
DEBUG ClubBlackout: [GameEngine] Adding player: Dealer1
INFO ClubBlackout: [GameEngine] Player added: Dealer1 as The Dealer
DEBUG ClubBlackout: [GameEngine] Adding player: SW1
INFO ClubBlackout: [GameEngine] Player added: SW1 as The Second Wind
DEBUG ClubBlackout: [GameEngine] Adding player: PA1
INFO ClubBlackout: [GameEngine] Player added: PA1 as The Party Animal
00:02 +17 -2: C:/Users/kimro/Documents/Codex/Club Blackout Android Android/test/game_engine_save_load_test.dart: save/load persists in-flight engine state
00:02 +17 -2: C:/Users/kimro/Documents/Codex/Club Blackout Android Android/test/gameplay_scenarios_test.dart: Win Condition Scenarios Creep mimicking Dealer does not immediately become a Dealer
DEBUG ClubBlackout: [GameEngine] Adding player: Dealer1
INFO ClubBlackout: [GameEngine] Player added: Dealer1 as The Dealer
DEBUG ClubBlackout: [GameEngine] Adding player: Creep1
INFO ClubBlackout: [GameEngine] Player added: Creep1 as The Creep
00:02 +18 -2: C:/Users/kimro/Documents/Codex/Club Blackout Android Android/test/game_engine_save_load_test.dart: save/load persists in-flight engine state
00:02 +18 -2: C:/Users/kimro/Documents/Codex/Club Blackout Android Android/test/gameplay_scenarios_test.dart: Win Condition Scenarios Creep inherits Dealer on death and takes their place
DEBUG ClubBlackout: [GameEngine] Adding player: Dealer1
INFO ClubBlackout: [GameEngine] Player added: Dealer1 as The Dealer
DEBUG ClubBlackout: [GameEngine] Adding player: Creep1
INFO ClubBlackout: [GameEngine] Player added: Creep1 as The Creep
DEBUG ClubBlackout: [GameEngine] Adding player: PA1
INFO ClubBlackout: [GameEngine] Player added: PA1 as The Party Animal
00:02 +19 -2: C:/Users/kimro/Documents/Codex/Club Blackout Android Android/test/game_engine_save_load_test.dart: save/load persists in-flight engine state
00:02 +19 -2: C:/Users/kimro/Documents/Codex/Club Blackout Android Android/test/gameplay_scenarios_test.dart: Win Condition Scenarios Party Animals win when all Dealers are dead
DEBUG ClubBlackout: [GameEngine] Adding player: Dealer1
INFO ClubBlackout: [GameEngine] Player added: Dealer1 as The Dealer
DEBUG ClubBlackout: [GameEngine] Adding player: PA1
INFO ClubBlackout: [GameEngine] Player added: PA1 as The Party Animal
DEBUG ClubBlackout: [GameEngine] Adding player: WF1
INFO ClubBlackout: [GameEngine] Player added: WF1 as The Wallflower
DEBUG ClubBlackout: [GameEngine] Adding player: Medic1
INFO ClubBlackout: [GameEngine] Player added: Medic1 as The Medic
DEBUG ClubBlackout: [GameEngine] Adding player: Bouncer1
INFO ClubBlackout: [GameEngine] Player added: Bouncer1 as The Bouncer
00:02 +20 -2: C:/Users/kimro/Documents/Codex/Club Blackout Android Android/test/game_engine_save_load_test.dart: save/load persists in-flight engine state
00:02 +20 -2: C:/Users/kimro/Documents/Codex/Club Blackout Android Android/test/gameplay_scenarios_test.dart: Win Condition Scenarios Game continues when both factions have survivors
DEBUG ClubBlackout: [GameEngine] Adding player: Dealer1
INFO ClubBlackout: [GameEngine] Player added: Dealer1 as The Dealer
DEBUG ClubBlackout: [GameEngine] Adding player: PA1
INFO ClubBlackout: [GameEngine] Player added: PA1 as The Party Animal
DEBUG ClubBlackout: [GameEngine] Adding player: WF1
INFO ClubBlackout: [GameEngine] Player added: WF1 as The Wallflower
DEBUG ClubBlackout: [GameEngine] Adding player: Medic1
INFO ClubBlackout: [GameEngine] Player added: Medic1 as The Medic
00:02 +21 -2: C:/Users/kimro/Documents/Codex/Club Blackout Android Android/test/game_engine_save_load_test.dart: save/load persists in-flight engine state
DEBUG ClubBlackout: [GameEngine] Adding player: Alice
INFO ClubBlackout: [GameEngine] Player added: Alice as The Dealer
00:02 +21 -2: C:/Users/kimro/Documents/Codex/Club Blackout Android Android/test/gameplay_scenarios_test.dart: Win Condition Scenarios Club Manager wins if only they and a Dealer remain
DEBUG ClubBlackout: [GameEngine] Adding player: Dealer1
INFO ClubBlackout: [GameEngine] Player added: Dealer1 as The Dealer
DEBUG ClubBlackout: [GameEngine] Adding player: CM1
INFO ClubBlackout: [GameEngine] Player added: CM1 as The Club Manager
DEBUG ClubBlackout: [GameEngine] Adding player: PA1
INFO ClubBlackout: [GameEngine] Player added: PA1 as The Party Animal
00:02 +22 -2: C:/Users/kimro/Documents/Codex/Club Blackout Android Android/test/game_engine_save_load_test.dart: save/load persists in-flight engine state
DEBUG ClubBlackout: [GameEngine] Adding player: Bob
INFO ClubBlackout: [GameEngine] Player added: Bob as The Drama Queen
DEBUG ClubBlackout: [GameEngine] Adding player: Charlie
INFO ClubBlackout: [GameEngine] Player added: Charlie as The Predator
DEBUG ClubBlackout: [GameEngine] Adding player: Tina
INFO ClubBlackout: [GameEngine] Player added: Tina as The Tea Spiller
00:02 +22 -2: C:/Users/kimro/Documents/Codex/Club Blackout Android Android/test/gameplay_scenarios_test.dart: Clinger Mechanics Clinger votes always mirror obsession partner
DEBUG ClubBlackout: [GameEngine] Adding player: Clinger1
INFO ClubBlackout: [GameEngine] Player added: Clinger1 as The Clinger
DEBUG ClubBlackout: [GameEngine] Adding player: PA1
INFO ClubBlackout: [GameEngine] Player added: PA1 as The Party Animal
DEBUG ClubBlackout: [GameEngine] Adding player: Dealer1
INFO ClubBlackout: [GameEngine] Player added: Dealer1 as The Dealer
00:02 +23 -2: C:/Users/kimro/Documents/Codex/Club Blackout Android Android/test/game_engine_save_load_test.dart: save/load persists in-flight engine state
00:02 +24 -2: C:/Users/kimro/Documents/Codex/Club Blackout Android Android/test/gameplay_scenarios_test.dart: Clinger Mechanics Clinger dies of heartbreak when obsession dies
DEBUG ClubBlackout: [GameEngine] Adding player: Clinger1
INFO ClubBlackout: [GameEngine] Player added: Clinger1 as The Clinger
DEBUG ClubBlackout: [GameEngine] Adding player: PA1
INFO ClubBlackout: [GameEngine] Player added: PA1 as The Party Animal
00:02 +25 -2: C:/Users/kimro/Documents/Codex/Club Blackout Android Android/test/gameplay_scenarios_test.dart: Clinger Mechanics Freed Clinger does not sync votes or heartbreak
DEBUG ClubBlackout: [GameEngine] Adding player: Clinger1
INFO ClubBlackout: [GameEngine] Player added: Clinger1 as The Clinger
DEBUG ClubBlackout: [GameEngine] Adding player: PA1
INFO ClubBlackout: [GameEngine] Player added: PA1 as The Party Animal
DEBUG ClubBlackout: [GameEngine] Adding player: Dealer1
INFO ClubBlackout: [GameEngine] Player added: Dealer1 as The Dealer
00:02 +26 -2: C:/Users/kimro/Documents/Codex/Club Blackout Android Android/test/gameplay_scenarios_test.dart: Clinger Mechanics Freed Clinger can use Attack Dog exactly once
DEBUG ClubBlackout: [GameEngine] Adding player: Clinger1
INFO ClubBlackout: [GameEngine] Player added: Clinger1 as The Clinger
DEBUG ClubBlackout: [GameEngine] Adding player: PA1
INFO ClubBlackout: [GameEngine] Player added: PA1 as The Party Animal
DEBUG ClubBlackout: [GameEngine] Adding player: Dealer1
INFO ClubBlackout: [GameEngine] Player added: Dealer1 as The Dealer
00:02 +27 -2: C:/Users/kimro/Documents/Codex/Club Blackout Android Android/test/gameplay_scenarios_test.dart: Clinger Mechanics Non-freed Clinger cannot use Attack Dog
DEBUG ClubBlackout: [GameEngine] Adding player: Clinger1
INFO ClubBlackout: [GameEngine] Player added: Clinger1 as The Clinger
DEBUG ClubBlackout: [GameEngine] Adding player: PA1
INFO ClubBlackout: [GameEngine] Player added: PA1 as The Party Animal
DEBUG ClubBlackout: [GameEngine] Adding player: Dealer1
INFO ClubBlackout: [GameEngine] Player added: Dealer1 as The Dealer
00:02 +28 -2: C:/Users/kimro/Documents/Codex/Club Blackout Android Android/test/gameplay_scenarios_test.dart: Role-Specific Ability Tests Minor cannot die before being ID checked
DEBUG ClubBlackout: [GameEngine] Adding player: Dealer1
INFO ClubBlackout: [GameEngine] Player added: Dealer1 as The Dealer
DEBUG ClubBlackout: [GameEngine] Adding player: Minor1
INFO ClubBlackout: [GameEngine] Player added: Minor1 as The Minor
DEBUG ClubBlackout: [GameEngine] Adding player: PA1
INFO ClubBlackout: [GameEngine] Player added: PA1 as The Party Animal
DEBUG ClubBlackout: [GameEngine] Adding player: WF1
INFO ClubBlackout: [GameEngine] Player added: WF1 as The Wallflower
DEBUG ClubBlackout: [GameEngine] Adding player: Medic1
INFO ClubBlackout: [GameEngine] Player added: Medic1 as The Medic
00:02 +29 -2: C:/Users/kimro/Documents/Codex/Club Blackout Android Android/test/gameplay_scenarios_test.dart: Role-Specific Ability Tests Seasoned Drinker has extra lives based on dealer count
DEBUG ClubBlackout: [GameEngine] Adding player: Dealer1
INFO ClubBlackout: [GameEngine] Player added: Dealer1 as The Dealer
DEBUG ClubBlackout: [GameEngine] Adding player: Dealer2
INFO ClubBlackout: [GameEngine] Player added: Dealer2 as The Dealer
DEBUG ClubBlackout: [GameEngine] Adding player: SD1
INFO ClubBlackout: [GameEngine] Player added: SD1 as The Seasoned Drinker
DEBUG ClubBlackout: [GameEngine] Adding player: PA1
INFO ClubBlackout: [GameEngine] Player added: PA1 as The Party Animal
DEBUG ClubBlackout: [GameEngine] Adding player: WF1
INFO ClubBlackout: [GameEngine] Player added: WF1 as The Wallflower
00:02 +30 -2: C:/Users/kimro/Documents/Codex/Club Blackout Android Android/test/gameplay_scenarios_test.dart: Role-Specific Ability Tests Ally Cat has 9 lives
DEBUG ClubBlackout: [GameEngine] Adding player: Dealer1
INFO ClubBlackout: [GameEngine] Player added: Dealer1 as The Dealer
DEBUG ClubBlackout: [GameEngine] Adding player: AC1
INFO ClubBlackout: [GameEngine] Player added: AC1 as The Ally Cat
DEBUG ClubBlackout: [GameEngine] Adding player: PA1
INFO ClubBlackout: [GameEngine] Player added: PA1 as The Party Animal
DEBUG ClubBlackout: [GameEngine] Adding player: WF1
INFO ClubBlackout: [GameEngine] Player added: WF1 as The Wallflower
DEBUG ClubBlackout: [GameEngine] Adding player: Medic1
INFO ClubBlackout: [GameEngine] Player added: Medic1 as The Medic
00:02 +31 -2: C:/Users/kimro/Documents/Codex/Club Blackout Android Android/test/gameplay_scenarios_test.dart: Role-Specific Ability Tests Second Wind can convert to Dealer
DEBUG ClubBlackout: [GameEngine] Adding player: Dealer1
INFO ClubBlackout: [GameEngine] Player added: Dealer1 as The Dealer
DEBUG ClubBlackout: [GameEngine] Adding player: SW1
INFO ClubBlackout: [GameEngine] Player added: SW1 as The Second Wind
DEBUG ClubBlackout: [GameEngine] Adding player: PA1
INFO ClubBlackout: [GameEngine] Player added: PA1 as The Party Animal
DEBUG ClubBlackout: [GameEngine] Adding player: WF1
INFO ClubBlackout: [GameEngine] Player added: WF1 as The Wallflower
DEBUG ClubBlackout: [GameEngine] Adding player: Medic1
INFO ClubBlackout: [GameEngine] Player added: Medic1 as The Medic
00:02 +32 -2: C:/Users/kimro/Documents/Codex/Club Blackout Android Android/test/gameplay_scenarios_test.dart: Player Count Variation Tests Valid 4-player game
DEBUG ClubBlackout: [GameEngine] Adding player: Dealer1
INFO ClubBlackout: [GameEngine] Player added: Dealer1 as The Dealer
DEBUG ClubBlackout: [GameEngine] Adding player: PA1
INFO ClubBlackout: [GameEngine] Player added: PA1 as The Party Animal
DEBUG ClubBlackout: [GameEngine] Adding player: WF1
INFO ClubBlackout: [GameEngine] Player added: WF1 as The Wallflower
DEBUG ClubBlackout: [GameEngine] Adding player: Medic1
INFO ClubBlackout: [GameEngine] Player added: Medic1 as The Medic
00:02 +33 -2: C:/Users/kimro/Documents/Codex/Club Blackout Android Android/test/gameplay_scenarios_test.dart: Player Count Variation Tests Valid 8-player game with 2 dealers
DEBUG ClubBlackout: [GameEngine] Adding player: Dealer1
INFO ClubBlackout: [GameEngine] Player added: Dealer1 as The Dealer
DEBUG ClubBlackout: [GameEngine] Adding player: Dealer2
INFO ClubBlackout: [GameEngine] Player added: Dealer2 as The Dealer
DEBUG ClubBlackout: [GameEngine] Adding player: PA1
INFO ClubBlackout: [GameEngine] Player added: PA1 as The Party Animal
DEBUG ClubBlackout: [GameEngine] Adding player: WF1
INFO ClubBlackout: [GameEngine] Player added: WF1 as The Wallflower
DEBUG ClubBlackout: [GameEngine] Adding player: Medic1
INFO ClubBlackout: [GameEngine] Player added: Medic1 as The Medic
DEBUG ClubBlackout: [GameEngine] Adding player: Bouncer1
INFO ClubBlackout: [GameEngine] Player added: Bouncer1 as The Bouncer
DEBUG ClubBlackout: [GameEngine] Adding player: Roofi1
INFO ClubBlackout: [GameEngine] Player added: Roofi1 as The Roofi
DEBUG ClubBlackout: [GameEngine] Adding player: MB1
INFO ClubBlackout: [GameEngine] Player added: MB1 as The Messy Bitch
00:02 +34 -2: C:/Users/kimro/Documents/Codex/Club Blackout Android Android/test/gameplay_scenarios_test.dart: Player Count Variation Tests Valid 15-player game with 4 dealers
DEBUG ClubBlackout: [GameEngine] Adding player: Dealer1
INFO ClubBlackout: [GameEngine] Player added: Dealer1 as The Dealer
DEBUG ClubBlackout: [GameEngine] Adding player: Dealer2
INFO ClubBlackout: [GameEngine] Player added: Dealer2 as The Dealer
DEBUG ClubBlackout: [GameEngine] Adding player: Dealer3
INFO ClubBlackout: [GameEngine] Player added: Dealer3 as The Dealer
DEBUG ClubBlackout: [GameEngine] Adding player: Dealer4
INFO ClubBlackout: [GameEngine] Player added: Dealer4 as The Dealer
DEBUG ClubBlackout: [GameEngine] Adding player: PA1
INFO ClubBlackout: [GameEngine] Player added: PA1 as The Party Animal
DEBUG ClubBlackout: [GameEngine] Adding player: WF1
INFO ClubBlackout: [GameEngine] Player added: WF1 as The Wallflower
DEBUG ClubBlackout: [GameEngine] Adding player: Medic1
INFO ClubBlackout: [GameEngine] Player added: Medic1 as The Medic
DEBUG ClubBlackout: [GameEngine] Adding player: Bouncer1
INFO ClubBlackout: [GameEngine] Player added: Bouncer1 as The Bouncer
DEBUG ClubBlackout: [GameEngine] Adding player: Roofi1
INFO ClubBlackout: [GameEngine] Player added: Roofi1 as The Roofi
DEBUG ClubBlackout: [GameEngine] Adding player: Sober1
INFO ClubBlackout: [GameEngine] Player added: Sober1 as The Sober
DEBUG ClubBlackout: [GameEngine] Adding player: TeaSpiller1
INFO ClubBlackout: [GameEngine] Player added: TeaSpiller1 as The Tea Spiller
DEBUG ClubBlackout: [GameEngine] Adding player: Lightweight1
INFO ClubBlackout: [GameEngine] Player added: Lightweight1 as The Lightweight
DEBUG ClubBlackout: [GameEngine] Adding player: Silver Fox1
INFO ClubBlackout: [GameEngine] Player added: Silver Fox1 as The Silver Fox
DEBUG ClubBlackout: [GameEngine] Adding player: Bartender1
INFO ClubBlackout: [GameEngine] Player added: Bartender1 as The Bartender
DEBUG ClubBlackout: [GameEngine] Adding player: AllyCat1
INFO ClubBlackout: [GameEngine] Player added: AllyCat1 as The Ally Cat
00:02 +35 -2: C:/Users/kimro/Documents/Codex/Club Blackout Android Android/test/lightweight_taboo_violation_test.dart: Lightweight taboo violation kills Lightweight immediately
00:02 +35 -2: C:/Users/kimro/Documents/Codex/Club Blackout Android Android/test/gameplay_scenarios_test.dart: Late Join Scenarios Player can join mid-game with available role
DEBUG ClubBlackout: [GameEngine] Adding player: Dealer1
INFO ClubBlackout: [GameEngine] Player added: Dealer1 as The Dealer
DEBUG ClubBlackout: [GameEngine] Adding player: PA1
INFO ClubBlackout: [GameEngine] Player added: PA1 as The Party Animal
DEBUG ClubBlackout: [GameEngine] Adding player: WF1
INFO ClubBlackout: [GameEngine] Player added: WF1 as The Wallflower
DEBUG ClubBlackout: [GameEngine] Adding player: Medic1
INFO ClubBlackout: [GameEngine] Player added: Medic1 as The Medic
DEBUG ClubBlackout: [GameEngine] Adding late joiner: LateJoiner
00:02 +36 -2: C:/Users/kimro/Documents/Codex/Club Blackout Android Android/test/lightweight_taboo_violation_test.dart: Lightweight taboo violation kills Lightweight immediately
00:02 +36 -2: C:/Users/kimro/Documents/Codex/Club Blackout Android Android/test/gameplay_scenarios_test.dart: Late Join Scenarios Late joiner cannot get a role that already appeared
DEBUG ClubBlackout: [GameEngine] Adding player: Dealer1
INFO ClubBlackout: [GameEngine] Player added: Dealer1 as The Dealer
DEBUG ClubBlackout: [GameEngine] Adding player: PA1
INFO ClubBlackout: [GameEngine] Player added: PA1 as The Party Animal
DEBUG ClubBlackout: [GameEngine] Adding player: WF1
INFO ClubBlackout: [GameEngine] Player added: WF1 as The Wallflower
DEBUG ClubBlackout: [GameEngine] Adding player: Medic1
INFO ClubBlackout: [GameEngine] Player added: Medic1 as The Medic
00:02 +37 -2: C:/Users/kimro/Documents/Codex/Club Blackout Android Android/test/lightweight_taboo_violation_test.dart: Lightweight taboo violation kills Lightweight immediately
00:02 +37 -2: C:/Users/kimro/Documents/Codex/Club Blackout Android Android/test/gameplay_scenarios_test.dart: Late Join Scenarios Late joiner becomes active on next night
DEBUG ClubBlackout: [GameEngine] Adding player: Dealer1
INFO ClubBlackout: [GameEngine] Player added: Dealer1 as The Dealer
DEBUG ClubBlackout: [GameEngine] Adding player: PA1
INFO ClubBlackout: [GameEngine] Player added: PA1 as The Party Animal
DEBUG ClubBlackout: [GameEngine] Adding player: WF1
INFO ClubBlackout: [GameEngine] Player added: WF1 as The Wallflower
DEBUG ClubBlackout: [GameEngine] Adding player: Medic1
INFO ClubBlackout: [GameEngine] Player added: Medic1 as The Medic
DEBUG ClubBlackout: [GameEngine] Adding late joiner: LateJoiner
00:02 +38 -2: C:/Users/kimro/Documents/Codex/Club Blackout Android Android/test/lightweight_taboo_violation_test.dart: Lightweight taboo violation kills Lightweight immediately
00:02 +38 -2: C:/Users/kimro/Documents/Codex/Club Blackout Android Android/test/gameplay_scenarios_test.dart: Unique Role Enforcement Cannot assign duplicate unique roles
DEBUG ClubBlackout: [GameEngine] Adding player: Medic1
INFO ClubBlackout: [GameEngine] Player added: Medic1 as The Medic
00:02 +39 -2: C:/Users/kimro/Documents/Codex/Club Blackout Android Android/test/lightweight_taboo_violation_test.dart: Lightweight taboo violation kills Lightweight immediately
00:03 +39 -2: C:/Users/kimro/Documents/Codex/Club Blackout Android Android/test/gameplay_scenarios_test.dart: Unique Role Enforcement Can assign multiple Dealers
DEBUG ClubBlackout: [GameEngine] Adding player: Dealer1
INFO ClubBlackout: [GameEngine] Player added: Dealer1 as The Dealer
DEBUG ClubBlackout: [GameEngine] Adding player: Dealer2
INFO ClubBlackout: [GameEngine] Player added: Dealer2 as The Dealer
DEBUG ClubBlackout: [GameEngine] Adding player: Dealer3
INFO ClubBlackout: [GameEngine] Player added: Dealer3 as The Dealer
00:03 +40 -2: C:/Users/kimro/Documents/Codex/Club Blackout Android Android/test/lightweight_taboo_violation_test.dart: Lightweight taboo violation kills Lightweight immediately
00:03 +40 -2: C:/Users/kimro/Documents/Codex/Club Blackout Android Android/test/gameplay_scenarios_test.dart: Unique Role Enforcement Can assign multiple Party Animals
DEBUG ClubBlackout: [GameEngine] Adding player: PA1
INFO ClubBlackout: [GameEngine] Player added: PA1 as The Party Animal
00:03 +41 -2: C:/Users/kimro/Documents/Codex/Club Blackout Android Android/test/lightweight_taboo_violation_test.dart: Lightweight taboo violation kills Lightweight immediately
00:03 +41 -2: C:/Users/kimro/Documents/Codex/Club Blackout Android Android/test/gameplay_scenarios_test.dart: Edge Case Scenarios Everyone dies - no winner
DEBUG ClubBlackout: [GameEngine] Adding player: Dealer1
00:03 +41 -2: C:/Users/kimro/Documents/Codex/Club Blackout Android Android/test/lightweight_taboo_violation_test.dart: Lightweight taboo violation kills Lightweight immediately
DEBUG ClubBlackout: [GameEngine] Adding player: Dealer1
INFO ClubBlackout: [GameEngine] Player added: Dealer1 as The Dealer
DEBUG ClubBlackout: [GameEngine] Adding player: LW1
INFO ClubBlackout: [GameEngine] Player added: LW1 as The Lightweight
00:03 +41 -2: C:/Users/kimro/Documents/Codex/Club Blackout Android Android/test/gameplay_scenarios_test.dart: Edge Case Scenarios Everyone dies - no winner
INFO ClubBlackout: [GameEngine] Player added: Dealer1 as The Dealer
DEBUG ClubBlackout: [GameEngine] Adding player: PA1
INFO ClubBlackout: [GameEngine] Player added: PA1 as The Party Animal
DEBUG ClubBlackout: [GameEngine] Adding player: WF1
INFO ClubBlackout: [GameEngine] Player added: WF1 as The Wallflower
00:03 +41 -2: C:/Users/kimro/Documents/Codex/Club Blackout Android Android/test/lightweight_taboo_violation_test.dart: Lightweight taboo violation kills Lightweight immediately
DEBUG ClubBlackout: [GameEngine] Adding player: PA1
00:03 +41 -2: C:/Users/kimro/Documents/Codex/Club Blackout Android Android/test/gameplay_scenarios_test.dart: Edge Case Scenarios Everyone dies - no winner
DEBUG ClubBlackout: [GameEngine] Adding player: Medic1
INFO ClubBlackout: [GameEngine] Player added: Medic1 as The Medic
00:03 +41 -2: C:/Users/kimro/Documents/Codex/Club Blackout Android Android/test/lightweight_taboo_violation_test.dart: Lightweight taboo violation kills Lightweight immediately
INFO ClubBlackout: [GameEngine] Player added: PA1 as The Party Animal
00:03 +42 -2: C:/Users/kimro/Documents/Codex/Club Blackout Android Android/test/lightweight_taboo_violation_test.dart: Lightweight taboo violation kills Lightweight immediately
DEBUG ClubBlackout: [GameEngine] Adding player: Medic1
INFO ClubBlackout: [GameEngine] Player added: Medic1 as The Medic
00:03 +43 -2: C:/Users/kimro/Documents/Codex/Club Blackout Android Android/test/gameplay_scenarios_test.dart: Edge Case Scenarios Game continues when Dealers outnumber but not 1v1
DEBUG ClubBlackout: [GameEngine] Adding player: Dealer1
INFO ClubBlackout: [GameEngine] Player added: Dealer1 as The Dealer
DEBUG ClubBlackout: [GameEngine] Adding player: Dealer2
INFO ClubBlackout: [GameEngine] Player added: Dealer2 as The Dealer
DEBUG ClubBlackout: [GameEngine] Adding player: PA1
INFO ClubBlackout: [GameEngine] Player added: PA1 as The Party Animal
DEBUG ClubBlackout: [GameEngine] Adding player: WF1
INFO ClubBlackout: [GameEngine] Player added: WF1 as The Wallflower
DEBUG ClubBlackout: [GameEngine] Adding player: CM1
INFO ClubBlackout: [GameEngine] Player added: CM1 as The Club Manager
00:03 +44 -2: C:/Users/kimro/Documents/Codex/Club Blackout Android Android/test/gameplay_scenarios_test.dart: Edge Case Scenarios Single dealer vs many party animals - game continues
DEBUG ClubBlackout: [GameEngine] Adding player: Dealer1
INFO ClubBlackout: [GameEngine] Player added: Dealer1 as The Dealer
DEBUG ClubBlackout: [GameEngine] Adding player: PA1
INFO ClubBlackout: [GameEngine] Player added: PA1 as The Party Animal
DEBUG ClubBlackout: [GameEngine] Adding player: WF1
INFO ClubBlackout: [GameEngine] Player added: WF1 as The Wallflower
DEBUG ClubBlackout: [GameEngine] Adding player: Medic1
INFO ClubBlackout: [GameEngine] Player added: Medic1 as The Medic
DEBUG ClubBlackout: [GameEngine] Adding player: Bouncer1
INFO ClubBlackout: [GameEngine] Player added: Bouncer1 as The Bouncer
DEBUG ClubBlackout: [GameEngine] Adding player: Roofi1
INFO ClubBlackout: [GameEngine] Player added: Roofi1 as The Roofi
00:03 +45 -2: C:/Users/kimro/Documents/Codex/Club Blackout Android Android/test/gameplay_scenarios_test.dart: Edge Case Scenarios 1v1 Dealer vs Party Animal is a Dealer win
DEBUG ClubBlackout: [GameEngine] Adding player: Dealer1
INFO ClubBlackout: [GameEngine] Player added: Dealer1 as The Dealer
DEBUG ClubBlackout: [GameEngine] Adding player: PA1
INFO ClubBlackout: [GameEngine] Player added: PA1 as The Party Animal
00:03 +46 -2: C:/Users/kimro/Documents/Codex/Club Blackout Android Android/test/gameplay_scenarios_test.dart: Edge Case Scenarios Messy Bitch wins when a rumour reaches every player
DEBUG ClubBlackout: [GameEngine] Adding player: Dealer1
INFO ClubBlackout: [GameEngine] Player added: Dealer1 as The Dealer
DEBUG ClubBlackout: [GameEngine] Adding player: PA1
INFO ClubBlackout: [GameEngine] Player added: PA1 as The Party Animal
DEBUG ClubBlackout: [GameEngine] Adding player: MB1
INFO ClubBlackout: [GameEngine] Player added: MB1 as The Messy Bitch
00:03 +47 -2: C:/Users/kimro/Documents/Codex/Club Blackout Android Android/test/gameplay_scenarios_test.dart: Edge Case Scenarios Messy Bitch win ignores dead players
DEBUG ClubBlackout: [GameEngine] Adding player: Dealer1
INFO ClubBlackout: [GameEngine] Player added: Dealer1 as The Dealer
DEBUG ClubBlackout: [GameEngine] Adding player: PA1
INFO ClubBlackout: [GameEngine] Player added: PA1 as The Party Animal
DEBUG ClubBlackout: [GameEngine] Adding player: MB1
INFO ClubBlackout: [GameEngine] Player added: MB1 as The Messy Bitch
00:03 +48 -2: C:/Users/kimro/Documents/Codex/Club Blackout Android Android/test/minor_mechanics_test.dart: Minor Role Mechanics Minor survives dealer attack if not IDd
00:03 +49 -2: C:/Users/kimro/Documents/Codex/Club Blackout Android Android/test/minor_mechanics_test.dart: Minor Role Mechanics Minor dies if attacked after being IDd by Bouncer
00:03 +50 -2: C:/Users/kimro/Documents/Codex/Club Blackout Android Android/test/minor_mechanics_test.dart: Minor Role Mechanics Minor dies to other causes (e.g. Vote) even if not IDd
00:04 +51 -2: C:/Users/kimro/Documents/Codex/Club Blackout Android Android/test/night_script_audit_test.dart: Night Script Audit Night 1+ always starts with the sleep ritual
00:04 +52 -2: C:/Users/kimro/Documents/Codex/Club Blackout Android Android/test/night_script_audit_test.dart: Night Script Audit Night script never includes Second Wind conversion vote (handled at day-start)
00:04 +53 -2: C:/Users/kimro/Documents/Codex/Club Blackout Android Android/test/night_script_audit_test.dart: Night Script Audit Every "open your eyes" is eventually followed by a close instruction
00:04 +54 -2: C:/Users/kimro/Documents/Codex/Club Blackout Android Android/test/night_script_audit_test.dart: Night Script Audit Silver Fox always goes last in the night phase
00:04 +55 -2: C:/Users/kimro/Documents/Codex/Club Blackout Android Android/test/player_serialization_test.dart: Player serialization persists role state
00:04 +56 -2: C:/Users/kimro/Documents/Codex/Club Blackout Android Android/test/roles_schema_test.dart: roles.json schema validation (setUpAll)
00:04 +56 -2: C:/Users/kimro/Documents/Codex/Club Blackout Android Android/test/roles_schema_test.dart: roles.json schema validation roles.json has valid JSON structure
00:04 +57 -2: C:/Users/kimro/Documents/Codex/Club Blackout Android Android/test/roles_schema_test.dart: roles.json schema validation all roles have required fields
00:04 +58 -2: C:/Users/kimro/Documents/Codex/Club Blackout Android Android/test/roles_schema_test.dart: roles.json schema validation all role IDs are unique
00:04 +59 -2: C:/Users/kimro/Documents/Codex/Club Blackout Android Android/test/roles_schema_test.dart: roles.json schema validation night_priority values are valid
00:04 +60 -2: C:/Users/kimro/Documents/Codex/Club Blackout Android Android/test/roles_schema_test.dart: roles.json schema validation color_hex values are valid hex colors
00:04 +61 -2: C:/Users/kimro/Documents/Codex/Club Blackout Android Android/test/roles_schema_test.dart: roles.json schema validation required roles exist (dealer, party_animal, medic, bouncer)
00:04 +62 -2: C:/Users/kimro/Documents/Codex/Club Blackout Android Android/test/roles_schema_test.dart: roles.json schema validation optional fields have correct types when present
00:04 +63 -2: C:/Users/kimro/Documents/Codex/Club Blackout Android Android/test/roles_schema_test.dart: roles.json schema validation roles with binary choice have choices array
00:04 +64 -2: C:/Users/kimro/Documents/Codex/Club Blackout Android Android/test/roles_schema_test.dart: roles.json schema validation (tearDownAll)
00:05 +64 -2: C:/Users/kimro/Documents/Codex/Club Blackout Android Android/test/role_eventualities_matrix_test.dart: (setUpAll)
00:05 +64 -2: C:/Users/kimro/Documents/Codex/Club Blackout Android Android/test/role_eventualities_matrix_test.dart: Role Coverage: Minimal Startability Every role can be included in a valid game and start
DEBUG ClubBlackout: [GameEngine] Adding player: Dealer1
INFO ClubBlackout: [GameEngine] Player added: Dealer1 as The Dealer
DEBUG ClubBlackout: [GameEngine] Adding player: PA1
INFO ClubBlackout: [GameEngine] Player added: PA1 as The Party Animal
DEBUG ClubBlackout: [GameEngine] Adding player: WF1
INFO ClubBlackout: [GameEngine] Player added: WF1 as The Wallflower
DEBUG ClubBlackout: [GameEngine] Adding player: Medic1
INFO ClubBlackout: [GameEngine] Player added: Medic1 as The Medic
DEBUG ClubBlackout: [GameEngine] Adding player: TestRole
INFO ClubBlackout: [GameEngine] Player added: TestRole as The Ally Cat
DEBUG ClubBlackout: [GameEngine] Adding player: Dealer1
INFO ClubBlackout: [GameEngine] Player added: Dealer1 as The Dealer
DEBUG ClubBlackout: [GameEngine] Adding player: PA1
INFO ClubBlackout: [GameEngine] Player added: PA1 as The Party Animal
DEBUG ClubBlackout: [GameEngine] Adding player: WF1
INFO ClubBlackout: [GameEngine] Player added: WF1 as The Wallflower
DEBUG ClubBlackout: [GameEngine] Adding player: Medic1
INFO ClubBlackout: [GameEngine] Player added: Medic1 as The Medic
DEBUG ClubBlackout: [GameEngine] Adding player: TestRole
INFO ClubBlackout: [GameEngine] Player added: TestRole as The Bartender
DEBUG ClubBlackout: [GameEngine] Adding player: Dealer1
INFO ClubBlackout: [GameEngine] Player added: Dealer1 as The Dealer
DEBUG ClubBlackout: [GameEngine] Adding player: PA1
INFO ClubBlackout: [GameEngine] Player added: PA1 as The Party Animal
DEBUG ClubBlackout: [GameEngine] Adding player: WF1
INFO ClubBlackout: [GameEngine] Player added: WF1 as The Wallflower
DEBUG ClubBlackout: [GameEngine] Adding player: Bouncer1
INFO ClubBlackout: [GameEngine] Player added: Bouncer1 as The Bouncer
DEBUG ClubBlackout: [GameEngine] Adding player: Dealer1
INFO ClubBlackout: [GameEngine] Player added: Dealer1 as The Dealer
DEBUG ClubBlackout: [GameEngine] Adding player: PA1
INFO ClubBlackout: [GameEngine] Player added: PA1 as The Party Animal
DEBUG ClubBlackout: [GameEngine] Adding player: WF1
INFO ClubBlackout: [GameEngine] Player added: WF1 as The Wallflower
DEBUG ClubBlackout: [GameEngine] Adding player: Medic1
INFO ClubBlackout: [GameEngine] Player added: Medic1 as The Medic
DEBUG ClubBlackout: [GameEngine] Adding player: TestRole
INFO ClubBlackout: [GameEngine] Player added: TestRole as The Clinger
DEBUG ClubBlackout: [GameEngine] Adding player: Dealer1
INFO ClubBlackout: [GameEngine] Player added: Dealer1 as The Dealer
DEBUG ClubBlackout: [GameEngine] Adding player: PA1
INFO ClubBlackout: [GameEngine] Player added: PA1 as The Party Animal
DEBUG ClubBlackout: [GameEngine] Adding player: WF1
INFO ClubBlackout: [GameEngine] Player added: WF1 as The Wallflower
DEBUG ClubBlackout: [GameEngine] Adding player: Medic1
INFO ClubBlackout: [GameEngine] Player added: Medic1 as The Medic
DEBUG ClubBlackout: [GameEngine] Adding player: TestRole
INFO ClubBlackout: [GameEngine] Player added: TestRole as The Club Manager
DEBUG ClubBlackout: [GameEngine] Adding player: Dealer1
INFO ClubBlackout: [GameEngine] Player added: Dealer1 as The Dealer
DEBUG ClubBlackout: [GameEngine] Adding player: PA1
INFO ClubBlackout: [GameEngine] Player added: PA1 as The Party Animal
DEBUG ClubBlackout: [GameEngine] Adding player: WF1
INFO ClubBlackout: [GameEngine] Player added: WF1 as The Wallflower
DEBUG ClubBlackout: [GameEngine] Adding player: Medic1
INFO ClubBlackout: [GameEngine] Player added: Medic1 as The Medic
DEBUG ClubBlackout: [GameEngine] Adding player: TestRole
INFO ClubBlackout: [GameEngine] Player added: TestRole as The Creep
DEBUG ClubBlackout: [GameEngine] Adding player: Dealer1
INFO ClubBlackout: [GameEngine] Player added: Dealer1 as The Dealer
DEBUG ClubBlackout: [GameEngine] Adding player: PA1
INFO ClubBlackout: [GameEngine] Player added: PA1 as The Party Animal
DEBUG ClubBlackout: [GameEngine] Adding player: WF1
INFO ClubBlackout: [GameEngine] Player added: WF1 as The Wallflower
DEBUG ClubBlackout: [GameEngine] Adding player: Medic1
INFO ClubBlackout: [GameEngine] Player added: Medic1 as The Medic
DEBUG ClubBlackout: [GameEngine] Adding player: Dealer1
INFO ClubBlackout: [GameEngine] Player added: Dealer1 as The Dealer
DEBUG ClubBlackout: [GameEngine] Adding player: PA1
INFO ClubBlackout: [GameEngine] Player added: PA1 as The Party Animal
DEBUG ClubBlackout: [GameEngine] Adding player: WF1
INFO ClubBlackout: [GameEngine] Player added: WF1 as The Wallflower
DEBUG ClubBlackout: [GameEngine] Adding player: Medic1
INFO ClubBlackout: [GameEngine] Player added: Medic1 as The Medic
DEBUG ClubBlackout: [GameEngine] Adding player: TestRole
INFO ClubBlackout: [GameEngine] Player added: TestRole as The Drama Queen
DEBUG ClubBlackout: [GameEngine] Adding player: Dealer1
INFO ClubBlackout: [GameEngine] Player added: Dealer1 as The Dealer
DEBUG ClubBlackout: [GameEngine] Adding player: PA1
INFO ClubBlackout: [GameEngine] Player added: PA1 as The Party Animal
DEBUG ClubBlackout: [GameEngine] Adding player: WF1
INFO ClubBlackout: [GameEngine] Player added: WF1 as The Wallflower
DEBUG ClubBlackout: [GameEngine] Adding player: Medic1
INFO ClubBlackout: [GameEngine] Player added: Medic1 as The Medic
DEBUG ClubBlackout: [GameEngine] Adding player: TestRole
INFO ClubBlackout: [GameEngine] Player added: TestRole as The Lightweight
DEBUG ClubBlackout: [GameEngine] Adding player: Dealer1
INFO ClubBlackout: [GameEngine] Player added: Dealer1 as The Dealer
DEBUG ClubBlackout: [GameEngine] Adding player: PA1
INFO ClubBlackout: [GameEngine] Player added: PA1 as The Party Animal
DEBUG ClubBlackout: [GameEngine] Adding player: WF1
INFO ClubBlackout: [GameEngine] Player added: WF1 as The Wallflower
DEBUG ClubBlackout: [GameEngine] Adding player: Medic1
INFO ClubBlackout: [GameEngine] Player added: Medic1 as The Medic
DEBUG ClubBlackout: [GameEngine] Adding player: Dealer1
INFO ClubBlackout: [GameEngine] Player added: Dealer1 as The Dealer
DEBUG ClubBlackout: [GameEngine] Adding player: PA1
INFO ClubBlackout: [GameEngine] Player added: PA1 as The Party Animal
DEBUG ClubBlackout: [GameEngine] Adding player: WF1
INFO ClubBlackout: [GameEngine] Player added: WF1 as The Wallflower
DEBUG ClubBlackout: [GameEngine] Adding player: Medic1
INFO ClubBlackout: [GameEngine] Player added: Medic1 as The Medic
DEBUG ClubBlackout: [GameEngine] Adding player: TestRole
INFO ClubBlackout: [GameEngine] Player added: TestRole as The Messy Bitch
DEBUG ClubBlackout: [GameEngine] Adding player: Dealer1
INFO ClubBlackout: [GameEngine] Player added: Dealer1 as The Dealer
DEBUG ClubBlackout: [GameEngine] Adding player: PA1
INFO ClubBlackout: [GameEngine] Player added: PA1 as The Party Animal
DEBUG ClubBlackout: [GameEngine] Adding player: WF1
INFO ClubBlackout: [GameEngine] Player added: WF1 as The Wallflower
DEBUG ClubBlackout: [GameEngine] Adding player: Medic1
INFO ClubBlackout: [GameEngine] Player added: Medic1 as The Medic
DEBUG ClubBlackout: [GameEngine] Adding player: TestRole
INFO ClubBlackout: [GameEngine] Player added: TestRole as The Minor
DEBUG ClubBlackout: [GameEngine] Adding player: Dealer1
INFO ClubBlackout: [GameEngine] Player added: Dealer1 as The Dealer
DEBUG ClubBlackout: [GameEngine] Adding player: PA1
INFO ClubBlackout: [GameEngine] Player added: PA1 as The Party Animal
DEBUG ClubBlackout: [GameEngine] Adding player: WF1
INFO ClubBlackout: [GameEngine] Player added: WF1 as The Wallflower
DEBUG ClubBlackout: [GameEngine] Adding player: Medic1
INFO ClubBlackout: [GameEngine] Player added: Medic1 as The Medic
DEBUG ClubBlackout: [GameEngine] Adding player: Dealer1
INFO ClubBlackout: [GameEngine] Player added: Dealer1 as The Dealer
DEBUG ClubBlackout: [GameEngine] Adding player: PA1
INFO ClubBlackout: [GameEngine] Player added: PA1 as The Party Animal
DEBUG ClubBlackout: [GameEngine] Adding player: WF1
INFO ClubBlackout: [GameEngine] Player added: WF1 as The Wallflower
DEBUG ClubBlackout: [GameEngine] Adding player: Medic1
INFO ClubBlackout: [GameEngine] Player added: Medic1 as The Medic
DEBUG ClubBlackout: [GameEngine] Adding player: TestRole
INFO ClubBlackout: [GameEngine] Player added: TestRole as The Predator
DEBUG ClubBlackout: [GameEngine] Adding player: Dealer1
INFO ClubBlackout: [GameEngine] Player added: Dealer1 as The Dealer
DEBUG ClubBlackout: [GameEngine] Adding player: PA1
INFO ClubBlackout: [GameEngine] Player added: PA1 as The Party Animal
DEBUG ClubBlackout: [GameEngine] Adding player: WF1
INFO ClubBlackout: [GameEngine] Player added: WF1 as The Wallflower
DEBUG ClubBlackout: [GameEngine] Adding player: Medic1
INFO ClubBlackout: [GameEngine] Player added: Medic1 as The Medic
DEBUG ClubBlackout: [GameEngine] Adding player: TestRole
INFO ClubBlackout: [GameEngine] Player added: TestRole as The Roofi
DEBUG ClubBlackout: [GameEngine] Adding player: Dealer1
INFO ClubBlackout: [GameEngine] Player added: Dealer1 as The Dealer
DEBUG ClubBlackout: [GameEngine] Adding player: PA1
INFO ClubBlackout: [GameEngine] Player added: PA1 as The Party Animal
DEBUG ClubBlackout: [GameEngine] Adding player: WF1
INFO ClubBlackout: [GameEngine] Player added: WF1 as The Wallflower
DEBUG ClubBlackout: [GameEngine] Adding player: Medic1
INFO ClubBlackout: [GameEngine] Player added: Medic1 as The Medic
DEBUG ClubBlackout: [GameEngine] Adding player: TestRole
INFO ClubBlackout: [GameEngine] Player added: TestRole as The Seasoned Drinker
DEBUG ClubBlackout: [GameEngine] Adding player: Dealer1
INFO ClubBlackout: [GameEngine] Player added: Dealer1 as The Dealer
DEBUG ClubBlackout: [GameEngine] Adding player: PA1
INFO ClubBlackout: [GameEngine] Player added: PA1 as The Party Animal
DEBUG ClubBlackout: [GameEngine] Adding player: WF1
INFO ClubBlackout: [GameEngine] Player added: WF1 as The Wallflower
DEBUG ClubBlackout: [GameEngine] Adding player: Medic1
INFO ClubBlackout: [GameEngine] Player added: Medic1 as The Medic
DEBUG ClubBlackout: [GameEngine] Adding player: TestRole
INFO ClubBlackout: [GameEngine] Player added: TestRole as The Second Wind
DEBUG ClubBlackout: [GameEngine] Adding player: Dealer1
INFO ClubBlackout: [GameEngine] Player added: Dealer1 as The Dealer
DEBUG ClubBlackout: [GameEngine] Adding player: PA1
INFO ClubBlackout: [GameEngine] Player added: PA1 as The Party Animal
DEBUG ClubBlackout: [GameEngine] Adding player: WF1
INFO ClubBlackout: [GameEngine] Player added: WF1 as The Wallflower
DEBUG ClubBlackout: [GameEngine] Adding player: Medic1
INFO ClubBlackout: [GameEngine] Player added: Medic1 as The Medic
DEBUG ClubBlackout: [GameEngine] Adding player: TestRole
INFO ClubBlackout: [GameEngine] Player added: TestRole as The Silver Fox
DEBUG ClubBlackout: [GameEngine] Adding player: Dealer1
INFO ClubBlackout: [GameEngine] Player added: Dealer1 as The Dealer
DEBUG ClubBlackout: [GameEngine] Adding player: PA1
INFO ClubBlackout: [GameEngine] Player added: PA1 as The Party Animal
DEBUG ClubBlackout: [GameEngine] Adding player: WF1
INFO ClubBlackout: [GameEngine] Player added: WF1 as The Wallflower
DEBUG ClubBlackout: [GameEngine] Adding player: Medic1
INFO ClubBlackout: [GameEngine] Player added: Medic1 as The Medic
DEBUG ClubBlackout: [GameEngine] Adding player: TestRole
INFO ClubBlackout: [GameEngine] Player added: TestRole as The Sober
DEBUG ClubBlackout: [GameEngine] Adding player: Dealer1
INFO ClubBlackout: [GameEngine] Player added: Dealer1 as The Dealer
DEBUG ClubBlackout: [GameEngine] Adding player: PA1
INFO ClubBlackout: [GameEngine] Player added: PA1 as The Party Animal
DEBUG ClubBlackout: [GameEngine] Adding player: WF1
INFO ClubBlackout: [GameEngine] Player added: WF1 as The Wallflower
DEBUG ClubBlackout: [GameEngine] Adding player: Medic1
INFO ClubBlackout: [GameEngine] Player added: Medic1 as The Medic
DEBUG ClubBlackout: [GameEngine] Adding player: TestRole
INFO ClubBlackout: [GameEngine] Player added: TestRole as The Tea Spiller
DEBUG ClubBlackout: [GameEngine] Adding player: Dealer1
INFO ClubBlackout: [GameEngine] Player added: Dealer1 as The Dealer
DEBUG ClubBlackout: [GameEngine] Adding player: PA1
INFO ClubBlackout: [GameEngine] Player added: PA1 as The Party Animal
DEBUG ClubBlackout: [GameEngine] Adding player: WF1
INFO ClubBlackout: [GameEngine] Player added: WF1 as The Wallflower
DEBUG ClubBlackout: [GameEngine] Adding player: Medic1
INFO ClubBlackout: [GameEngine] Player added: Medic1 as The Medic
DEBUG ClubBlackout: [GameEngine] Adding player: Dealer1
INFO ClubBlackout: [GameEngine] Player added: Dealer1 as The Dealer
DEBUG ClubBlackout: [GameEngine] Adding player: PA1
INFO ClubBlackout: [GameEngine] Player added: PA1 as The Party Animal
DEBUG ClubBlackout: [GameEngine] Adding player: WF1
INFO ClubBlackout: [GameEngine] Player added: WF1 as The Wallflower
DEBUG ClubBlackout: [GameEngine] Adding player: Medic1
INFO ClubBlackout: [GameEngine] Player added: Medic1 as The Medic
DEBUG ClubBlackout: [GameEngine] Adding player: TestRole
INFO ClubBlackout: [GameEngine] Player added: TestRole as The Whore
00:05 +65 -2: C:/Users/kimro/Documents/Codex/Club Blackout Android Android/test/role_eventualities_matrix_test.dart: Role Coverage: Minimal Startability Variable roles start on start_alliance
DEBUG ClubBlackout: [GameEngine] Adding player: P1 dealer
INFO ClubBlackout: [GameEngine] Player added: P1 dealer as The Dealer
DEBUG ClubBlackout: [GameEngine] Adding player: P2 party animal
INFO ClubBlackout: [GameEngine] Player added: P2 party animal as The Party Animal
DEBUG ClubBlackout: [GameEngine] Adding player: P3 medic
INFO ClubBlackout: [GameEngine] Player added: P3 medic as The Medic
DEBUG ClubBlackout: [GameEngine] Adding player: P4 second wind
INFO ClubBlackout: [GameEngine] Player added: P4 second wind as The Second Wind
DEBUG ClubBlackout: [GameEngine] Adding player: P5 creep
INFO ClubBlackout: [GameEngine] Player added: P5 creep as The Creep
DEBUG ClubBlackout: [GameEngine] Adding player: P6 wallflower
INFO ClubBlackout: [GameEngine] Player added: P6 wallflower as The Wallflower
00:05 +66 -2: C:/Users/kimro/Documents/Codex/Club Blackout Android Android/test/role_eventualities_matrix_test.dart: Role Eventualities: Cross-Role Interactions Clinger heartbreak + Creep inheritance does not break flow
DEBUG ClubBlackout: [GameEngine] Adding player: Player 1
INFO ClubBlackout: [GameEngine] Player added: Player 1 as The Ally Cat
DEBUG ClubBlackout: [GameEngine] Adding player: Player 2
INFO ClubBlackout: [GameEngine] Player added: Player 2 as The Bartender
DEBUG ClubBlackout: [GameEngine] Adding player: Player 3
INFO ClubBlackout: [GameEngine] Player added: Player 3 as The Bouncer
DEBUG ClubBlackout: [GameEngine] Adding player: Player 4
INFO ClubBlackout: [GameEngine] Player added: Player 4 as The Clinger
DEBUG ClubBlackout: [GameEngine] Adding player: Player 5
INFO ClubBlackout: [GameEngine] Player added: Player 5 as The Club Manager
DEBUG ClubBlackout: [GameEngine] Adding player: Player 6
INFO ClubBlackout: [GameEngine] Player added: Player 6 as The Creep
DEBUG ClubBlackout: [GameEngine] Adding player: Player 7
INFO ClubBlackout: [GameEngine] Player added: Player 7 as The Dealer
DEBUG ClubBlackout: [GameEngine] Adding player: Player 8
INFO ClubBlackout: [GameEngine] Player added: Player 8 as The Drama Queen
DEBUG ClubBlackout: [GameEngine] Adding player: Player 9
INFO ClubBlackout: [GameEngine] Player added: Player 9 as The Lightweight
DEBUG ClubBlackout: [GameEngine] Adding player: Player 10
INFO ClubBlackout: [GameEngine] Player added: Player 10 as The Medic
DEBUG ClubBlackout: [GameEngine] Adding player: Player 11
INFO ClubBlackout: [GameEngine] Player added: Player 11 as The Messy Bitch
DEBUG ClubBlackout: [GameEngine] Adding player: Player 12
INFO ClubBlackout: [GameEngine] Player added: Player 12 as The Minor
DEBUG ClubBlackout: [GameEngine] Adding player: Player 13
INFO ClubBlackout: [GameEngine] Player added: Player 13 as The Party Animal
DEBUG ClubBlackout: [GameEngine] Adding player: Player 14
INFO ClubBlackout: [GameEngine] Player added: Player 14 as The Predator
DEBUG ClubBlackout: [GameEngine] Adding player: Player 15
INFO ClubBlackout: [GameEngine] Player added: Player 15 as The Roofi
DEBUG ClubBlackout: [GameEngine] Adding player: Player 16
INFO ClubBlackout: [GameEngine] Player added: Player 16 as The Seasoned Drinker
DEBUG ClubBlackout: [GameEngine] Adding player: Player 17
INFO ClubBlackout: [GameEngine] Player added: Player 17 as The Second Wind
DEBUG ClubBlackout: [GameEngine] Adding player: Player 18
INFO ClubBlackout: [GameEngine] Player added: Player 18 as The Silver Fox
DEBUG ClubBlackout: [GameEngine] Adding player: Player 19
INFO ClubBlackout: [GameEngine] Player added: Player 19 as The Sober
DEBUG ClubBlackout: [GameEngine] Adding player: Player 20
INFO ClubBlackout: [GameEngine] Player added: Player 20 as The Tea Spiller
DEBUG ClubBlackout: [GameEngine] Adding player: Player 21
INFO ClubBlackout: [GameEngine] Player added: Player 21 as The Wallflower
DEBUG ClubBlackout: [GameEngine] Adding player: Player 22
INFO ClubBlackout: [GameEngine] Player added: Player 22 as The Whore
00:05 +67 -2: C:/Users/kimro/Documents/Codex/Club Blackout Android Android/test/role_eventualities_matrix_test.dart: Role Eventualities: Cross-Role Interactions Second Wind conversion YES produces a new Dealer
DEBUG ClubBlackout: [GameEngine] Adding player: Player 1
INFO ClubBlackout: [GameEngine] Player added: Player 1 as The Ally Cat
DEBUG ClubBlackout: [GameEngine] Adding player: Player 2
INFO ClubBlackout: [GameEngine] Player added: Player 2 as The Bartender
DEBUG ClubBlackout: [GameEngine] Adding player: Player 3
INFO ClubBlackout: [GameEngine] Player added: Player 3 as The Bouncer
DEBUG ClubBlackout: [GameEngine] Adding player: Player 4
INFO ClubBlackout: [GameEngine] Player added: Player 4 as The Clinger
DEBUG ClubBlackout: [GameEngine] Adding player: Player 5
INFO ClubBlackout: [GameEngine] Player added: Player 5 as The Club Manager
DEBUG ClubBlackout: [GameEngine] Adding player: Player 6
INFO ClubBlackout: [GameEngine] Player added: Player 6 as The Creep
DEBUG ClubBlackout: [GameEngine] Adding player: Player 7
INFO ClubBlackout: [GameEngine] Player added: Player 7 as The Dealer
DEBUG ClubBlackout: [GameEngine] Adding player: Player 8
INFO ClubBlackout: [GameEngine] Player added: Player 8 as The Drama Queen
DEBUG ClubBlackout: [GameEngine] Adding player: Player 9
INFO ClubBlackout: [GameEngine] Player added: Player 9 as The Lightweight
DEBUG ClubBlackout: [GameEngine] Adding player: Player 10
INFO ClubBlackout: [GameEngine] Player added: Player 10 as The Medic
DEBUG ClubBlackout: [GameEngine] Adding player: Player 11
INFO ClubBlackout: [GameEngine] Player added: Player 11 as The Messy Bitch
DEBUG ClubBlackout: [GameEngine] Adding player: Player 12
INFO ClubBlackout: [GameEngine] Player added: Player 12 as The Minor
DEBUG ClubBlackout: [GameEngine] Adding player: Player 13
INFO ClubBlackout: [GameEngine] Player added: Player 13 as The Party Animal
DEBUG ClubBlackout: [GameEngine] Adding player: Player 14
INFO ClubBlackout: [GameEngine] Player added: Player 14 as The Predator
DEBUG ClubBlackout: [GameEngine] Adding player: Player 15
INFO ClubBlackout: [GameEngine] Player added: Player 15 as The Roofi
DEBUG ClubBlackout: [GameEngine] Adding player: Player 16
INFO ClubBlackout: [GameEngine] Player added: Player 16 as The Seasoned Drinker
DEBUG ClubBlackout: [GameEngine] Adding player: Player 17
INFO ClubBlackout: [GameEngine] Player added: Player 17 as The Second Wind
DEBUG ClubBlackout: [GameEngine] Adding player: Player 18
INFO ClubBlackout: [GameEngine] Player added: Player 18 as The Silver Fox
DEBUG ClubBlackout: [GameEngine] Adding player: Player 19
INFO ClubBlackout: [GameEngine] Player added: Player 19 as The Sober
DEBUG ClubBlackout: [GameEngine] Adding player: Player 20
INFO ClubBlackout: [GameEngine] Player added: Player 20 as The Tea Spiller
DEBUG ClubBlackout: [GameEngine] Adding player: Player 21
INFO ClubBlackout: [GameEngine] Player added: Player 21 as The Wallflower
DEBUG ClubBlackout: [GameEngine] Adding player: Player 22
INFO ClubBlackout: [GameEngine] Player added: Player 22 as The Whore
00:05 +68 -2: C:/Users/kimro/Documents/Codex/Club Blackout Android Android/test/role_eventualities_matrix_test.dart: Role Eventualities: Cross-Role Interactions Second Wind conversion NO results in death
DEBUG ClubBlackout: [GameEngine] Adding player: Player 1
INFO ClubBlackout: [GameEngine] Player added: Player 1 as The Ally Cat
DEBUG ClubBlackout: [GameEngine] Adding player: Player 2
INFO ClubBlackout: [GameEngine] Player added: Player 2 as The Bartender
DEBUG ClubBlackout: [GameEngine] Adding player: Player 3
INFO ClubBlackout: [GameEngine] Player added: Player 3 as The Bouncer
DEBUG ClubBlackout: [GameEngine] Adding player: Player 4
INFO ClubBlackout: [GameEngine] Player added: Player 4 as The Clinger
DEBUG ClubBlackout: [GameEngine] Adding player: Player 5
INFO ClubBlackout: [GameEngine] Player added: Player 5 as The Club Manager
DEBUG ClubBlackout: [GameEngine] Adding player: Player 6
INFO ClubBlackout: [GameEngine] Player added: Player 6 as The Creep
DEBUG ClubBlackout: [GameEngine] Adding player: Player 7
INFO ClubBlackout: [GameEngine] Player added: Player 7 as The Dealer
DEBUG ClubBlackout: [GameEngine] Adding player: Player 8
INFO ClubBlackout: [GameEngine] Player added: Player 8 as The Drama Queen
DEBUG ClubBlackout: [GameEngine] Adding player: Player 9
INFO ClubBlackout: [GameEngine] Player added: Player 9 as The Lightweight
DEBUG ClubBlackout: [GameEngine] Adding player: Player 10
INFO ClubBlackout: [GameEngine] Player added: Player 10 as The Medic
DEBUG ClubBlackout: [GameEngine] Adding player: Player 11
INFO ClubBlackout: [GameEngine] Player added: Player 11 as The Messy Bitch
DEBUG ClubBlackout: [GameEngine] Adding player: Player 12
INFO ClubBlackout: [GameEngine] Player added: Player 12 as The Minor
DEBUG ClubBlackout: [GameEngine] Adding player: Player 13
INFO ClubBlackout: [GameEngine] Player added: Player 13 as The Party Animal
DEBUG ClubBlackout: [GameEngine] Adding player: Player 14
INFO ClubBlackout: [GameEngine] Player added: Player 14 as The Predator
DEBUG ClubBlackout: [GameEngine] Adding player: Player 15
INFO ClubBlackout: [GameEngine] Player added: Player 15 as The Roofi
DEBUG ClubBlackout: [GameEngine] Adding player: Player 16
INFO ClubBlackout: [GameEngine] Player added: Player 16 as The Seasoned Drinker
DEBUG ClubBlackout: [GameEngine] Adding player: Player 17
INFO ClubBlackout: [GameEngine] Player added: Player 17 as The Second Wind
DEBUG ClubBlackout: [GameEngine] Adding player: Player 18
INFO ClubBlackout: [GameEngine] Player added: Player 18 as The Silver Fox
DEBUG ClubBlackout: [GameEngine] Adding player: Player 19
INFO ClubBlackout: [GameEngine] Player added: Player 19 as The Sober
DEBUG ClubBlackout: [GameEngine] Adding player: Player 20
INFO ClubBlackout: [GameEngine] Player added: Player 20 as The Tea Spiller
DEBUG ClubBlackout: [GameEngine] Adding player: Player 21
INFO ClubBlackout: [GameEngine] Player added: Player 21 as The Wallflower
DEBUG ClubBlackout: [GameEngine] Adding player: Player 22
INFO ClubBlackout: [GameEngine] Player added: Player 22 as The Whore
00:05 +69 -2: C:/Users/kimro/Documents/Codex/Club Blackout Android Android/test/role_smoke_playthrough_all_roles_test.dart: (setUpAll)
00:05 +69 -2: C:/Users/kimro/Documents/Codex/Club Blackout Android Android/test/role_eventualities_matrix_test.dart: Role Eventualities: Engine Branch Coverage Minor cannot die to Dealer kill until IDÔÇÖd
DEBUG ClubBlackout: [GameEngine] Adding player: P1 dealer
INFO ClubBlackout: [GameEngine] Player added: P1 dealer as The Dealer
DEBUG ClubBlackout: [GameEngine] Adding player: P2 party animal
INFO ClubBlackout: [GameEngine] Player added: P2 party animal as The Party Animal
DEBUG ClubBlackout: [GameEngine] Adding player: P3 bouncer
INFO ClubBlackout: [GameEngine] Player added: P3 bouncer as The Bouncer
DEBUG ClubBlackout: [GameEngine] Adding player: P4 minor
INFO ClubBlackout: [GameEngine] Player added: P4 minor as The Minor
DEBUG ClubBlackout: [GameEngine] Adding player: P5 wallflower
INFO ClubBlackout: [GameEngine] Player added: P5 wallflower as The Wallflower
00:05 +70 -2: C:/Users/kimro/Documents/Codex/Club Blackout Android Android/test/role_smoke_playthrough_all_roles_test.dart: (setUpAll)
00:05 +70 -2: C:/Users/kimro/Documents/Codex/Club Blackout Android Android/test/role_eventualities_matrix_test.dart: Role Eventualities: Engine Branch Coverage Minor becomes killable after being IDÔÇÖd
DEBUG ClubBlackout: [GameEngine] Adding player: P1 dealer
INFO ClubBlackout: [GameEngine] Player added: P1 dealer as The Dealer
DEBUG ClubBlackout: [GameEngine] Adding player: P2 party animal
INFO ClubBlackout: [GameEngine] Player added: P2 party animal as The Party Animal
DEBUG ClubBlackout: [GameEngine] Adding player: P3 bouncer
INFO ClubBlackout: [GameEngine] Player added: P3 bouncer as The Bouncer
DEBUG ClubBlackout: [GameEngine] Adding player: P4 minor
INFO ClubBlackout: [GameEngine] Player added: P4 minor as The Minor
DEBUG ClubBlackout: [GameEngine] Adding player: P5 wallflower
INFO ClubBlackout: [GameEngine] Player added: P5 wallflower as The Wallflower
00:05 +71 -2: C:/Users/kimro/Documents/Codex/Club Blackout Android Android/test/role_smoke_playthrough_all_roles_test.dart: (setUpAll)
00:05 +71 -2: C:/Users/kimro/Documents/Codex/Club Blackout Android Android/test/role_eventualities_matrix_test.dart: Role Eventualities: Engine Branch Coverage Bouncer successfully steals Roofi ability on correct challenge
DEBUG ClubBlackout: [GameEngine] Adding player: P1 dealer
INFO ClubBlackout: [GameEngine] Player added: P1 dealer as The Dealer
DEBUG ClubBlackout: [GameEngine] Adding player: P2 party animal
INFO ClubBlackout: [GameEngine] Player added: P2 party animal as The Party Animal
DEBUG ClubBlackout: [GameEngine] Adding player: P3 bouncer
INFO ClubBlackout: [GameEngine] Player added: P3 bouncer as The Bouncer
DEBUG ClubBlackout: [GameEngine] Adding player: P4 roofi
INFO ClubBlackout: [GameEngine] Player added: P4 roofi as The Roofi
DEBUG ClubBlackout: [GameEngine] Adding player: P5 medic
INFO ClubBlackout: [GameEngine] Player added: P5 medic as The Medic
DEBUG ClubBlackout: [GameEngine] Adding player: P6 wallflower
INFO ClubBlackout: [GameEngine] Player added: P6 wallflower as The Wallflower
00:05 +72 -2: C:/Users/kimro/Documents/Codex/Club Blackout Android Android/test/role_smoke_playthrough_all_roles_test.dart: (setUpAll)
00:05 +72 -2: C:/Users/kimro/Documents/Codex/Club Blackout Android Android/test/role_eventualities_matrix_test.dart: Role Eventualities: Engine Branch Coverage Bouncer loses ID check ability on incorrect Roofi challenge
DEBUG ClubBlackout: [GameEngine] Adding player: P1 dealer
INFO ClubBlackout: [GameEngine] Player added: P1 dealer as The Dealer
DEBUG ClubBlackout: [GameEngine] Adding player: P2 party animal
INFO ClubBlackout: [GameEngine] Player added: P2 party animal as The Party Animal
DEBUG ClubBlackout: [GameEngine] Adding player: P3 bouncer
INFO ClubBlackout: [GameEngine] Player added: P3 bouncer as The Bouncer
DEBUG ClubBlackout: [GameEngine] Adding player: P4 roofi
INFO ClubBlackout: [GameEngine] Player added: P4 roofi as The Roofi
DEBUG ClubBlackout: [GameEngine] Adding player: P5 medic
INFO ClubBlackout: [GameEngine] Player added: P5 medic as The Medic
DEBUG ClubBlackout: [GameEngine] Adding player: P6 wallflower
INFO ClubBlackout: [GameEngine] Player added: P6 wallflower as The Wallflower
00:05 +73 -2: C:/Users/kimro/Documents/Codex/Club Blackout Android Android/test/role_smoke_playthrough_all_roles_test.dart: All roles: can start and play through setup + one night
00:05 +73 -2: C:/Users/kimro/Documents/Codex/Club Blackout Android Android/test/role_eventualities_matrix_test.dart: Role Eventualities: Engine Branch Coverage Medic PROTECT prevents Dealer kill
DEBUG ClubBlackout: [GameEngine] Adding player: P1 dealer
INFO ClubBlackout: [GameEngine] Player added: P1 dealer as The Dealer
DEBUG ClubBlackout: [GameEngine] Adding player: P2 party animal
INFO ClubBlackout: [GameEngine] Player added: P2 party animal as The Party Animal
DEBUG ClubBlackout: [GameEngine] Adding player: P3 medic
INFO ClubBlackout: [GameEngine] Player added: P3 medic as The Medic
DEBUG ClubBlackout: [GameEngine] Adding player: P4 wallflower
INFO ClubBlackout: [GameEngine] Player added: P4 wallflower as The Wallflower
00:05 +74 -2: C:/Users/kimro/Documents/Codex/Club Blackout Android Android/test/role_smoke_playthrough_all_roles_test.dart: All roles: can start and play through setup + one night
00:05 +74 -2: C:/Users/kimro/Documents/Codex/Club Blackout Android Android/test/role_eventualities_matrix_test.dart: Role Eventualities: Engine Branch Coverage Medic REVIVE can resurrect a dead player same night
DEBUG ClubBlackout: [GameEngine] Adding player: P1 dealer
INFO ClubBlackout: [GameEngine] Player added: P1 dealer as The Dealer
DEBUG ClubBlackout: [GameEngine] Adding player: P2 party animal
INFO ClubBlackout: [GameEngine] Player added: P2 party animal as The Party Animal
DEBUG ClubBlackout: [GameEngine] Adding player: P3 medic
INFO ClubBlackout: [GameEngine] Player added: P3 medic as The Medic
DEBUG ClubBlackout: [GameEngine] Adding player: P4 wallflower
INFO ClubBlackout: [GameEngine] Player added: P4 wallflower as The Wallflower
00:05 +75 -2: C:/Users/kimro/Documents/Codex/Club Blackout Android Android/test/role_smoke_playthrough_all_roles_test.dart: All roles: can start and play through setup + one night
00:05 +75 -2: C:/Users/kimro/Documents/Codex/Club Blackout Android Android/test/role_eventualities_matrix_test.dart: Role Eventualities: Engine Branch Coverage Medic setup choice is locked after Night 1 selection
DEBUG ClubBlackout: [GameEngine] Adding player: P1 dealer
INFO ClubBlackout: [GameEngine] Player added: P1 dealer as The Dealer
DEBUG ClubBlackout: [GameEngine] Adding player: P2 party animal
INFO ClubBlackout: [GameEngine] Player added: P2 party animal as The Party Animal
DEBUG ClubBlackout: [GameEngine] Adding player: P3 medic
INFO ClubBlackout: [GameEngine] Player added: P3 medic as The Medic
DEBUG ClubBlackout: [GameEngine] Adding player: P4 wallflower
INFO ClubBlackout: [GameEngine] Player added: P4 wallflower as The Wallflower
00:05 +76 -2: C:/Users/kimro/Documents/Codex/Club Blackout Android Android/test/role_smoke_playthrough_all_roles_test.dart: All roles: can start and play through setup + one night
00:05 +76 -2: C:/Users/kimro/Documents/Codex/Club Blackout Android Android/test/role_eventualities_matrix_test.dart: Role Eventualities: Engine Branch Coverage Medic REVIVE cannot resurrect a Dealer
DEBUG ClubBlackout: [GameEngine] Adding player: P1 dealer
INFO ClubBlackout: [GameEngine] Player added: P1 dealer as The Dealer
DEBUG ClubBlackout: [GameEngine] Adding player: P2 party animal
INFO ClubBlackout: [GameEngine] Player added: P2 party animal as The Party Animal
DEBUG ClubBlackout: [GameEngine] Adding player: P3 medic
INFO ClubBlackout: [GameEngine] Player added: P3 medic as The Medic
DEBUG ClubBlackout: [GameEngine] Adding player: P4 wallflower
INFO ClubBlackout: [GameEngine] Player added: P4 wallflower as The Wallflower
00:05 +77 -2: C:/Users/kimro/Documents/Codex/Club Blackout Android Android/test/role_smoke_playthrough_all_roles_test.dart: All roles: can start and play through setup + one night
00:05 +77 -2: C:/Users/kimro/Documents/Codex/Club Blackout Android Android/test/role_eventualities_matrix_test.dart: Role Eventualities: Engine Branch Coverage Medic REVIVE can resurrect themselves even if dead
DEBUG ClubBlackout: [GameEngine] Adding player: P1 dealer
INFO ClubBlackout: [GameEngine] Player added: P1 dealer as The Dealer
DEBUG ClubBlackout: [GameEngine] Adding player: P2 party animal
INFO ClubBlackout: [GameEngine] Player added: P2 party animal as The Party Animal
DEBUG ClubBlackout: [GameEngine] Adding player: P3 medic
INFO ClubBlackout: [GameEngine] Player added: P3 medic as The Medic
DEBUG ClubBlackout: [GameEngine] Adding player: P4 wallflower
INFO ClubBlackout: [GameEngine] Player added: P4 wallflower as The Wallflower
00:05 +78 -2: C:/Users/kimro/Documents/Codex/Club Blackout Android Android/test/role_smoke_playthrough_all_roles_test.dart: All roles: can start and play through setup + one night
00:05 +78 -2: C:/Users/kimro/Documents/Codex/Club Blackout Android Android/test/role_eventualities_matrix_test.dart: Role Eventualities: Engine Branch Coverage Dead Medic cannot resurrect other players
DEBUG ClubBlackout: [GameEngine] Adding player: P1 dealer
INFO ClubBlackout: [GameEngine] Player added: P1 dealer as The Dealer
DEBUG ClubBlackout: [GameEngine] Adding player: P2 party animal
INFO ClubBlackout: [GameEngine] Player added: P2 party animal as The Party Animal
DEBUG ClubBlackout: [GameEngine] Adding player: P3 medic
INFO ClubBlackout: [GameEngine] Player added: P3 medic as The Medic
DEBUG ClubBlackout: [GameEngine] Adding player: P4 wallflower
INFO ClubBlackout: [GameEngine] Player added: P4 wallflower as The Wallflower
00:05 +79 -2: C:/Users/kimro/Documents/Codex/Club Blackout Android Android/test/role_smoke_playthrough_all_roles_test.dart: All roles: can start and play through setup + one night
00:05 +79 -2: C:/Users/kimro/Documents/Codex/Club Blackout Android Android/test/role_eventualities_matrix_test.dart: Role Eventualities: Engine Branch Coverage Sober sending Dealer home prevents Dealer murder
DEBUG ClubBlackout: [GameEngine] Adding player: P1 dealer
INFO ClubBlackout: [GameEngine] Player added: P1 dealer as The Dealer
DEBUG ClubBlackout: [GameEngine] Adding player: P2 party animal
INFO ClubBlackout: [GameEngine] Player added: P2 party animal as The Party Animal
DEBUG ClubBlackout: [GameEngine] Adding player: P3 medic
INFO ClubBlackout: [GameEngine] Player added: P3 medic as The Medic
DEBUG ClubBlackout: [GameEngine] Adding player: P4 sober
INFO ClubBlackout: [GameEngine] Player added: P4 sober as The Sober
DEBUG ClubBlackout: [GameEngine] Adding player: P5 wallflower
INFO ClubBlackout: [GameEngine] Player added: P5 wallflower as The Wallflower
00:05 +80 -2: C:/Users/kimro/Documents/Codex/Club Blackout Android Android/test/role_smoke_playthrough_all_roles_test.dart: All roles: can start and play through setup + one night
00:05 +80 -2: C:/Users/kimro/Documents/Codex/Club Blackout Android Android/test/role_eventualities_matrix_test.dart: Role Eventualities: Engine Branch Coverage Sober sending someone home protects them from Dealer kill
DEBUG ClubBlackout: [GameEngine] Adding player: P1 dealer
INFO ClubBlackout: [GameEngine] Player added: P1 dealer as The Dealer
DEBUG ClubBlackout: [GameEngine] Adding player: P2 party animal
INFO ClubBlackout: [GameEngine] Player added: P2 party animal as The Party Animal
DEBUG ClubBlackout: [GameEngine] Adding player: P3 medic
INFO ClubBlackout: [GameEngine] Player added: P3 medic as The Medic
DEBUG ClubBlackout: [GameEngine] Adding player: P4 sober
INFO ClubBlackout: [GameEngine] Player added: P4 sober as The Sober
DEBUG ClubBlackout: [GameEngine] Adding player: P5 wallflower
INFO ClubBlackout: [GameEngine] Player added: P5 wallflower as The Wallflower
00:05 +81 -2: C:/Users/kimro/Documents/Codex/Club Blackout Android Android/test/role_smoke_playthrough_all_roles_test.dart: All roles: can start and play through setup + one night
00:05 +81 -2: C:/Users/kimro/Documents/Codex/Club Blackout Android Android/test/role_eventualities_matrix_test.dart: Role Eventualities: Engine Branch Coverage Sober sent-home player cannot vote during the day
DEBUG ClubBlackout: [GameEngine] Adding player: P1 dealer
INFO ClubBlackout: [GameEngine] Player added: P1 dealer as The Dealer
DEBUG ClubBlackout: [GameEngine] Adding player: P2 party animal
INFO ClubBlackout: [GameEngine] Player added: P2 party animal as The Party Animal
DEBUG ClubBlackout: [GameEngine] Adding player: P3 medic
INFO ClubBlackout: [GameEngine] Player added: P3 medic as The Medic
DEBUG ClubBlackout: [GameEngine] Adding player: P4 sober
INFO ClubBlackout: [GameEngine] Player added: P4 sober as The Sober
DEBUG ClubBlackout: [GameEngine] Adding player: P5 wallflower
INFO ClubBlackout: [GameEngine] Player added: P5 wallflower as The Wallflower
00:05 +82 -2: C:/Users/kimro/Documents/Codex/Club Blackout Android Android/test/role_smoke_playthrough_all_roles_test.dart: All roles: can start and play through setup + one night
00:05 +82 -2: C:/Users/kimro/Documents/Codex/Club Blackout Android Android/test/role_eventualities_matrix_test.dart: Role Eventualities: Engine Branch Coverage Day vote tally ignores sent-home voters defensively
DEBUG ClubBlackout: [GameEngine] Adding player: P1 dealer
INFO ClubBlackout: [GameEngine] Player added: P1 dealer as The Dealer
DEBUG ClubBlackout: [GameEngine] Adding player: P2 party animal
INFO ClubBlackout: [GameEngine] Player added: P2 party animal as The Party Animal
DEBUG ClubBlackout: [GameEngine] Adding player: P3 medic
INFO ClubBlackout: [GameEngine] Player added: P3 medic as The Medic
DEBUG ClubBlackout: [GameEngine] Adding player: P4 sober
INFO ClubBlackout: [GameEngine] Player added: P4 sober as The Sober
DEBUG ClubBlackout: [GameEngine] Adding player: P5 wallflower
INFO ClubBlackout: [GameEngine] Player added: P5 wallflower as The Wallflower
00:05 +83 -2: C:/Users/kimro/Documents/Codex/Club Blackout Android Android/test/role_smoke_playthrough_all_roles_test.dart: All roles: can start and play through setup + one night
00:05 +83 -2: C:/Users/kimro/Documents/Codex/Club Blackout Android Android/test/role_eventualities_matrix_test.dart: Role Eventualities: Engine Branch Coverage Seasoned Drinker burns a life only on Dealer kill attempts
DEBUG ClubBlackout: [GameEngine] Adding player: P1 dealer
INFO ClubBlackout: [GameEngine] Player added: P1 dealer as The Dealer
DEBUG ClubBlackout: [GameEngine] Adding player: P2 dealer
INFO ClubBlackout: [GameEngine] Player added: P2 dealer as The Dealer
DEBUG ClubBlackout: [GameEngine] Adding player: P3 seasoned drinker
INFO ClubBlackout: [GameEngine] Player added: P3 seasoned drinker as The Seasoned Drinker
DEBUG ClubBlackout: [GameEngine] Adding player: P4 party animal
INFO ClubBlackout: [GameEngine] Player added: P4 party animal as The Party Animal
DEBUG ClubBlackout: [GameEngine] Adding player: P5 medic
INFO ClubBlackout: [GameEngine] Player added: P5 medic as The Medic
DEBUG ClubBlackout: [GameEngine] Adding player: P6 wallflower
INFO ClubBlackout: [GameEngine] Player added: P6 wallflower as The Wallflower
00:05 +84 -2: C:/Users/kimro/Documents/Codex/Club Blackout Android Android/test/role_smoke_playthrough_all_roles_test.dart: All roles: can start and play through setup + one night
00:05 +84 -2: C:/Users/kimro/Documents/Codex/Club Blackout Android Android/test/role_eventualities_matrix_test.dart: Role Eventualities: Engine Branch Coverage Seasoned Drinker burns a life on night_kill_special
DEBUG ClubBlackout: [GameEngine] Adding player: P1 dealer
INFO ClubBlackout: [GameEngine] Player added: P1 dealer as The Dealer
DEBUG ClubBlackout: [GameEngine] Adding player: P2 dealer
INFO ClubBlackout: [GameEngine] Player added: P2 dealer as The Dealer
DEBUG ClubBlackout: [GameEngine] Adding player: P3 seasoned drinker
INFO ClubBlackout: [GameEngine] Player added: P3 seasoned drinker as The Seasoned Drinker
DEBUG ClubBlackout: [GameEngine] Adding player: P4 party animal
INFO ClubBlackout: [GameEngine] Player added: P4 party animal as The Party Animal
DEBUG ClubBlackout: [GameEngine] Adding player: P5 medic
INFO ClubBlackout: [GameEngine] Player added: P5 medic as The Medic
DEBUG ClubBlackout: [GameEngine] Adding player: P6 wallflower
INFO ClubBlackout: [GameEngine] Player added: P6 wallflower as The Wallflower
00:05 +85 -2: C:/Users/kimro/Documents/Codex/Club Blackout Android Android/test/role_smoke_playthrough_all_roles_test.dart: All roles: can start and play through setup + one night
00:05 +85 -2: C:/Users/kimro/Documents/Codex/Club Blackout Android Android/test/role_eventualities_matrix_test.dart: Role Eventualities: Engine Branch Coverage Seasoned Drinker extra lives do not apply to non-Dealer night kills
DEBUG ClubBlackout: [GameEngine] Adding player: P1 dealer
INFO ClubBlackout: [GameEngine] Player added: P1 dealer as The Dealer
DEBUG ClubBlackout: [GameEngine] Adding player: P2 dealer
INFO ClubBlackout: [GameEngine] Player added: P2 dealer as The Dealer
DEBUG ClubBlackout: [GameEngine] Adding player: P3 seasoned drinker
INFO ClubBlackout: [GameEngine] Player added: P3 seasoned drinker as The Seasoned Drinker
DEBUG ClubBlackout: [GameEngine] Adding player: P4 party animal
INFO ClubBlackout: [GameEngine] Player added: P4 party animal as The Party Animal
DEBUG ClubBlackout: [GameEngine] Adding player: P5 medic
INFO ClubBlackout: [GameEngine] Player added: P5 medic as The Medic
DEBUG ClubBlackout: [GameEngine] Adding player: P6 wallflower
INFO ClubBlackout: [GameEngine] Player added: P6 wallflower as The Wallflower
00:05 +86 -2: C:/Users/kimro/Documents/Codex/Club Blackout Android Android/test/role_smoke_playthrough_all_roles_test.dart: All roles: can start and play through setup + one night
00:05 +86 -2: C:/Users/kimro/Documents/Codex/Club Blackout Android Android/test/role_eventualities_matrix_test.dart: Role Eventualities: Engine Branch Coverage Roofi blocks single Dealer on following night and silences next day
DEBUG ClubBlackout: [GameEngine] Adding player: P1 dealer
INFO ClubBlackout: [GameEngine] Player added: P1 dealer as The Dealer
DEBUG ClubBlackout: [GameEngine] Adding player: P2 party animal
INFO ClubBlackout: [GameEngine] Player added: P2 party animal as The Party Animal
DEBUG ClubBlackout: [GameEngine] Adding player: P3 medic
INFO ClubBlackout: [GameEngine] Player added: P3 medic as The Medic
DEBUG ClubBlackout: [GameEngine] Adding player: P4 roofi
INFO ClubBlackout: [GameEngine] Player added: P4 roofi as The Roofi
DEBUG ClubBlackout: [GameEngine] Adding player: P5 wallflower
INFO ClubBlackout: [GameEngine] Player added: P5 wallflower as The Wallflower
00:05 +87 -2: C:/Users/kimro/Documents/Codex/Club Blackout Android Android/test/role_smoke_playthrough_all_roles_test.dart: All roles: can start and play through setup + one night
DEBUG ClubBlackout: [GameEngine] Adding player: Dealer 1
INFO ClubBlackout: [GameEngine] Player added: Dealer 1 as The Dealer
DEBUG ClubBlackout: [GameEngine] Adding player: Party 1
INFO ClubBlackout: [GameEngine] Player added: Party 1 as The Party Animal
DEBUG ClubBlackout: [GameEngine] Adding player: Wallflower 1
INFO ClubBlackout: [GameEngine] Player added: Wallflower 1 as The Wallflower
DEBUG ClubBlackout: [GameEngine] Adding player: Medic 1
00:05 +87 -2: C:/Users/kimro/Documents/Codex/Club Blackout Android Android/test/role_eventualities_matrix_test.dart: Role Eventualities: Engine Branch Coverage Roofi silenced player cannot vote during silenced day
DEBUG ClubBlackout: [GameEngine] Adding player: P1 dealer
INFO ClubBlackout: [GameEngine] Player added: P1 dealer as The Dealer
DEBUG ClubBlackout: [GameEngine] Adding player: P2 party animal
00:05 +87 -2: C:/Users/kimro/Documents/Codex/Club Blackout Android Android/test/role_smoke_playthrough_all_roles_test.dart: All roles: can start and play through setup + one night
INFO ClubBlackout: [GameEngine] Player added: Medic 1 as The Medic
DEBUG ClubBlackout: [GameEngine] Adding player: Test Role
00:05 +87 -2: C:/Users/kimro/Documents/Codex/Club Blackout Android Android/test/role_eventualities_matrix_test.dart: Role Eventualities: Engine Branch Coverage Roofi silenced player cannot vote during silenced day
INFO ClubBlackout: [GameEngine] Player added: P2 party animal as The Party Animal
00:05 +87 -2: C:/Users/kimro/Documents/Codex/Club Blackout Android Android/test/role_smoke_playthrough_all_roles_test.dart: All roles: can start and play through setup + one night
INFO ClubBlackout: [GameEngine] Player added: Test Role as The Ally Cat
00:05 +87 -2: C:/Users/kimro/Documents/Codex/Club Blackout Android Android/test/role_eventualities_matrix_test.dart: Role Eventualities: Engine Branch Coverage Roofi silenced player cannot vote during silenced day
DEBUG ClubBlackout: [GameEngine] Adding player: P3 medic
INFO ClubBlackout: [GameEngine] Player added: P3 medic as The Medic
DEBUG ClubBlackout: [GameEngine] Adding player: P4 roofi
00:05 +87 -2: C:/Users/kimro/Documents/Codex/Club Blackout Android Android/test/role_smoke_playthrough_all_roles_test.dart: All roles: can start and play through setup + one night
DEBUG ClubBlackout: [GameEngine] Adding player: Dealer 1
INFO ClubBlackout: [GameEngine] Player added: Dealer 1 as The Dealer
00:05 +87 -2: C:/Users/kimro/Documents/Codex/Club Blackout Android Android/test/role_eventualities_matrix_test.dart: Role Eventualities: Engine Branch Coverage Roofi silenced player cannot vote during silenced day
INFO ClubBlackout: [GameEngine] Player added: P4 roofi as The Roofi
DEBUG ClubBlackout: [GameEngine] Adding player: P5 wallflower
00:05 +87 -2: C:/Users/kimro/Documents/Codex/Club Blackout Android Android/test/role_smoke_playthrough_all_roles_test.dart: All roles: can start and play through setup + one night
DEBUG ClubBlackout: [GameEngine] Adding player: Party 1
00:05 +87 -2: C:/Users/kimro/Documents/Codex/Club Blackout Android Android/test/role_eventualities_matrix_test.dart: Role Eventualities: Engine Branch Coverage Roofi silenced player cannot vote during silenced day
INFO ClubBlackout: [GameEngine] Player added: P5 wallflower as The Wallflower
00:05 +88 -2: C:/Users/kimro/Documents/Codex/Club Blackout Android Android/test/role_smoke_playthrough_all_roles_test.dart: All roles: can start and play through setup + one night
INFO ClubBlackout: [GameEngine] Player added: Party 1 as The Party Animal
DEBUG ClubBlackout: [GameEngine] Adding player: Wallflower 1
INFO ClubBlackout: [GameEngine] Player added: Wallflower 1 as The Wallflower
DEBUG ClubBlackout: [GameEngine] Adding player: Medic 1
INFO ClubBlackout: [GameEngine] Player added: Medic 1 as The Medic
DEBUG ClubBlackout: [GameEngine] Adding player: Test Role
INFO ClubBlackout: [GameEngine] Player added: Test Role as The Bartender
DEBUG ClubBlackout: [GameEngine] Adding player: Dealer 1
INFO ClubBlackout: [GameEngine] Player added: Dealer 1 as The Dealer
DEBUG ClubBlackout: [GameEngine] Adding player: Party 1
INFO ClubBlackout: [GameEngine] Player added: Party 1 as The Party Animal
DEBUG ClubBlackout: [GameEngine] Adding player: Wallflower 1
INFO ClubBlackout: [GameEngine] Player added: Wallflower 1 as The Wallflower
DEBUG ClubBlackout: [GameEngine] Adding player: Bouncer 1
INFO ClubBlackout: [GameEngine] Player added: Bouncer 1 as The Bouncer
DEBUG ClubBlackout: [GameEngine] Adding player: Dealer 1
00:05 +88 -2: C:/Users/kimro/Documents/Codex/Club Blackout Android Android/test/role_eventualities_matrix_test.dart: Role Eventualities: Engine Branch Coverage Roofi prevents a roofi'd player from acting later that night
DEBUG ClubBlackout: [GameEngine] Adding player: P1 dealer
00:05 +88 -2: C:/Users/kimro/Documents/Codex/Club Blackout Android Android/test/role_smoke_playthrough_all_roles_test.dart: All roles: can start and play through setup + one night
INFO ClubBlackout: [GameEngine] Player added: Dealer 1 as The Dealer
00:05 +88 -2: C:/Users/kimro/Documents/Codex/Club Blackout Android Android/test/role_eventualities_matrix_test.dart: Role Eventualities: Engine Branch Coverage Roofi prevents a roofi'd player from acting later that night
INFO ClubBlackout: [GameEngine] Player added: P1 dealer as The Dealer
DEBUG ClubBlackout: [GameEngine] Adding player: P2 party animal
00:05 +88 -2: C:/Users/kimro/Documents/Codex/Club Blackout Android Android/test/role_smoke_playthrough_all_roles_test.dart: All roles: can start and play through setup + one night
DEBUG ClubBlackout: [GameEngine] Adding player: Party 1
00:05 +88 -2: C:/Users/kimro/Documents/Codex/Club Blackout Android Android/test/role_eventualities_matrix_test.dart: Role Eventualities: Engine Branch Coverage Roofi prevents a roofi'd player from acting later that night
INFO ClubBlackout: [GameEngine] Player added: P2 party animal as The Party Animal
DEBUG ClubBlackout: [GameEngine] Adding player: P3 roofi
INFO ClubBlackout: [GameEngine] Player added: P3 roofi as The Roofi
DEBUG ClubBlackout: [GameEngine] Adding player: P4 bartender
INFO ClubBlackout: [GameEngine] Player added: P4 bartender as The Bartender
DEBUG ClubBlackout: [GameEngine] Adding player: P5 wallflower
00:05 +88 -2: C:/Users/kimro/Documents/Codex/Club Blackout Android Android/test/role_smoke_playthrough_all_roles_test.dart: All roles: can start and play through setup + one night
INFO ClubBlackout: [GameEngine] Player added: Party 1 as The Party Animal
00:05 +88 -2: C:/Users/kimro/Documents/Codex/Club Blackout Android Android/test/role_eventualities_matrix_test.dart: Role Eventualities: Engine Branch Coverage Roofi prevents a roofi'd player from acting later that night
INFO ClubBlackout: [GameEngine] Player added: P5 wallflower as The Wallflower
DEBUG ClubBlackout: [GameEngine] Adding player: P6 medic
00:05 +88 -2: C:/Users/kimro/Documents/Codex/Club Blackout Android Android/test/role_smoke_playthrough_all_roles_test.dart: All roles: can start and play through setup + one night
DEBUG ClubBlackout: [GameEngine] Adding player: Wallflower 1
00:05 +88 -2: C:/Users/kimro/Documents/Codex/Club Blackout Android Android/test/role_eventualities_matrix_test.dart: Role Eventualities: Engine Branch Coverage Roofi prevents a roofi'd player from acting later that night
INFO ClubBlackout: [GameEngine] Player added: P6 medic as The Medic
00:05 +89 -2: C:/Users/kimro/Documents/Codex/Club Blackout Android Android/test/role_smoke_playthrough_all_roles_test.dart: All roles: can start and play through setup + one night
INFO ClubBlackout: [GameEngine] Player added: Wallflower 1 as The Wallflower
DEBUG ClubBlackout: [GameEngine] Adding player: Medic 1
INFO ClubBlackout: [GameEngine] Player added: Medic 1 as The Medic
DEBUG ClubBlackout: [GameEngine] Adding player: Test Role
INFO ClubBlackout: [GameEngine] Player added: Test Role as The Clinger
DEBUG ClubBlackout: [GameEngine] Adding player: Dealer 1
INFO ClubBlackout: [GameEngine] Player added: Dealer 1 as The Dealer
DEBUG ClubBlackout: [GameEngine] Adding player: Party 1
INFO ClubBlackout: [GameEngine] Player added: Party 1 as The Party Animal
DEBUG ClubBlackout: [GameEngine] Adding player: Wallflower 1
INFO ClubBlackout: [GameEngine] Player added: Wallflower 1 as The Wallflower
DEBUG ClubBlackout: [GameEngine] Adding player: Medic 1
INFO ClubBlackout: [GameEngine] Player added: Medic 1 as The Medic
DEBUG ClubBlackout: [GameEngine] Adding player: Test Role
INFO ClubBlackout: [GameEngine] Player added: Test Role as The Club Manager
DEBUG ClubBlackout: [GameEngine] Adding player: Dealer 1
INFO ClubBlackout: [GameEngine] Player added: Dealer 1 as The Dealer
DEBUG ClubBlackout: [GameEngine] Adding player: Party 1
INFO ClubBlackout: [GameEngine] Player added: Party 1 as The Party Animal
DEBUG ClubBlackout: [GameEngine] Adding player: Wallflower 1
INFO ClubBlackout: [GameEngine] Player added: Wallflower 1 as The Wallflower
DEBUG ClubBlackout: [GameEngine] Adding player: Medic 1
INFO ClubBlackout: [GameEngine] Player added: Medic 1 as The Medic
DEBUG ClubBlackout: [GameEngine] Adding player: Test Role
00:05 +89 -2: C:/Users/kimro/Documents/Codex/Club Blackout Android Android/test/role_eventualities_matrix_test.dart: Role Eventualities: Engine Branch Coverage Predator retaliation captures voters and can kill an eligible voter
DEBUG ClubBlackout: [GameEngine] Adding player: P1 dealer
INFO ClubBlackout: [GameEngine] Player added: P1 dealer as The Dealer
DEBUG ClubBlackout: [GameEngine] Adding player: P2 party animal
INFO ClubBlackout: [GameEngine] Player added: P2 party animal as The Party Animal
DEBUG ClubBlackout: [GameEngine] Adding player: P3 medic
INFO ClubBlackout: [GameEngine] Player added: P3 medic as The Medic
DEBUG ClubBlackout: [GameEngine] Adding player: P4 predator
INFO ClubBlackout: [GameEngine] Player added: P4 predator as The Predator
DEBUG ClubBlackout: [GameEngine] Adding player: P5 wallflower
INFO ClubBlackout: [GameEngine] Player added: P5 wallflower as The Wallflower
00:05 +90 -2: C:/Users/kimro/Documents/Codex/Club Blackout Android Android/test/role_smoke_playthrough_all_roles_test.dart: All roles: can start and play through setup + one night
INFO ClubBlackout: [GameEngine] Player added: Test Role as The Creep
DEBUG ClubBlackout: [GameEngine] Adding player: Dealer 1
INFO ClubBlackout: [GameEngine] Player added: Dealer 1 as The Dealer
DEBUG ClubBlackout: [GameEngine] Adding player: Party 1
INFO ClubBlackout: [GameEngine] Player added: Party 1 as The Party Animal
DEBUG ClubBlackout: [GameEngine] Adding player: Wallflower 1
INFO ClubBlackout: [GameEngine] Player added: Wallflower 1 as The Wallflower
DEBUG ClubBlackout: [GameEngine] Adding player: Medic 1
INFO ClubBlackout: [GameEngine] Player added: Medic 1 as The Medic
DEBUG ClubBlackout: [GameEngine] Adding player: Dealer 1
INFO ClubBlackout: [GameEngine] Player added: Dealer 1 as The Dealer
DEBUG ClubBlackout: [GameEngine] Adding player: Party 1
INFO ClubBlackout: [GameEngine] Player added: Party 1 as The Party Animal
DEBUG ClubBlackout: [GameEngine] Adding player: Wallflower 1
INFO ClubBlackout: [GameEngine] Player added: Wallflower 1 as The Wallflower
DEBUG ClubBlackout: [GameEngine] Adding player: Medic 1
INFO ClubBlackout: [GameEngine] Player added: Medic 1 as The Medic
DEBUG ClubBlackout: [GameEngine] Adding player: Test Role
INFO ClubBlackout: [GameEngine] Player added: Test Role as The Drama Queen
DEBUG ClubBlackout: [GameEngine] Adding player: Dealer 1
INFO ClubBlackout: [GameEngine] Player added: Dealer 1 as The Dealer
DEBUG ClubBlackout: [GameEngine] Adding player: Party 1
INFO ClubBlackout: [GameEngine] Player added: Party 1 as The Party Animal
DEBUG ClubBlackout: [GameEngine] Adding player: Wallflower 1
INFO ClubBlackout: [GameEngine] Player added: Wallflower 1 as The Wallflower
DEBUG ClubBlackout: [GameEngine] Adding player: Medic 1
INFO ClubBlackout: [GameEngine] Player added: Medic 1 as The Medic
DEBUG ClubBlackout: [GameEngine] Adding player: Test Role
INFO ClubBlackout: [GameEngine] Player added: Test Role as The Lightweight
DEBUG ClubBlackout: [GameEngine] Adding player: Dealer 1
INFO ClubBlackout: [GameEngine] Player added: Dealer 1 as The Dealer
DEBUG ClubBlackout: [GameEngine] Adding player: Party 1
INFO ClubBlackout: [GameEngine] Player added: Party 1 as The Party Animal
DEBUG ClubBlackout: [GameEngine] Adding player: Wallflower 1
INFO ClubBlackout: [GameEngine] Player added: Wallflower 1 as The Wallflower
DEBUG ClubBlackout: [GameEngine] Adding player: Medic 1
INFO ClubBlackout: [GameEngine] Player added: Medic 1 as The Medic
DEBUG ClubBlackout: [GameEngine] Adding player: Dealer 1
INFO ClubBlackout: [GameEngine] Player added: Dealer 1 as The Dealer
DEBUG ClubBlackout: [GameEngine] Adding player: Party 1
INFO ClubBlackout: [GameEngine] Player added: Party 1 as The Party Animal
DEBUG ClubBlackout: [GameEngine] Adding player: Wallflower 1
INFO ClubBlackout: [GameEngine] Player added: Wallflower 1 as The Wallflower
DEBUG ClubBlackout: [GameEngine] Adding player: Medic 1
INFO ClubBlackout: [GameEngine] Player added: Medic 1 as The Medic
DEBUG ClubBlackout: [GameEngine] Adding player: Test Role
INFO ClubBlackout: [GameEngine] Player added: Test Role as The Messy Bitch
DEBUG ClubBlackout: [GameEngine] Adding player: Dealer 1
INFO ClubBlackout: [GameEngine] Player added: Dealer 1 as The Dealer
DEBUG ClubBlackout: [GameEngine] Adding player: Party 1
INFO ClubBlackout: [GameEngine] Player added: Party 1 as The Party Animal
DEBUG ClubBlackout: [GameEngine] Adding player: Wallflower 1
INFO ClubBlackout: [GameEngine] Player added: Wallflower 1 as The Wallflower
DEBUG ClubBlackout: [GameEngine] Adding player: Medic 1
INFO ClubBlackout: [GameEngine] Player added: Medic 1 as The Medic
DEBUG ClubBlackout: [GameEngine] Adding player: Test Role
INFO ClubBlackout: [GameEngine] Player added: Test Role as The Minor
DEBUG ClubBlackout: [GameEngine] Adding player: Dealer 1
INFO ClubBlackout: [GameEngine] Player added: Dealer 1 as The Dealer
DEBUG ClubBlackout: [GameEngine] Adding player: Party 1
INFO ClubBlackout: [GameEngine] Player added: Party 1 as The Party Animal
DEBUG ClubBlackout: [GameEngine] Adding player: Wallflower 1
INFO ClubBlackout: [GameEngine] Player added: Wallflower 1 as The Wallflower
00:05 +90 -2: C:/Users/kimro/Documents/Codex/Club Blackout Android Android/test/role_eventualities_matrix_test.dart: Role Eventualities: Engine Branch Coverage Drama Queen death sets swap pending and completeDramaQueenSwap swaps roles
DEBUG ClubBlackout: [GameEngine] Adding player: P1 dealer
INFO ClubBlackout: [GameEngine] Player added: P1 dealer as The Dealer
DEBUG ClubBlackout: [GameEngine] Adding player: P2 party animal
INFO ClubBlackout: [GameEngine] Player added: P2 party animal as The Party Animal
DEBUG ClubBlackout: [GameEngine] Adding player: P3 medic
INFO ClubBlackout: [GameEngine] Player added: P3 medic as The Medic
DEBUG ClubBlackout: [GameEngine] Adding player: P4 drama queen
INFO ClubBlackout: [GameEngine] Player added: P4 drama queen as The Drama Queen
DEBUG ClubBlackout: [GameEngine] Adding player: P5 club manager
INFO ClubBlackout: [GameEngine] Player added: P5 club manager as The Club Manager
DEBUG ClubBlackout: [GameEngine] Adding player: P6 wallflower
INFO ClubBlackout: [GameEngine] Player added: P6 wallflower as The Wallflower
00:06 +91 -2: C:/Users/kimro/Documents/Codex/Club Blackout Android Android/test/role_smoke_playthrough_all_roles_test.dart: All roles: can start and play through setup + one night
DEBUG ClubBlackout: [GameEngine] Adding player: Medic 1
INFO ClubBlackout: [GameEngine] Player added: Medic 1 as The Medic
DEBUG ClubBlackout: [GameEngine] Adding player: Dealer 1
INFO ClubBlackout: [GameEngine] Player added: Dealer 1 as The Dealer
DEBUG ClubBlackout: [GameEngine] Adding player: Party 1
INFO ClubBlackout: [GameEngine] Player added: Party 1 as The Party Animal
DEBUG ClubBlackout: [GameEngine] Adding player: Wallflower 1
INFO ClubBlackout: [GameEngine] Player added: Wallflower 1 as The Wallflower
DEBUG ClubBlackout: [GameEngine] Adding player: Medic 1
INFO ClubBlackout: [GameEngine] Player added: Medic 1 as The Medic
DEBUG ClubBlackout: [GameEngine] Adding player: Test Role
INFO ClubBlackout: [GameEngine] Player added: Test Role as The Predator
DEBUG ClubBlackout: [GameEngine] Adding player: Dealer 1
INFO ClubBlackout: [GameEngine] Player added: Dealer 1 as The Dealer
DEBUG ClubBlackout: [GameEngine] Adding player: Party 1
INFO ClubBlackout: [GameEngine] Player added: Party 1 as The Party Animal
DEBUG ClubBlackout: [GameEngine] Adding player: Wallflower 1
INFO ClubBlackout: [GameEngine] Player added: Wallflower 1 as The Wallflower
DEBUG ClubBlackout: [GameEngine] Adding player: Medic 1
INFO ClubBlackout: [GameEngine] Player added: Medic 1 as The Medic
DEBUG ClubBlackout: [GameEngine] Adding player: Test Role
INFO ClubBlackout: [GameEngine] Player added: Test Role as The Roofi
DEBUG ClubBlackout: [GameEngine] Adding player: Dealer 1
INFO ClubBlackout: [GameEngine] Player added: Dealer 1 as The Dealer
DEBUG ClubBlackout: [GameEngine] Adding player: Party 1
INFO ClubBlackout: [GameEngine] Player added: Party 1 as The Party Animal
DEBUG ClubBlackout: [GameEngine] Adding player: Wallflower 1
INFO ClubBlackout: [GameEngine] Player added: Wallflower 1 as The Wallflower
DEBUG ClubBlackout: [GameEngine] Adding player: Medic 1
INFO ClubBlackout: [GameEngine] Player added: Medic 1 as The Medic
DEBUG ClubBlackout: [GameEngine] Adding player: Test Role
INFO ClubBlackout: [GameEngine] Player added: Test Role as The Seasoned Drinker
DEBUG ClubBlackout: [GameEngine] Adding player: Dealer 1
INFO ClubBlackout: [GameEngine] Player added: Dealer 1 as The Dealer
DEBUG ClubBlackout: [GameEngine] Adding player: Party 1
INFO ClubBlackout: [GameEngine] Player added: Party 1 as The Party Animal
DEBUG ClubBlackout: [GameEngine] Adding player: Wallflower 1
INFO ClubBlackout: [GameEngine] Player added: Wallflower 1 as The Wallflower
DEBUG ClubBlackout: [GameEngine] Adding player: Medic 1
INFO ClubBlackout: [GameEngine] Player added: Medic 1 as The Medic
DEBUG ClubBlackout: [GameEngine] Adding player: Test Role
INFO ClubBlackout: [GameEngine] Player added: Test Role as The Second Wind
DEBUG ClubBlackout: [GameEngine] Adding player: Dealer 1
INFO ClubBlackout: [GameEngine] Player added: Dealer 1 as The Dealer
DEBUG ClubBlackout: [GameEngine] Adding player: Party 1
INFO ClubBlackout: [GameEngine] Player added: Party 1 as The Party Animal
DEBUG ClubBlackout: [GameEngine] Adding player: Wallflower 1
INFO ClubBlackout: [GameEngine] Player added: Wallflower 1 as The Wallflower
DEBUG ClubBlackout: [GameEngine] Adding player: Medic 1
INFO ClubBlackout: [GameEngine] Player added: Medic 1 as The Medic
DEBUG ClubBlackout: [GameEngine] Adding player: Test Role
INFO ClubBlackout: [GameEngine] Player added: Test Role as The Silver Fox
DEBUG ClubBlackout: [GameEngine] Adding player: Dealer 1
INFO ClubBlackout: [GameEngine] Player added: Dealer 1 as The Dealer
DEBUG ClubBlackout: [GameEngine] Adding player: Party 1
INFO ClubBlackout: [GameEngine] Player added: Party 1 as The Party Animal
DEBUG ClubBlackout: [GameEngine] Adding player: Wallflower 1
INFO ClubBlackout: [GameEngine] Player added: Wallflower 1 as The Wallflower
DEBUG ClubBlackout: [GameEngine] Adding player: Medic 1
INFO ClubBlackout: [GameEngine] Player added: Medic 1 as The Medic
DEBUG ClubBlackout: [GameEngine] Adding player: Test Role
INFO ClubBlackout: [GameEngine] Player added: Test Role as The Sober
DEBUG ClubBlackout: [GameEngine] Adding player: Dealer 1
INFO ClubBlackout: [GameEngine] Player added: Dealer 1 as The Dealer
DEBUG ClubBlackout: [GameEngine] Adding player: Party 1
INFO ClubBlackout: [GameEngine] Player added: Party 1 as The Party Animal
DEBUG ClubBlackout: [GameEngine] Adding player: Wallflower 1
INFO ClubBlackout: [GameEngine] Player added: Wallflower 1 as The Wallflower
DEBUG ClubBlackout: [GameEngine] Adding player: Medic 1
INFO ClubBlackout: [GameEngine] Player added: Medic 1 as The Medic
DEBUG ClubBlackout: [GameEngine] Adding player: Test Role
INFO ClubBlackout: [GameEngine] Player added: Test Role as The Tea Spiller
DEBUG ClubBlackout: [GameEngine] Adding player: Dealer 1
INFO ClubBlackout: [GameEngine] Player added: Dealer 1 as The Dealer
DEBUG ClubBlackout: [GameEngine] Adding player: Party 1
INFO ClubBlackout: [GameEngine] Player added: Party 1 as The Party Animal
DEBUG ClubBlackout: [GameEngine] Adding player: Wallflower 1
INFO ClubBlackout: [GameEngine] Player added: Wallflower 1 as The Wallflower
DEBUG ClubBlackout: [GameEngine] Adding player: Medic 1
INFO ClubBlackout: [GameEngine] Player added: Medic 1 as The Medic
DEBUG ClubBlackout: [GameEngine] Adding player: Dealer 1
INFO ClubBlackout: [GameEngine] Player added: Dealer 1 as The Dealer
DEBUG ClubBlackout: [GameEngine] Adding player: Party 1
INFO ClubBlackout: [GameEngine] Player added: Party 1 as The Party Animal
DEBUG ClubBlackout: [GameEngine] Adding player: Wallflower 1
INFO ClubBlackout: [GameEngine] Player added: Wallflower 1 as The Wallflower
DEBUG ClubBlackout: [GameEngine] Adding player: Medic 1
INFO ClubBlackout: [GameEngine] Player added: Medic 1 as The Medic
DEBUG ClubBlackout: [GameEngine] Adding player: Test Role
INFO ClubBlackout: [GameEngine] Player added: Test Role as The Whore
00:06 +92 -2: C:/Users/kimro/Documents/Codex/Club Blackout Android Android/test/saved_game_simulation_variations_test.dart: Saved game simulation (variations) (setUpAll)
00:06 +92 -2: C:/Users/kimro/Documents/Codex/Club Blackout Android Android/test/role_eventualities_matrix_test.dart: Role Eventualities: Engine Branch Coverage Tea Spiller reveal logs when Tea Spiller dies
DEBUG ClubBlackout: [GameEngine] Adding player: P1 dealer
INFO ClubBlackout: [GameEngine] Player added: P1 dealer as The Dealer
DEBUG ClubBlackout: [GameEngine] Adding player: P2 party animal
INFO ClubBlackout: [GameEngine] Player added: P2 party animal as The Party Animal
DEBUG ClubBlackout: [GameEngine] Adding player: P3 medic
INFO ClubBlackout: [GameEngine] Player added: P3 medic as The Medic
DEBUG ClubBlackout: [GameEngine] Adding player: P4 tea spiller
INFO ClubBlackout: [GameEngine] Player added: P4 tea spiller as The Tea Spiller
DEBUG ClubBlackout: [GameEngine] Adding player: P5 wallflower
INFO ClubBlackout: [GameEngine] Player added: P5 wallflower as The Wallflower
00:06 +93 -2: C:/Users/kimro/Documents/Codex/Club Blackout Android Android/test/saved_game_simulation_variations_test.dart: Saved game simulation (variations) full-roster: save/load resume works across key script branches
00:06 +93 -2: C:/Users/kimro/Documents/Codex/Club Blackout Android Android/test/role_eventualities_matrix_test.dart: Role Eventualities: Engine Branch Coverage Clinger attack-dog kill is immediate and one-time
DEBUG ClubBlackout: [GameEngine] Adding player: P1 dealer
INFO ClubBlackout: [GameEngine] Player added: P1 dealer as The Dealer
DEBUG ClubBlackout: [GameEngine] Adding player: P2 party animal
INFO ClubBlackout: [GameEngine] Player added: P2 party animal as The Party Animal
DEBUG ClubBlackout: [GameEngine] Adding player: P3 medic
INFO ClubBlackout: [GameEngine] Player added: P3 medic as The Medic
DEBUG ClubBlackout: [GameEngine] Adding player: P4 clinger
INFO ClubBlackout: [GameEngine] Player added: P4 clinger as The Clinger
DEBUG ClubBlackout: [GameEngine] Adding player: P5 wallflower
INFO ClubBlackout: [GameEngine] Player added: P5 wallflower as The Wallflower
00:06 +94 -2: C:/Users/kimro/Documents/Codex/Club Blackout Android Android/test/saved_game_simulation_variations_test.dart: Saved game simulation (variations) full-roster: save/load resume works across key script branches
00:06 +94 -2: C:/Users/kimro/Documents/Codex/Club Blackout Android Android/test/role_eventualities_matrix_test.dart: Role Eventualities: Engine Branch Coverage Club Manager can privately view a fellow player role (callback fires)
DEBUG ClubBlackout: [GameEngine] Adding player: P1 dealer
INFO ClubBlackout: [GameEngine] Player added: P1 dealer as The Dealer
DEBUG ClubBlackout: [GameEngine] Adding player: P2 party animal
INFO ClubBlackout: [GameEngine] Player added: P2 party animal as The Party Animal
DEBUG ClubBlackout: [GameEngine] Adding player: P3 club manager
INFO ClubBlackout: [GameEngine] Player added: P3 club manager as The Club Manager
DEBUG ClubBlackout: [GameEngine] Adding player: P4 medic
INFO ClubBlackout: [GameEngine] Player added: P4 medic as The Medic
DEBUG ClubBlackout: [GameEngine] Adding player: P5 wallflower
INFO ClubBlackout: [GameEngine] Player added: P5 wallflower as The Wallflower
00:06 +95 -2: C:/Users/kimro/Documents/Codex/Club Blackout Android Android/test/saved_game_simulation_variations_test.dart: Saved game simulation (variations) full-roster: save/load resume works across key script branches
00:06 +95 -2: C:/Users/kimro/Documents/Codex/Club Blackout Android Android/test/role_eventualities_matrix_test.dart: Role Eventualities: Engine Branch Coverage Club Manager cannot select themselves to view role
DEBUG ClubBlackout: [GameEngine] Adding player: P1 dealer
INFO ClubBlackout: [GameEngine] Player added: P1 dealer as The Dealer
DEBUG ClubBlackout: [GameEngine] Adding player: P2 party animal
INFO ClubBlackout: [GameEngine] Player added: P2 party animal as The Party Animal
DEBUG ClubBlackout: [GameEngine] Adding player: P3 club manager
INFO ClubBlackout: [GameEngine] Player added: P3 club manager as The Club Manager
DEBUG ClubBlackout: [GameEngine] Adding player: P4 medic
INFO ClubBlackout: [GameEngine] Player added: P4 medic as The Medic
DEBUG ClubBlackout: [GameEngine] Adding player: P5 wallflower
INFO ClubBlackout: [GameEngine] Player added: P5 wallflower as The Wallflower
00:06 +96 -2: C:/Users/kimro/Documents/Codex/Club Blackout Android Android/test/saved_game_simulation_variations_test.dart: Saved game simulation (variations) full-roster: save/load resume works across key script branches
00:06 +97 -2: C:/Users/kimro/Documents/Codex/Club Blackout Android Android/test/saved_game_simulation_variations_test.dart: Saved game simulation (variations) full-roster: save/load resume works across key script branches
00:06 +98 -2: C:/Users/kimro/Documents/Codex/Club Blackout Android Android/test/saved_game_simulation_variations_test.dart: Saved game simulation (variations) full-roster: save/load resume works across key script branches
00:06 +99 -2: C:/Users/kimro/Documents/Codex/Club Blackout Android Android/test/saved_game_simulation_variations_test.dart: Saved game simulation (variations) full-roster: save/load resume works across key script branches
00:06 +100 -2: C:/Users/kimro/Documents/Codex/Club Blackout Android Android/test/saved_game_simulation_variations_test.dart: Saved game simulation (variations) full-roster: save/load resume works across key script branches
00:06 +101 -2: C:/Users/kimro/Documents/Codex/Club Blackout Android Android/test/saved_game_simulation_variations_test.dart: Saved game simulation (variations) full-roster: save/load resume works across key script branches
00:06 +102 -2: C:/Users/kimro/Documents/Codex/Club Blackout Android Android/test/saved_game_simulation_variations_test.dart: Saved game simulation (variations) full-roster: save/load resume works across key script branches
00:06 +103 -2: C:/Users/kimro/Documents/Codex/Club Blackout Android Android/test/saved_game_simulation_variations_test.dart: Saved game simulation (variations) full-roster: save/load resume works across key script branches
DEBUG ClubBlackout: [GameEngine] Adding player: Player 1
INFO ClubBlackout: [GameEngine] Player added: Player 1 as The Ally Cat
DEBUG ClubBlackout: [GameEngine] Adding player: Player 2
INFO ClubBlackout: [GameEngine] Player added: Player 2 as The Bartender
DEBUG ClubBlackout: [GameEngine] Adding player: Player 3
INFO ClubBlackout: [GameEngine] Player added: Player 3 as The Bouncer
DEBUG ClubBlackout: [GameEngine] Adding player: Player 4
INFO ClubBlackout: [GameEngine] Player added: Player 4 as The Clinger
DEBUG ClubBlackout: [GameEngine] Adding player: Player 5
INFO ClubBlackout: [GameEngine] Player added: Player 5 as The Club Manager
DEBUG ClubBlackout: [GameEngine] Adding player: Player 6
INFO ClubBlackout: [GameEngine] Player added: Player 6 as The Creep
DEBUG ClubBlackout: [GameEngine] Adding player: Player 7
INFO ClubBlackout: [GameEngine] Player added: Player 7 as The Dealer
DEBUG ClubBlackout: [GameEngine] Adding player: Player 8
INFO ClubBlackout: [GameEngine] Player added: Player 8 as The Drama Queen
DEBUG ClubBlackout: [GameEngine] Adding player: Player 9
INFO ClubBlackout: [GameEngine] Player added: Player 9 as The Lightweight
DEBUG ClubBlackout: [GameEngine] Adding player: Player 10
INFO ClubBlackout: [GameEngine] Player added: Player 10 as The Medic
DEBUG ClubBlackout: [GameEngine] Adding player: Player 11
INFO ClubBlackout: [GameEngine] Player added: Player 11 as The Messy Bitch
DEBUG ClubBlackout: [GameEngine] Adding player: Player 12
INFO ClubBlackout: [GameEngine] Player added: Player 12 as The Minor
DEBUG ClubBlackout: [GameEngine] Adding player: Player 13
INFO ClubBlackout: [GameEngine] Player added: Player 13 as The Party Animal
DEBUG ClubBlackout: [GameEngine] Adding player: Player 14
INFO ClubBlackout: [GameEngine] Player added: Player 14 as The Predator
DEBUG ClubBlackout: [GameEngine] Adding player: Player 15
INFO ClubBlackout: [GameEngine] Player added: Player 15 as The Roofi
DEBUG ClubBlackout: [GameEngine] Adding player: Player 16
INFO ClubBlackout: [GameEngine] Player added: Player 16 as The Seasoned Drinker
DEBUG ClubBlackout: [GameEngine] Adding player: Player 17
INFO ClubBlackout: [GameEngine] Player added: Player 17 as The Second Wind
DEBUG ClubBlackout: [GameEngine] Adding player: Player 18
INFO ClubBlackout: [GameEngine] Player added: Player 18 as The Silver Fox
DEBUG ClubBlackout: [GameEngine] Adding player: Player 19
INFO ClubBlackout: [GameEngine] Player added: Player 19 as The Sober
DEBUG ClubBlackout: [GameEngine] Adding player: Player 20
INFO ClubBlackout: [GameEngine] Player added: Player 20 as The Tea Spiller
DEBUG ClubBlackout: [GameEngine] Adding player: Player 21
INFO ClubBlackout: [GameEngine] Player added: Player 21 as The Wallflower
DEBUG ClubBlackout: [GameEngine] Adding player: Player 22
INFO ClubBlackout: [GameEngine] Player added: Player 22 as The Whore
DEBUG ClubBlackout: [GameEngine] Adding player: Player 1
INFO ClubBlackout: [GameEngine] Player added: Player 1 as The Ally Cat
DEBUG ClubBlackout: [GameEngine] Adding player: Player 2
INFO ClubBlackout: [GameEngine] Player added: Player 2 as The Bartender
DEBUG ClubBlackout: [GameEngine] Adding player: Player 3
INFO ClubBlackout: [GameEngine] Player added: Player 3 as The Bouncer
DEBUG ClubBlackout: [GameEngine] Adding player: Player 4
INFO ClubBlackout: [GameEngine] Player added: Player 4 as The Clinger
DEBUG ClubBlackout: [GameEngine] Adding player: Player 5
INFO ClubBlackout: [GameEngine] Player added: Player 5 as The Club Manager
DEBUG ClubBlackout: [GameEngine] Adding player: Player 6
INFO ClubBlackout: [GameEngine] Player added: Player 6 as The Creep
DEBUG ClubBlackout: [GameEngine] Adding player: Player 7
INFO ClubBlackout: [GameEngine] Player added: Player 7 as The Dealer
DEBUG ClubBlackout: [GameEngine] Adding player: Player 8
INFO ClubBlackout: [GameEngine] Player added: Player 8 as The Drama Queen
DEBUG ClubBlackout: [GameEngine] Adding player: Player 9
INFO ClubBlackout: [GameEngine] Player added: Player 9 as The Lightweight
DEBUG ClubBlackout: [GameEngine] Adding player: Player 10
INFO ClubBlackout: [GameEngine] Player added: Player 10 as The Medic
DEBUG ClubBlackout: [GameEngine] Adding player: Player 11
INFO ClubBlackout: [GameEngine] Player added: Player 11 as The Messy Bitch
DEBUG ClubBlackout: [GameEngine] Adding player: Player 12
INFO ClubBlackout: [GameEngine] Player added: Player 12 as The Minor
DEBUG ClubBlackout: [GameEngine] Adding player: Player 13
INFO ClubBlackout: [GameEngine] Player added: Player 13 as The Party Animal
DEBUG ClubBlackout: [GameEngine] Adding player: Player 14
INFO ClubBlackout: [GameEngine] Player added: Player 14 as The Predator
DEBUG ClubBlackout: [GameEngine] Adding player: Player 15
INFO ClubBlackout: [GameEngine] Player added: Player 15 as The Roofi
DEBUG ClubBlackout: [GameEngine] Adding player: Player 16
INFO ClubBlackout: [GameEngine] Player added: Player 16 as The Seasoned Drinker
DEBUG ClubBlackout: [GameEngine] Adding player: Player 17
INFO ClubBlackout: [GameEngine] Player added: Player 17 as The Second Wind
DEBUG ClubBlackout: [GameEngine] Adding player: Player 18
INFO ClubBlackout: [GameEngine] Player added: Player 18 as The Silver Fox
DEBUG ClubBlackout: [GameEngine] Adding player: Player 19
INFO ClubBlackout: [GameEngine] Player added: Player 19 as The Sober
DEBUG ClubBlackout: [GameEngine] Adding player: Player 20
INFO ClubBlackout: [GameEngine] Player added: Player 20 as The Tea Spiller
DEBUG ClubBlackout: [GameEngine] Adding player: Player 21
INFO ClubBlackout: [GameEngine] Player added: Player 21 as The Wallflower
DEBUG ClubBlackout: [GameEngine] Adding player: Player 22
INFO ClubBlackout: [GameEngine] Player added: Player 22 as The Whore
DEBUG ClubBlackout: [GameEngine] Adding player: Player 1
INFO ClubBlackout: [GameEngine] Player added: Player 1 as The Ally Cat
DEBUG ClubBlackout: [GameEngine] Adding player: Player 2
INFO ClubBlackout: [GameEngine] Player added: Player 2 as The Bartender
DEBUG ClubBlackout: [GameEngine] Adding player: Player 3
INFO ClubBlackout: [GameEngine] Player added: Player 3 as The Bouncer
DEBUG ClubBlackout: [GameEngine] Adding player: Player 4
INFO ClubBlackout: [GameEngine] Player added: Player 4 as The Clinger
DEBUG ClubBlackout: [GameEngine] Adding player: Player 5
INFO ClubBlackout: [GameEngine] Player added: Player 5 as The Club Manager
DEBUG ClubBlackout: [GameEngine] Adding player: Player 6
INFO ClubBlackout: [GameEngine] Player added: Player 6 as The Creep
DEBUG ClubBlackout: [GameEngine] Adding player: Player 7
INFO ClubBlackout: [GameEngine] Player added: Player 7 as The Dealer
DEBUG ClubBlackout: [GameEngine] Adding player: Player 8
INFO ClubBlackout: [GameEngine] Player added: Player 8 as The Drama Queen
DEBUG ClubBlackout: [GameEngine] Adding player: Player 9
INFO ClubBlackout: [GameEngine] Player added: Player 9 as The Lightweight
DEBUG ClubBlackout: [GameEngine] Adding player: Player 10
INFO ClubBlackout: [GameEngine] Player added: Player 10 as The Medic
DEBUG ClubBlackout: [GameEngine] Adding player: Player 11
INFO ClubBlackout: [GameEngine] Player added: Player 11 as The Messy Bitch
DEBUG ClubBlackout: [GameEngine] Adding player: Player 12
INFO ClubBlackout: [GameEngine] Player added: Player 12 as The Minor
DEBUG ClubBlackout: [GameEngine] Adding player: Player 13
INFO ClubBlackout: [GameEngine] Player added: Player 13 as The Party Animal
DEBUG ClubBlackout: [GameEngine] Adding player: Player 14
INFO ClubBlackout: [GameEngine] Player added: Player 14 as The Predator
DEBUG ClubBlackout: [GameEngine] Adding player: Player 15
INFO ClubBlackout: [GameEngine] Player added: Player 15 as The Roofi
DEBUG ClubBlackout: [GameEngine] Adding player: Player 16
INFO ClubBlackout: [GameEngine] Player added: Player 16 as The Seasoned Drinker
DEBUG ClubBlackout: [GameEngine] Adding player: Player 17
INFO ClubBlackout: [GameEngine] Player added: Player 17 as The Second Wind
DEBUG ClubBlackout: [GameEngine] Adding player: Player 18
INFO ClubBlackout: [GameEngine] Player added: Player 18 as The Silver Fox
DEBUG ClubBlackout: [GameEngine] Adding player: Player 19
INFO ClubBlackout: [GameEngine] Player added: Player 19 as The Sober
DEBUG ClubBlackout: [GameEngine] Adding player: Player 20
INFO ClubBlackout: [GameEngine] Player added: Player 20 as The Tea Spiller
DEBUG ClubBlackout: [GameEngine] Adding player: Player 21
INFO ClubBlackout: [GameEngine] Player added: Player 21 as The Wallflower
DEBUG ClubBlackout: [GameEngine] Adding player: Player 22
INFO ClubBlackout: [GameEngine] Player added: Player 22 as The Whore
DEBUG ClubBlackout: [GameEngine] Adding player: Player 1
INFO ClubBlackout: [GameEngine] Player added: Player 1 as The Ally Cat
DEBUG ClubBlackout: [GameEngine] Adding player: Player 2
INFO ClubBlackout: [GameEngine] Player added: Player 2 as The Bartender
DEBUG ClubBlackout: [GameEngine] Adding player: Player 3
INFO ClubBlackout: [GameEngine] Player added: Player 3 as The Bouncer
DEBUG ClubBlackout: [GameEngine] Adding player: Player 4
INFO ClubBlackout: [GameEngine] Player added: Player 4 as The Clinger
DEBUG ClubBlackout: [GameEngine] Adding player: Player 5
INFO ClubBlackout: [GameEngine] Player added: Player 5 as The Club Manager
DEBUG ClubBlackout: [GameEngine] Adding player: Player 6
INFO ClubBlackout: [GameEngine] Player added: Player 6 as The Creep
DEBUG ClubBlackout: [GameEngine] Adding player: Player 7
INFO ClubBlackout: [GameEngine] Player added: Player 7 as The Dealer
DEBUG ClubBlackout: [GameEngine] Adding player: Player 8
INFO ClubBlackout: [GameEngine] Player added: Player 8 as The Drama Queen
DEBUG ClubBlackout: [GameEngine] Adding player: Player 9
INFO ClubBlackout: [GameEngine] Player added: Player 9 as The Lightweight
DEBUG ClubBlackout: [GameEngine] Adding player: Player 10
INFO ClubBlackout: [GameEngine] Player added: Player 10 as The Medic
DEBUG ClubBlackout: [GameEngine] Adding player: Player 11
INFO ClubBlackout: [GameEngine] Player added: Player 11 as The Messy Bitch
DEBUG ClubBlackout: [GameEngine] Adding player: Player 12
INFO ClubBlackout: [GameEngine] Player added: Player 12 as The Minor
DEBUG ClubBlackout: [GameEngine] Adding player: Player 13
INFO ClubBlackout: [GameEngine] Player added: Player 13 as The Party Animal
DEBUG ClubBlackout: [GameEngine] Adding player: Player 14
INFO ClubBlackout: [GameEngine] Player added: Player 14 as The Predator
DEBUG ClubBlackout: [GameEngine] Adding player: Player 15
INFO ClubBlackout: [GameEngine] Player added: Player 15 as The Roofi
DEBUG ClubBlackout: [GameEngine] Adding player: Player 16
INFO ClubBlackout: [GameEngine] Player added: Player 16 as The Seasoned Drinker
DEBUG ClubBlackout: [GameEngine] Adding player: Player 17
INFO ClubBlackout: [GameEngine] Player added: Player 17 as The Second Wind
DEBUG ClubBlackout: [GameEngine] Adding player: Player 18
INFO ClubBlackout: [GameEngine] Player added: Player 18 as The Silver Fox
DEBUG ClubBlackout: [GameEngine] Adding player: Player 19
INFO ClubBlackout: [GameEngine] Player added: Player 19 as The Sober
DEBUG ClubBlackout: [GameEngine] Adding player: Player 20
INFO ClubBlackout: [GameEngine] Player added: Player 20 as The Tea Spiller
DEBUG ClubBlackout: [GameEngine] Adding player: Player 21
INFO ClubBlackout: [GameEngine] Player added: Player 21 as The Wallflower
DEBUG ClubBlackout: [GameEngine] Adding player: Player 22
INFO ClubBlackout: [GameEngine] Player added: Player 22 as The Whore
00:07 +104 -2: C:/Users/kimro/Documents/Codex/Club Blackout Android Android/test/saved_game_simulation_variations_test.dart: Saved game simulation (variations) (tearDownAll)
00:07 +104 -2: C:/Users/kimro/Documents/Codex/Club Blackout Android Android/test/silver_fox_alibi_test.dart: Silver Fox - Alibi (Vote Immunity) handleScriptAction assigns alibi for following day
00:07 +105 -2: C:/Users/kimro/Documents/Codex/Club Blackout Android Android/test/silver_fox_alibi_test.dart: Silver Fox - Alibi (Vote Immunity) recordVote ignores votes against an alibied target
00:07 +106 -2: C:/Users/kimro/Documents/Codex/Club Blackout Android Android/test/silver_fox_alibi_test.dart: Silver Fox - Alibi (Vote Immunity) voteOutPlayer refuses to eliminate an alibied target
00:07 +107 -2: C:/Users/kimro/Documents/Codex/Club Blackout Android Android/test/silver_fox_alibi_test.dart: Silver Fox - Alibi (Vote Immunity) alibi expires when the day ends
00:07 +108 -2: C:/Users/kimro/Documents/Codex/Club Blackout Android Android/test/sober_test.dart: Sober Mechanics Script Generation Sent home player is excluded from script
00:07 +109 -2: C:/Users/kimro/Documents/Codex/Club Blackout Android Android/test/sober_test.dart: Sober Mechanics Script Generation Dealer sent home triggers Blocked Kill message
00:07 +110 -2: C:/Users/kimro/Documents/Codex/Club Blackout Android Android/test/sober_test.dart: Sober Mechanics Script Generation Wallflower is skipped if Dealer sent home
00:07 +111 -2: C:/Users/kimro/Documents/Codex/Club Blackout Android Android/test/wallflower_witness_test.dart: Wallflower can skip witnessing (queues skip, not witness)
DEBUG ClubBlackout: [GameEngine] Adding player: Player 1
INFO ClubBlackout: [GameEngine] Player added: Player 1 as The Ally Cat
DEBUG ClubBlackout: [GameEngine] Adding player: Player 2
INFO ClubBlackout: [GameEngine] Player added: Player 2 as The Bartender
DEBUG ClubBlackout: [GameEngine] Adding player: Player 3
INFO ClubBlackout: [GameEngine] Player added: Player 3 as The Bouncer
DEBUG ClubBlackout: [GameEngine] Adding player: Player 4
INFO ClubBlackout: [GameEngine] Player added: Player 4 as The Clinger
DEBUG ClubBlackout: [GameEngine] Adding player: Player 5
INFO ClubBlackout: [GameEngine] Player added: Player 5 as The Club Manager
DEBUG ClubBlackout: [GameEngine] Adding player: Player 6
INFO ClubBlackout: [GameEngine] Player added: Player 6 as The Creep
DEBUG ClubBlackout: [GameEngine] Adding player: Player 7
INFO ClubBlackout: [GameEngine] Player added: Player 7 as The Dealer
DEBUG ClubBlackout: [GameEngine] Adding player: Player 8
INFO ClubBlackout: [GameEngine] Player added: Player 8 as The Drama Queen
DEBUG ClubBlackout: [GameEngine] Adding player: Player 9
INFO ClubBlackout: [GameEngine] Player added: Player 9 as The Lightweight
DEBUG ClubBlackout: [GameEngine] Adding player: Player 10
INFO ClubBlackout: [GameEngine] Player added: Player 10 as The Medic
DEBUG ClubBlackout: [GameEngine] Adding player: Player 11
INFO ClubBlackout: [GameEngine] Player added: Player 11 as The Messy Bitch
DEBUG ClubBlackout: [GameEngine] Adding player: Player 12
INFO ClubBlackout: [GameEngine] Player added: Player 12 as The Minor
DEBUG ClubBlackout: [GameEngine] Adding player: Player 13
INFO ClubBlackout: [GameEngine] Player added: Player 13 as The Party Animal
DEBUG ClubBlackout: [GameEngine] Adding player: Player 14
INFO ClubBlackout: [GameEngine] Player added: Player 14 as The Predator
DEBUG ClubBlackout: [GameEngine] Adding player: Player 15
INFO ClubBlackout: [GameEngine] Player added: Player 15 as The Roofi
DEBUG ClubBlackout: [GameEngine] Adding player: Player 16
INFO ClubBlackout: [GameEngine] Player added: Player 16 as The Seasoned Drinker
DEBUG ClubBlackout: [GameEngine] Adding player: Player 17
INFO ClubBlackout: [GameEngine] Player added: Player 17 as The Second Wind
DEBUG ClubBlackout: [GameEngine] Adding player: Player 18
INFO ClubBlackout: [GameEngine] Player added: Player 18 as The Silver Fox
DEBUG ClubBlackout: [GameEngine] Adding player: Player 19
INFO ClubBlackout: [GameEngine] Player added: Player 19 as The Sober
DEBUG ClubBlackout: [GameEngine] Adding player: Player 20
INFO ClubBlackout: [GameEngine] Player added: Player 20 as The Tea Spiller
DEBUG ClubBlackout: [GameEngine] Adding player: Player 21
INFO ClubBlackout: [GameEngine] Player added: Player 21 as The Wallflower
DEBUG ClubBlackout: [GameEngine] Adding player: Player 22
INFO ClubBlackout: [GameEngine] Player added: Player 22 as The Whore
00:08 +112 -2: C:/Users/kimro/Documents/Codex/Club Blackout Android Android/test/wallflower_witness_test.dart: Wallflower witness mode is logged (peek) and appears in morning report
DEBUG ClubBlackout: [GameEngine] Adding player: Player 1
INFO ClubBlackout: [GameEngine] Player added: Player 1 as The Ally Cat
DEBUG ClubBlackout: [GameEngine] Adding player: Player 2
INFO ClubBlackout: [GameEngine] Player added: Player 2 as The Bartender
DEBUG ClubBlackout: [GameEngine] Adding player: Player 3
INFO ClubBlackout: [GameEngine] Player added: Player 3 as The Bouncer
DEBUG ClubBlackout: [GameEngine] Adding player: Player 4
INFO ClubBlackout: [GameEngine] Player added: Player 4 as The Clinger
DEBUG ClubBlackout: [GameEngine] Adding player: Player 5
INFO ClubBlackout: [GameEngine] Player added: Player 5 as The Club Manager
DEBUG ClubBlackout: [GameEngine] Adding player: Player 6
INFO ClubBlackout: [GameEngine] Player added: Player 6 as The Creep
DEBUG ClubBlackout: [GameEngine] Adding player: Player 7
INFO ClubBlackout: [GameEngine] Player added: Player 7 as The Dealer
DEBUG ClubBlackout: [GameEngine] Adding player: Player 8
INFO ClubBlackout: [GameEngine] Player added: Player 8 as The Drama Queen
DEBUG ClubBlackout: [GameEngine] Adding player: Player 9
INFO ClubBlackout: [GameEngine] Player added: Player 9 as The Lightweight
DEBUG ClubBlackout: [GameEngine] Adding player: Player 10
INFO ClubBlackout: [GameEngine] Player added: Player 10 as The Medic
DEBUG ClubBlackout: [GameEngine] Adding player: Player 11
INFO ClubBlackout: [GameEngine] Player added: Player 11 as The Messy Bitch
DEBUG ClubBlackout: [GameEngine] Adding player: Player 12
INFO ClubBlackout: [GameEngine] Player added: Player 12 as The Minor
DEBUG ClubBlackout: [GameEngine] Adding player: Player 13
INFO ClubBlackout: [GameEngine] Player added: Player 13 as The Party Animal
DEBUG ClubBlackout: [GameEngine] Adding player: Player 14
INFO ClubBlackout: [GameEngine] Player added: Player 14 as The Predator
DEBUG ClubBlackout: [GameEngine] Adding player: Player 15
INFO ClubBlackout: [GameEngine] Player added: Player 15 as The Roofi
DEBUG ClubBlackout: [GameEngine] Adding player: Player 16
INFO ClubBlackout: [GameEngine] Player added: Player 16 as The Seasoned Drinker
DEBUG ClubBlackout: [GameEngine] Adding player: Player 17
INFO ClubBlackout: [GameEngine] Player added: Player 17 as The Second Wind
DEBUG ClubBlackout: [GameEngine] Adding player: Player 18
INFO ClubBlackout: [GameEngine] Player added: Player 18 as The Silver Fox
DEBUG ClubBlackout: [GameEngine] Adding player: Player 19
INFO ClubBlackout: [GameEngine] Player added: Player 19 as The Sober
DEBUG ClubBlackout: [GameEngine] Adding player: Player 20
INFO ClubBlackout: [GameEngine] Player added: Player 20 as The Tea Spiller
DEBUG ClubBlackout: [GameEngine] Adding player: Player 21
INFO ClubBlackout: [GameEngine] Player added: Player 21 as The Wallflower
DEBUG ClubBlackout: [GameEngine] Adding player: Player 22
INFO ClubBlackout: [GameEngine] Player added: Player 22 as The Whore
00:08 +113 -2: C:/Users/kimro/Documents/Codex/Club Blackout Android Android/test/wallflower_witness_test.dart: Wallflower witness mode can be logged as stare
DEBUG ClubBlackout: [GameEngine] Adding player: Player 1
INFO ClubBlackout: [GameEngine] Player added: Player 1 as The Ally Cat
DEBUG ClubBlackout: [GameEngine] Adding player: Player 2
INFO ClubBlackout: [GameEngine] Player added: Player 2 as The Bartender
DEBUG ClubBlackout: [GameEngine] Adding player: Player 3
INFO ClubBlackout: [GameEngine] Player added: Player 3 as The Bouncer
DEBUG ClubBlackout: [GameEngine] Adding player: Player 4
INFO ClubBlackout: [GameEngine] Player added: Player 4 as The Clinger
DEBUG ClubBlackout: [GameEngine] Adding player: Player 5
INFO ClubBlackout: [GameEngine] Player added: Player 5 as The Club Manager
DEBUG ClubBlackout: [GameEngine] Adding player: Player 6
INFO ClubBlackout: [GameEngine] Player added: Player 6 as The Creep
DEBUG ClubBlackout: [GameEngine] Adding player: Player 7
INFO ClubBlackout: [GameEngine] Player added: Player 7 as The Dealer
DEBUG ClubBlackout: [GameEngine] Adding player: Player 8
INFO ClubBlackout: [GameEngine] Player added: Player 8 as The Drama Queen
DEBUG ClubBlackout: [GameEngine] Adding player: Player 9
INFO ClubBlackout: [GameEngine] Player added: Player 9 as The Lightweight
DEBUG ClubBlackout: [GameEngine] Adding player: Player 10
INFO ClubBlackout: [GameEngine] Player added: Player 10 as The Medic
DEBUG ClubBlackout: [GameEngine] Adding player: Player 11
INFO ClubBlackout: [GameEngine] Player added: Player 11 as The Messy Bitch
DEBUG ClubBlackout: [GameEngine] Adding player: Player 12
INFO ClubBlackout: [GameEngine] Player added: Player 12 as The Minor
DEBUG ClubBlackout: [GameEngine] Adding player: Player 13
INFO ClubBlackout: [GameEngine] Player added: Player 13 as The Party Animal
DEBUG ClubBlackout: [GameEngine] Adding player: Player 14
INFO ClubBlackout: [GameEngine] Player added: Player 14 as The Predator
DEBUG ClubBlackout: [GameEngine] Adding player: Player 15
INFO ClubBlackout: [GameEngine] Player added: Player 15 as The Roofi
DEBUG ClubBlackout: [GameEngine] Adding player: Player 16
INFO ClubBlackout: [GameEngine] Player added: Player 16 as The Seasoned Drinker
DEBUG ClubBlackout: [GameEngine] Adding player: Player 17
INFO ClubBlackout: [GameEngine] Player added: Player 17 as The Second Wind
DEBUG ClubBlackout: [GameEngine] Adding player: Player 18
INFO ClubBlackout: [GameEngine] Player added: Player 18 as The Silver Fox
DEBUG ClubBlackout: [GameEngine] Adding player: Player 19
INFO ClubBlackout: [GameEngine] Player added: Player 19 as The Sober
DEBUG ClubBlackout: [GameEngine] Adding player: Player 20
INFO ClubBlackout: [GameEngine] Player added: Player 20 as The Tea Spiller
DEBUG ClubBlackout: [GameEngine] Adding player: Player 21
INFO ClubBlackout: [GameEngine] Player added: Player 21 as The Wallflower
DEBUG ClubBlackout: [GameEngine] Adding player: Player 22
INFO ClubBlackout: [GameEngine] Player added: Player 22 as The Whore
00:08 +114 -2: C:/Users/kimro/Documents/Codex/Club Blackout Android Android/test/wallflower_witness_test.dart: Sober sending Wallflower home removes witness step
DEBUG ClubBlackout: [GameEngine] Adding player: Player 1
INFO ClubBlackout: [GameEngine] Player added: Player 1 as The Ally Cat
DEBUG ClubBlackout: [GameEngine] Adding player: Player 2
INFO ClubBlackout: [GameEngine] Player added: Player 2 as The Bartender
DEBUG ClubBlackout: [GameEngine] Adding player: Player 3
INFO ClubBlackout: [GameEngine] Player added: Player 3 as The Bouncer
DEBUG ClubBlackout: [GameEngine] Adding player: Player 4
INFO ClubBlackout: [GameEngine] Player added: Player 4 as The Clinger
DEBUG ClubBlackout: [GameEngine] Adding player: Player 5
INFO ClubBlackout: [GameEngine] Player added: Player 5 as The Club Manager
DEBUG ClubBlackout: [GameEngine] Adding player: Player 6
INFO ClubBlackout: [GameEngine] Player added: Player 6 as The Creep
DEBUG ClubBlackout: [GameEngine] Adding player: Player 7
INFO ClubBlackout: [GameEngine] Player added: Player 7 as The Dealer
DEBUG ClubBlackout: [GameEngine] Adding player: Player 8
INFO ClubBlackout: [GameEngine] Player added: Player 8 as The Drama Queen
DEBUG ClubBlackout: [GameEngine] Adding player: Player 9
INFO ClubBlackout: [GameEngine] Player added: Player 9 as The Lightweight
DEBUG ClubBlackout: [GameEngine] Adding player: Player 10
INFO ClubBlackout: [GameEngine] Player added: Player 10 as The Medic
DEBUG ClubBlackout: [GameEngine] Adding player: Player 11
INFO ClubBlackout: [GameEngine] Player added: Player 11 as The Messy Bitch
DEBUG ClubBlackout: [GameEngine] Adding player: Player 12
INFO ClubBlackout: [GameEngine] Player added: Player 12 as The Minor
DEBUG ClubBlackout: [GameEngine] Adding player: Player 13
INFO ClubBlackout: [GameEngine] Player added: Player 13 as The Party Animal
DEBUG ClubBlackout: [GameEngine] Adding player: Player 14
INFO ClubBlackout: [GameEngine] Player added: Player 14 as The Predator
DEBUG ClubBlackout: [GameEngine] Adding player: Player 15
INFO ClubBlackout: [GameEngine] Player added: Player 15 as The Roofi
DEBUG ClubBlackout: [GameEngine] Adding player: Player 16
INFO ClubBlackout: [GameEngine] Player added: Player 16 as The Seasoned Drinker
DEBUG ClubBlackout: [GameEngine] Adding player: Player 17
INFO ClubBlackout: [GameEngine] Player added: Player 17 as The Second Wind
DEBUG ClubBlackout: [GameEngine] Adding player: Player 18
INFO ClubBlackout: [GameEngine] Player added: Player 18 as The Silver Fox
DEBUG ClubBlackout: [GameEngine] Adding player: Player 19
INFO ClubBlackout: [GameEngine] Player added: Player 19 as The Sober
DEBUG ClubBlackout: [GameEngine] Adding player: Player 20
INFO ClubBlackout: [GameEngine] Player added: Player 20 as The Tea Spiller
DEBUG ClubBlackout: [GameEngine] Adding player: Player 21
INFO ClubBlackout: [GameEngine] Player added: Player 21 as The Wallflower
DEBUG ClubBlackout: [GameEngine] Adding player: Player 22
INFO ClubBlackout: [GameEngine] Player added: Player 22 as The Whore
00:08 +115 -2: C:/Users/kimro/Documents/Codex/Club Blackout Android Android/test/whore_deflection_test.dart: Whore deflection saves a Dealer from being voted out
DEBUG ClubBlackout: [GameEngine] Adding player: Dealer1
INFO ClubBlackout: [GameEngine] Player added: Dealer1 as The Dealer
DEBUG ClubBlackout: [GameEngine] Adding player: Whore1
INFO ClubBlackout: [GameEngine] Player added: Whore1 as The Whore
DEBUG ClubBlackout: [GameEngine] Adding player: PA1
INFO ClubBlackout: [GameEngine] Player added: PA1 as The Party Animal
DEBUG ClubBlackout: [GameEngine] Adding player: WF1
INFO ClubBlackout: [GameEngine] Player added: WF1 as The Wallflower
00:08 +116 -2: C:/Users/kimro/Documents/Codex/Club Blackout Android Android/test/whore_deflection_test.dart: Whore deflection saves the Whore from being voted out
DEBUG ClubBlackout: [GameEngine] Adding player: Dealer1
INFO ClubBlackout: [GameEngine] Player added: Dealer1 as The Dealer
DEBUG ClubBlackout: [GameEngine] Adding player: Whore1
INFO ClubBlackout: [GameEngine] Player added: Whore1 as The Whore
DEBUG ClubBlackout: [GameEngine] Adding player: PA1
INFO ClubBlackout: [GameEngine] Player added: PA1 as The Party Animal
DEBUG ClubBlackout: [GameEngine] Adding player: WF1
INFO ClubBlackout: [GameEngine] Player added: WF1 as The Wallflower
00:08 +117 -2: C:/Users/kimro/Documents/Codex/Club Blackout Android Android/test/whore_deflection_test.dart: Whore deflection does NOT trigger if a Party Animal is voted out
DEBUG ClubBlackout: [GameEngine] Adding player: Dealer1
INFO ClubBlackout: [GameEngine] Player added: Dealer1 as The Dealer
DEBUG ClubBlackout: [GameEngine] Adding player: Whore1
INFO ClubBlackout: [GameEngine] Player added: Whore1 as The Whore
DEBUG ClubBlackout: [GameEngine] Adding player: PA1
INFO ClubBlackout: [GameEngine] Player added: PA1 as The Party Animal
DEBUG ClubBlackout: [GameEngine] Adding player: WF1
INFO ClubBlackout: [GameEngine] Player added: WF1 as The Wallflower
00:08 +118 -2: C:/Users/kimro/Documents/Codex/Club Blackout Android Android/test/whore_deflection_test.dart: Whore is only asked to pick once (no repeat prompt on later nights)
DEBUG ClubBlackout: [GameEngine] Adding player: Dealer1
INFO ClubBlackout: [GameEngine] Player added: Dealer1 as The Dealer
DEBUG ClubBlackout: [GameEngine] Adding player: Whore1
INFO ClubBlackout: [GameEngine] Player added: Whore1 as The Whore
DEBUG ClubBlackout: [GameEngine] Adding player: PA1
INFO ClubBlackout: [GameEngine] Player added: PA1 as The Party Animal
DEBUG ClubBlackout: [GameEngine] Adding player: WF1
INFO ClubBlackout: [GameEngine] Player added: WF1 as The Wallflower
00:08 +119 -2: C:/Users/kimro/Documents/Codex/Club Blackout Android Android/test/whore_save_load_test.dart: save/load persists Whore deflection target
00:08 +119 -2: C:/Users/kimro/Documents/Codex/Club Blackout Android Android/test/whore_deflection_test.dart: Whore prompt returns if a new player becomes Whore (Creep inheritance)
DEBUG ClubBlackout: [GameEngine] Adding player: Dealer1
INFO ClubBlackout: [GameEngine] Player added: Dealer1 as The Dealer
DEBUG ClubBlackout: [GameEngine] Adding player: Whore1
INFO ClubBlackout: [GameEngine] Player added: Whore1 as The Whore
DEBUG ClubBlackout: [GameEngine] Adding player: PA1
INFO ClubBlackout: [GameEngine] Player added: PA1 as The Party Animal
DEBUG ClubBlackout: [GameEngine] Adding player: WF1
INFO ClubBlackout: [GameEngine] Player added: WF1 as The Wallflower
DEBUG ClubBlackout: [GameEngine] Adding player: Dealer1
INFO ClubBlackout: [GameEngine] Player added: Dealer1 as The Dealer
DEBUG ClubBlackout: [GameEngine] Adding player: Whore1
INFO ClubBlackout: [GameEngine] Player added: Whore1 as The Whore
DEBUG ClubBlackout: [GameEngine] Adding player: Creep1
INFO ClubBlackout: [GameEngine] Player added: Creep1 as The Creep
DEBUG ClubBlackout: [GameEngine] Adding player: WF1
INFO ClubBlackout: [GameEngine] Player added: WF1 as The Wallflower
00:08 +120 -2: C:/Users/kimro/Documents/Codex/Club Blackout Android Android/test/whore_save_load_test.dart: save/load persists Whore deflection target
DEBUG ClubBlackout: [GameEngine] Adding player: Whore1
INFO ClubBlackout: [GameEngine] Player added: Whore1 as The Whore
DEBUG ClubBlackout: [GameEngine] Adding player: PA1
INFO ClubBlackout: [GameEngine] Player added: PA1 as The Party Animal
DEBUG ClubBlackout: [GameEngine] Adding player: PA2
INFO ClubBlackout: [GameEngine] Player added: PA2 as The Party Animal
DEBUG ClubBlackout: [GameEngine] Adding player: PA3
INFO ClubBlackout: [GameEngine] Player added: PA3 as The Party Animal
00:08 +121 -2: C:/Users/kimro/Documents/Codex/Club Blackout Android Android/test/whore_test.dart: The Whore Scenarios Whore deflection saves a Dealer from being voted out
DEBUG ClubBlackout: [GameEngine] Adding player: Dealer1
INFO ClubBlackout: [GameEngine] Player added: Dealer1 as The Dealer
DEBUG ClubBlackout: [GameEngine] Adding player: Whore1
INFO ClubBlackout: [GameEngine] Player added: Whore1 as The Whore
DEBUG ClubBlackout: [GameEngine] Adding player: PA1
INFO ClubBlackout: [GameEngine] Player added: PA1 as The Party Animal
DEBUG ClubBlackout: [GameEngine] Adding player: WF1
INFO ClubBlackout: [GameEngine] Player added: WF1 as The Wallflower
00:09 +122 -2: C:/Users/kimro/Documents/Codex/Club Blackout Android Android/test/whore_test.dart: The Whore Scenarios Whore deflection saves the Whore from being voted out
DEBUG ClubBlackout: [GameEngine] Adding player: Dealer1
INFO ClubBlackout: [GameEngine] Player added: Dealer1 as The Dealer
DEBUG ClubBlackout: [GameEngine] Adding player: Whore1
INFO ClubBlackout: [GameEngine] Player added: Whore1 as The Whore
DEBUG ClubBlackout: [GameEngine] Adding player: PA1
INFO ClubBlackout: [GameEngine] Player added: PA1 as The Party Animal
DEBUG ClubBlackout: [GameEngine] Adding player: WF1
INFO ClubBlackout: [GameEngine] Player added: WF1 as The Wallflower
00:09 +123 -2: C:/Users/kimro/Documents/Codex/Club Blackout Android Android/test/widget_test.dart: recommendedDealerCount matches 6/10/+4 rule
00:09 +124 -2: Some tests failed.
